Component: ARM Compiler 5.06 update 7 (build 960) Tool: armlink [4d3601]

==============================================================================

Section Cross References

    startup_stm32f407xx.o(RESET) refers to startup_stm32f407xx.o(STACK) for __initial_sp
    startup_stm32f407xx.o(RESET) refers to startup_stm32f407xx.o(.text) for Reset_Handler
    startup_stm32f407xx.o(RESET) refers to stm32f4xx_it.o(i.NMI_Handler) for NMI_Handler
    startup_stm32f407xx.o(RESET) refers to stm32f4xx_it.o(i.HardFault_Handler) for HardFault_Handler
    startup_stm32f407xx.o(RESET) refers to stm32f4xx_it.o(i.MemManage_Handler) for MemManage_Handler
    startup_stm32f407xx.o(RESET) refers to stm32f4xx_it.o(i.BusFault_Handler) for BusFault_Handler
    startup_stm32f407xx.o(RESET) refers to stm32f4xx_it.o(i.UsageFault_Handler) for UsageFault_Handler
    startup_stm32f407xx.o(RESET) refers to port.o(.emb_text) for SVC_Handler
    startup_stm32f407xx.o(RESET) refers to stm32f4xx_it.o(i.DebugMon_Handler) for DebugMon_Handler
    startup_stm32f407xx.o(RESET) refers to stm32f4xx_it.o(i.SysTick_Handler) for SysTick_Handler
    startup_stm32f407xx.o(RESET) refers to stm32f4xx_it.o(i.EXTI0_IRQHandler) for EXTI0_IRQHandler
    startup_stm32f407xx.o(RESET) refers to stm32f4xx_it.o(i.EXTI3_IRQHandler) for EXTI3_IRQHandler
    startup_stm32f407xx.o(RESET) refers to stm32f4xx_it.o(i.EXTI4_IRQHandler) for EXTI4_IRQHandler
    startup_stm32f407xx.o(RESET) refers to stm32f4xx_it.o(i.CAN1_RX0_IRQHandler) for CAN1_RX0_IRQHandler
    startup_stm32f407xx.o(RESET) refers to stm32f4xx_it.o(i.EXTI9_5_IRQHandler) for EXTI9_5_IRQHandler
    startup_stm32f407xx.o(RESET) refers to vision.o(i.USART1_IRQHandler) for USART1_IRQHandler
    startup_stm32f407xx.o(RESET) refers to remote_control.o(i.USART3_IRQHandler) for USART3_IRQHandler
    startup_stm32f407xx.o(RESET) refers to bsp_i2c.o(i.DMA1_Stream7_IRQHandler) for DMA1_Stream7_IRQHandler
    startup_stm32f407xx.o(RESET) refers to stm32f4xx_it.o(i.DMA2_Stream1_IRQHandler) for DMA2_Stream1_IRQHandler
    startup_stm32f407xx.o(RESET) refers to ins_task.o(i.DMA2_Stream2_IRQHandler) for DMA2_Stream2_IRQHandler
    startup_stm32f407xx.o(RESET) refers to stm32f4xx_it.o(i.CAN2_RX0_IRQHandler) for CAN2_RX0_IRQHandler
    startup_stm32f407xx.o(RESET) refers to stm32f4xx_it.o(i.OTG_FS_IRQHandler) for OTG_FS_IRQHandler
    startup_stm32f407xx.o(RESET) refers to stm32f4xx_it.o(i.DMA2_Stream6_IRQHandler) for DMA2_Stream6_IRQHandler
    startup_stm32f407xx.o(RESET) refers to stm32f4xx_it.o(i.DMA2_Stream7_IRQHandler) for DMA2_Stream7_IRQHandler
    startup_stm32f407xx.o(RESET) refers to referee_usart_task.o(i.USART6_IRQHandler) for USART6_IRQHandler
    startup_stm32f407xx.o(.text) refers to system_stm32f4xx.o(i.SystemInit) for SystemInit
    startup_stm32f407xx.o(.text) refers to entry.o(.ARM.Collect$$$$00000000) for __main
    main.o(i.SystemClock_Config) refers to memseta.o(.text) for __aeabi_memclr4
    main.o(i.SystemClock_Config) refers to stm32f4xx_hal_rcc.o(i.HAL_RCC_OscConfig) for HAL_RCC_OscConfig
    main.o(i.SystemClock_Config) refers to main.o(i.Error_Handler) for Error_Handler
    main.o(i.SystemClock_Config) refers to stm32f4xx_hal_rcc.o(i.HAL_RCC_ClockConfig) for HAL_RCC_ClockConfig
    main.o(i.SystemClock_Config) refers to stm32f4xx_hal_rcc_ex.o(i.HAL_RCCEx_PeriphCLKConfig) for HAL_RCCEx_PeriphCLKConfig
    main.o(i.main) refers to stm32f4xx_hal.o(i.HAL_Init) for HAL_Init
    main.o(i.main) refers to main.o(i.SystemClock_Config) for SystemClock_Config
    main.o(i.main) refers to gpio.o(i.MX_GPIO_Init) for MX_GPIO_Init
    main.o(i.main) refers to dma.o(i.MX_DMA_Init) for MX_DMA_Init
    main.o(i.main) refers to adc.o(i.MX_ADC1_Init) for MX_ADC1_Init
    main.o(i.main) refers to adc.o(i.MX_ADC3_Init) for MX_ADC3_Init
    main.o(i.main) refers to can.o(i.MX_CAN1_Init) for MX_CAN1_Init
    main.o(i.main) refers to can.o(i.MX_CAN2_Init) for MX_CAN2_Init
    main.o(i.main) refers to i2c.o(i.MX_I2C1_Init) for MX_I2C1_Init
    main.o(i.main) refers to spi.o(i.MX_SPI1_Init) for MX_SPI1_Init
    main.o(i.main) refers to tim.o(i.MX_TIM4_Init) for MX_TIM4_Init
    main.o(i.main) refers to tim.o(i.MX_TIM5_Init) for MX_TIM5_Init
    main.o(i.main) refers to usart.o(i.MX_USART3_UART_Init) for MX_USART3_UART_Init
    main.o(i.main) refers to tim.o(i.MX_TIM8_Init) for MX_TIM8_Init
    main.o(i.main) refers to crc.o(i.MX_CRC_Init) for MX_CRC_Init
    main.o(i.main) refers to rng.o(i.MX_RNG_Init) for MX_RNG_Init
    main.o(i.main) refers to i2c.o(i.MX_I2C2_Init) for MX_I2C2_Init
    main.o(i.main) refers to i2c.o(i.MX_I2C3_Init) for MX_I2C3_Init
    main.o(i.main) refers to rtc.o(i.MX_RTC_Init) for MX_RTC_Init
    main.o(i.main) refers to spi.o(i.MX_SPI2_Init) for MX_SPI2_Init
    main.o(i.main) refers to tim.o(i.MX_TIM1_Init) for MX_TIM1_Init
    main.o(i.main) refers to tim.o(i.MX_TIM3_Init) for MX_TIM3_Init
    main.o(i.main) refers to tim.o(i.MX_TIM10_Init) for MX_TIM10_Init
[...]
    0x0800107e   0x0800107e   0x00000002   PAD
    0x08001080   0x08001080   0x00000014   Code   RO        10968    i.BMI088_GYRO_NS_H  bmi088middleware.o
    0x08001094   0x08001094   0x00000014   Code   RO        10969    i.BMI088_GYRO_NS_L  bmi088middleware.o
    0x080010a8   0x080010a8   0x00000090   Code   RO        10829    i.BMI088_accel_read_over  bmi088driver.o
    0x08001138   0x08001138   0x00000002   Code   RO        10970    i.BMI088_com_init   bmi088middleware.o
    0x0800113a   0x0800113a   0x0000000c   Code   RO        10971    i.BMI088_delay_ms   bmi088middleware.o
    0x08001146   0x08001146   0x0000000c   Code   RO        10972    i.BMI088_delay_us   bmi088middleware.o
    0x08001152   0x08001152   0x00000002   PAD
    0x08001154   0x08001154   0x00000068   Code   RO        10830    i.BMI088_gyro_read_over  bmi088driver.o
    0x080011bc   0x080011bc   0x00000034   Code   RO        10831    i.BMI088_init       bmi088driver.o
    0x080011f0   0x080011f0   0x0000017c   Code   RO        10832    i.BMI088_read       bmi088driver.o
    0x0800136c   0x0800136c   0x00000026   Code   RO        10835    i.BMI088_read_muli_reg  bmi088driver.o
    0x08001392   0x08001392   0x00000018   Code   RO        10836    i.BMI088_read_single_reg  bmi088driver.o
    0x080013aa   0x080013aa   0x00000002   PAD
    0x080013ac   0x080013ac   0x00000020   Code   RO        10973    i.BMI088_read_write_byte  bmi088middleware.o
    0x080013cc   0x080013cc   0x00000034   Code   RO        10837    i.BMI088_temperature_read_over  bmi088driver.o
    0x08001400   0x08001400   0x00000014   Code   RO        10838    i.BMI088_write_single_reg  bmi088driver.o
    0x08001414   0x08001414   0x00000004   Code   RO         1531    i.BusFault_Handler  stm32f4xx_it.o
    0x08001418   0x08001418   0x00000010   Code   RO         1532    i.CAN1_RX0_IRQHandler  stm32f4xx_it.o
    0x08001428   0x08001428   0x00000010   Code   RO         1533    i.CAN2_RX0_IRQHandler  stm32f4xx_it.o
    0x08001438   0x08001438   0x00000050   Code   RO         9310    i.CAN_cmd_chassis   can_receive.o
    0x08001488   0x08001488   0x00000044   Code   RO         9311    i.CAN_cmd_chassis_reset_ID  can_receive.o
    0x080014cc   0x080014cc   0x00000050   Code   RO         9312    i.CAN_cmd_gimbal    can_receive.o
    0x0800151c   0x0800151c   0x00000044   Code   RO         1479    i.CDC_Control_FS    usbd_cdc_if.o
    0x08001560   0x08001560   0x00000004   Code   RO         1480    i.CDC_DeInit_FS     usbd_cdc_if.o
    0x08001564   0x08001564   0x00000024   Code   RO         1481    i.CDC_Init_FS       usbd_cdc_if.o
    0x08001588   0x08001588   0x0000001c   Code   RO         1482    i.CDC_Receive_FS    usbd_cdc_if.o
    0x080015a4   0x080015a4   0x00000038   Code   RO         1483    i.CDC_Transmit_FS   usbd_cdc_if.o
    0x080015dc   0x080015dc   0x0000007c   Code   RO         8889    i.DMA1_Stream7_IRQHandler  bsp_i2c.o
    0x08001658   0x08001658   0x00000010   Code   RO         1534    i.DMA2_Stream1_IRQHandler  stm32f4xx_it.o
    0x08001668   0x08001668   0x000000d0   Code   RO        10017    i.DMA2_Stream2_IRQHandler  ins_task.o
    0x08001738   0x08001738   0x00000010   Code   RO         1535    i.DMA2_Stream6_IRQHandler  stm32f4xx_it.o
    0x08001748   0x08001748   0x00000010   Code   RO         1536    i.DMA2_Stream7_IRQHandler  stm32f4xx_it.o
    0x08001758   0x08001758   0x00000034   Code   RO         5868    i.DMA_CalcBaseAndBitshift  stm32f4xx_hal_dma.o
    0x0800178c   0x0800178c   0x000000aa   Code   RO         5869    i.DMA_CheckFifoParam  stm32f4xx_hal_dma.o
    0x08001836   0x08001836   0x00000002   Code   RO         1537    i.DebugMon_Handler  stm32f4xx_it.o
    0x08001838   0x08001838   0x0000000a   Code   RO         1538    i.EXTI0_IRQHandler  stm32f4xx_it.o
    0x08001842   0x08001842   0x0000000a   Code   RO         1539    i.EXTI3_IRQHandler  stm32f4xx_it.o
    0x0800184c   0x0800184c   0x0000000a   Code   RO         1540    i.EXTI4_IRQHandler  stm32f4xx_it.o
    0x08001856   0x08001856   0x0000000a   Code   RO         1541    i.EXTI9_5_IRQHandler  stm32f4xx_it.o
    0x08001860   0x08001860   0x00000002   Code   RO           13    i.Error_Handler     main.o
    0x08001862   0x08001862   0x00000002   PAD
    0x08001864   0x08001864   0x0000005c   Code   RO         5638    i.FLASH_Erase_Sector  stm32f4xx_hal_flash_ex.o
    0x080018c0   0x080018c0   0x00000078   Code   RO         5639    i.FLASH_FlushCaches  stm32f4xx_hal_flash_ex.o
    0x08001938   0x08001938   0x00000030   Code   RO         5640    i.FLASH_MassErase   stm32f4xx_hal_flash_ex.o
    0x08001968   0x08001968   0x00000024   Code   RO         5520    i.FLASH_Program_Byte  stm32f4xx_hal_flash.o
    0x0800198c   0x0800198c   0x0000002c   Code   RO         5521    i.FLASH_Program_DoubleWord  stm32f4xx_hal_flash.o
    0x080019b8   0x080019b8   0x00000028   Code   RO         5522    i.FLASH_Program_HalfWord  stm32f4xx_hal_flash.o
    0x080019e0   0x080019e0   0x00000028   Code   RO         5523    i.FLASH_Program_Word  stm32f4xx_hal_flash.o
    0x08001a08   0x08001a08   0x00000098   Code   RO         5524    i.FLASH_SetErrorCode  stm32f4xx_hal_flash.o
    0x08001aa0   0x08001aa0   0x00000064   Code   RO         5525    i.FLASH_WaitForLastOperation  stm32f4xx_hal_flash.o
    0x08001b04   0x08001b04   0x00000034   Code   RO         1389    i.Get_SerialNum     usbd_desc.o
    0x08001b38   0x08001b38   0x0000018c   Code   RO         2260    i.HAL_ADC_ConfigChannel  stm32f4xx_hal_adc.o
    0x08001cc4   0x08001cc4   0x00000008   Code   RO         2267    i.HAL_ADC_GetValue  stm32f4xx_hal_adc.o
    0x08001ccc   0x08001ccc   0x00000068   Code   RO         2269    i.HAL_ADC_Init      stm32f4xx_hal_adc.o
    0x08001d34   0x08001d34   0x000000ac   Code   RO          508    i.HAL_ADC_MspInit   adc.o
    0x08001de0   0x08001de0   0x000000c2   Code   RO         2273    i.HAL_ADC_PollForConversion  stm32f4xx_hal_adc.o
    0x08001ea2   0x08001ea2   0x00000002   PAD
    0x08001ea4   0x08001ea4   0x0000013c   Code   RO         2275    i.HAL_ADC_Start     stm32f4xx_hal_adc.o
    0x08001fe0   0x08001fe0   0x0000002a   Code   RO         2531    i.HAL_CAN_ActivateNotification  stm32f4xx_hal_can.o
    0x0800200a   0x0800200a   0x00000156   Code   RO         2532    i.HAL_CAN_AddTxMessage  stm32f4xx_hal_can.o
    0x08002160   0x08002160   0x00000124   Code   RO         2533    i.HAL_CAN_ConfigFilter  stm32f4xx_hal_can.o
    0x08002284   0x08002284   0x00000002   Code   RO         2536    i.HAL_CAN_ErrorCallback  stm32f4xx_hal_can.o
    0x08002286   0x08002286   0x0000017c   Code   RO         2539    i.HAL_CAN_GetRxMessage  stm32f4xx_hal_can.o
    0x08002402   0x08002402   0x0000024e   Code   RO         2543    i.HAL_CAN_IRQHandler  stm32f4xx_hal_can.o
    0x08002650   0x08002650   0x00000174   Code   RO         2544    i.HAL_CAN_Init      stm32f4xx_hal_can.o
    0x080027c4   0x080027c4   0x00000160   Code   RO          556    i.HAL_CAN_MspInit   can.o
    0x08002924   0x08002924   0x00000002   Code   RO         2551    i.HAL_CAN_RxFifo0FullCallback  stm32f4xx_hal_can.o
    0x08002926   0x08002926   0x00000002   PAD
    0x08002928   0x08002928   0x000000dc   Code   RO         9313    i.HAL_CAN_RxFifo0MsgPendingCallback  can_receive.o
    0x08002a04   0x08002a04   0x00000002   Code   RO         2553    i.HAL_CAN_RxFifo1FullCallback  stm32f4xx_hal_can.o
    0x08002a06   0x08002a06   0x00000002   Code   RO         2554    i.HAL_CAN_RxFifo1MsgPendingCallback  stm32f4xx_hal_can.o
    0x08002a08   0x08002a08   0x00000002   Code   RO         2555    i.HAL_CAN_SleepCallback  stm32f4xx_hal_can.o
    0x08002a0a   0x08002a0a   0x0000005e   Code   RO         2556    i.HAL_CAN_Start     stm32f4xx_hal_can.o
    0x08002a68   0x08002a68   0x00000002   Code   RO         2558    i.HAL_CAN_TxMailbox0AbortCallback  stm32f4xx_hal_can.o
    0x08002a6a   0x08002a6a   0x00000002   Code   RO         2559    i.HAL_CAN_TxMailbox0CompleteCallback  stm32f4xx_hal_can.o
    0x08002a6c   0x08002a6c   0x00000002   Code   RO         2560    i.HAL_CAN_TxMailbox1AbortCallback  stm32f4xx_hal_can.o
    0x08002a6e   0x08002a6e   0x00000002   Code   RO         2561    i.HAL_CAN_TxMailbox1CompleteCallback  stm32f4xx_hal_can.o
    0x08002a70   0x08002a70   0x00000002   Code   RO         2562    i.HAL_CAN_TxMailbox2AbortCallback  stm32f4xx_hal_can.o
    0x08002a72   0x08002a72   0x00000002   Code   RO         2563    i.HAL_CAN_TxMailbox2CompleteCallback  stm32f4xx_hal_can.o
    0x08002a74   0x08002a74   0x00000002   Code   RO         2565    i.HAL_CAN_WakeUpFromRxMsgCallback  stm32f4xx_hal_can.o
    0x08002a76   0x08002a76   0x00000024   Code   RO         2768    i.HAL_CRC_Init      stm32f4xx_hal_crc.o
    0x08002a9a   0x08002a9a   0x00000002   PAD
    0x08002a9c   0x08002a9c   0x00000034   Code   RO          605    i.HAL_CRC_MspInit   crc.o
    0x08002ad0   0x08002ad0   0x00000240   Code   RO         5876    i.HAL_DMA_IRQHandler  stm32f4xx_hal_dma.o
    0x08002d10   0x08002d10   0x000000ec   Code   RO         5877    i.HAL_DMA_Init      stm32f4xx_hal_dma.o
    0x08002dfc   0x08002dfc   0x00000028   Code   RO         6295    i.HAL_Delay         stm32f4xx_hal.o
    0x08002e24   0x08002e24   0x000000ac   Code   RO         5650    i.HAL_FLASHEx_Erase  stm32f4xx_hal_flash_ex.o
    0x08002ed0   0x08002ed0   0x00000014   Code   RO         5529    i.HAL_FLASH_Lock    stm32f4xx_hal_flash.o
    0x08002ee4   0x08002ee4   0x00000098   Code   RO         5534    i.HAL_FLASH_Program  stm32f4xx_hal_flash.o
    0x08002f7c   0x08002f7c   0x00000034   Code   RO         5536    i.HAL_FLASH_Unlock  stm32f4xx_hal_flash.o
    0x08002fb0   0x08002fb0   0x000000b8   Code   RO        10018    i.HAL_GPIO_EXTI_Callback  ins_task.o
    0x08003068   0x08003068   0x0000001c   Code   RO         5763    i.HAL_GPIO_EXTI_IRQHandler  stm32f4xx_hal_gpio.o
    0x08003084   0x08003084   0x00000200   Code   RO         5764    i.HAL_GPIO_Init     stm32f4xx_hal_gpio.o
    0x08003284   0x08003284   0x00000010   Code   RO         5766    i.HAL_GPIO_ReadPin  stm32f4xx_hal_gpio.o
    0x08003294   0x08003294   0x0000000c   Code   RO         5768    i.HAL_GPIO_WritePin  stm32f4xx_hal_gpio.o
    0x080032a0   0x080032a0   0x0000000c   Code   RO         6301    i.HAL_GetTick       stm32f4xx_hal.o
    0x080032ac   0x080032ac   0x000001b8   Code   RO         2835    i.HAL_I2C_Init      stm32f4xx_hal_i2c.o
    0x08003464   0x08003464   0x00000170   Code   RO         2848    i.HAL_I2C_Master_Transmit  stm32f4xx_hal_i2c.o
    0x080035d4   0x080035d4   0x000002f4   Code   RO         2853    i.HAL_I2C_Mem_Read  stm32f4xx_hal_i2c.o
    0x080038c8   0x080038c8   0x00000164   Code   RO         2856    i.HAL_I2C_Mem_Write  stm32f4xx_hal_i2c.o
    0x08003a2c   0x08003a2c   0x00000208   Code   RO          820    i.HAL_I2C_MspInit   i2c.o
    0x08003c34   0x08003c34   0x00000018   Code   RO         6307    i.HAL_IncTick       stm32f4xx_hal.o
    0x08003c4c   0x08003c4c   0x0000003c   Code   RO         6308    i.HAL_Init          stm32f4xx_hal.o
    0x08003c88   0x08003c88   0x0000004c   Code   RO         6309    i.HAL_InitTick      stm32f4xx_hal.o
    0x08003cd4   0x08003cd4   0x00000054   Code   RO         1658    i.HAL_MspInit       stm32f4xx_hal_msp.o
    0x08003d28   0x08003d28   0x00000020   Code   RO         6153    i.HAL_NVIC_EnableIRQ  stm32f4xx_hal_cortex.o
    0x08003d48   0x08003d48   0x0000007c   Code   RO         6159    i.HAL_NVIC_SetPriority  stm32f4xx_hal_cortex.o
    0x08003dc4   0x08003dc4   0x00000028   Code   RO         6160    i.HAL_NVIC_SetPriorityGrouping  stm32f4xx_hal_cortex.o
    0x08003dec   0x08003dec   0x00000002   Code   RO         1908    i.HAL_PCDEx_LPM_Callback  stm32f4xx_hal_pcd_ex.o
    0x08003dee   0x08003dee   0x0000000a   Code   RO         1909    i.HAL_PCDEx_SetRxFiFo  stm32f4xx_hal_pcd_ex.o
    0x08003df8   0x08003df8   0x0000004e   Code   RO         1910    i.HAL_PCDEx_SetTxFiFo  stm32f4xx_hal_pcd_ex.o
    0x08003e46   0x08003e46   0x0000000e   Code   RO         1194    i.HAL_PCD_ConnectCallback  usbd_conf.o
    0x08003e54   0x08003e54   0x00000020   Code   RO         1195    i.HAL_PCD_DataInStageCallback  usbd_conf.o
    0x08003e74   0x08003e74   0x00000020   Code   RO         1196    i.HAL_PCD_DataOutStageCallback  usbd_conf.o
    0x08003e94   0x08003e94   0x0000000e   Code   RO         1197    i.HAL_PCD_DisconnectCallback  usbd_conf.o
    0x08003ea2   0x08003ea2   0x0000006a   Code   RO         1691    i.HAL_PCD_EP_Close  stm32f4xx_hal_pcd.o
    0x08003f0c   0x08003f0c   0x0000007c   Code   RO         1692    i.HAL_PCD_EP_ClrStall  stm32f4xx_hal_pcd.o
    0x08003f88   0x08003f88   0x00000016   Code   RO         1694    i.HAL_PCD_EP_GetRxCount  stm32f4xx_hal_pcd.o
    0x08003f9e   0x08003f9e   0x0000008c   Code   RO         1695    i.HAL_PCD_EP_Open   stm32f4xx_hal_pcd.o
    0x0800402a   0x0800402a   0x00000058   Code   RO         1696    i.HAL_PCD_EP_Receive  stm32f4xx_hal_pcd.o
    0x08004082   0x08004082   0x0000008a   Code   RO         1697    i.HAL_PCD_EP_SetStall  stm32f4xx_hal_pcd.o
    0x0800410c   0x0800410c   0x0000005a   Code   RO         1698    i.HAL_PCD_EP_Transmit  stm32f4xx_hal_pcd.o
    0x08004166   0x08004166   0x0000053e   Code   RO         1700    i.HAL_PCD_IRQHandler  stm32f4xx_hal_pcd.o
    0x080046a4   0x080046a4   0x00000012   Code   RO         1198    i.HAL_PCD_ISOINIncompleteCallback  usbd_conf.o
    0x080046b6   0x080046b6   0x00000012   Code   RO         1199    i.HAL_PCD_ISOOUTIncompleteCallback  usbd_conf.o
    0x080046c8   0x080046c8   0x00000166   Code   RO         1703    i.HAL_PCD_Init      stm32f4xx_hal_pcd.o
    0x0800482e   0x0800482e   0x00000002   PAD
    0x08004830   0x08004830   0x000000a8   Code   RO         1201    i.HAL_PCD_MspInit   usbd_conf.o
    0x080048d8   0x080048d8   0x00000030   Code   RO         1202    i.HAL_PCD_ResetCallback  usbd_conf.o
    0x08004908   0x08004908   0x0000000e   Code   RO         1203    i.HAL_PCD_ResumeCallback  usbd_conf.o
    0x08004916   0x08004916   0x0000000e   Code   RO         1204    i.HAL_PCD_SOFCallback  usbd_conf.o
    0x08004924   0x08004924   0x00000036   Code   RO         1709    i.HAL_PCD_SetAddress  stm32f4xx_hal_pcd.o
    0x0800495a   0x0800495a   0x00000012   Code   RO         1205    i.HAL_PCD_SetupStageCallback  usbd_conf.o
    0x0800496c   0x0800496c   0x0000004a   Code   RO         1711    i.HAL_PCD_Start     stm32f4xx_hal_pcd.o
    0x080049b6   0x080049b6   0x00000002   PAD
    0x080049b8   0x080049b8   0x00000034   Code   RO         1206    i.HAL_PCD_SuspendCallback  usbd_conf.o
    0x080049ec   0x080049ec   0x000001a0   Code   RO         5470    i.HAL_RCCEx_PeriphCLKConfig  stm32f4xx_hal_rcc_ex.o
    0x08004b8c   0x08004b8c   0x00000180   Code   RO         5365    i.HAL_RCC_ClockConfig  stm32f4xx_hal_rcc.o
    0x08004d0c   0x08004d0c   0x0000000c   Code   RO         5370    i.HAL_RCC_GetHCLKFreq  stm32f4xx_hal_rcc.o
    0x08004d18   0x08004d18   0x00000020   Code   RO         5372    i.HAL_RCC_GetPCLK1Freq  stm32f4xx_hal_rcc.o
    0x08004d38   0x08004d38   0x00000020   Code   RO         5373    i.HAL_RCC_GetPCLK2Freq  stm32f4xx_hal_rcc.o
    0x08004d58   0x08004d58   0x000000b0   Code   RO         5374    i.HAL_RCC_GetSysClockFreq  stm32f4xx_hal_rcc.o
    0x08004e08   0x08004e08   0x00000448   Code   RO         5377    i.HAL_RCC_OscConfig  stm32f4xx_hal_rcc.o
    0x08005250   0x08005250   0x00000034   Code   RO         3313    i.HAL_RNG_Init      stm32f4xx_hal_rng.o
    0x08005284   0x08005284   0x00000034   Code   RO          874    i.HAL_RNG_MspInit   rng.o
    0x080052b8   0x080052b8   0x000000d8   Code   RO         3414    i.HAL_RTC_Init      stm32f4xx_hal_rtc.o
    0x08005390   0x08005390   0x00000018   Code   RO          916    i.HAL_RTC_MspInit   rtc.o
    0x080053a8   0x080053a8   0x0000003a   Code   RO         3422    i.HAL_RTC_WaitForSynchro  stm32f4xx_hal_rtc.o
    0x080053e2   0x080053e2   0x0000008c   Code   RO         3783    i.HAL_SPI_Init      stm32f4xx_hal_spi.o
    0x0800546e   0x0800546e   0x00000002   PAD
    0x08005470   0x08005470   0x000001cc   Code   RO          958    i.HAL_SPI_MspInit   spi.o
    0x0800563c   0x0800563c   0x0000022a   Code   RO         3792    i.HAL_SPI_TransmitReceive  stm32f4xx_hal_spi.o
    0x08005866   0x08005866   0x00000034   Code   RO         6164    i.HAL_SYSTICK_Config  stm32f4xx_hal_cortex.o
    0x0800589a   0x0800589a   0x00000074   Code   RO         4785    i.HAL_TIMEx_ConfigBreakDeadTime  stm32f4xx_hal_tim_ex.o
    0x0800590e   0x0800590e   0x00000054   Code   RO         4800    i.HAL_TIMEx_MasterConfigSynchronization  stm32f4xx_hal_tim_ex.o
    0x08005962   0x08005962   0x00000034   Code   RO         4096    i.HAL_TIM_Base_Init  stm32f4xx_hal_tim.o
    0x08005996   0x08005996   0x00000002   PAD
    0x08005998   0x08005998   0x0000011c   Code   RO         1006    i.HAL_TIM_Base_MspInit  tim.o
    0x08005ab4   0x08005ab4   0x0000002a   Code   RO         4099    i.HAL_TIM_Base_Start  stm32f4xx_hal_tim.o
    0x08005ade   0x08005ade   0x00000108   Code   RO         4105    i.HAL_TIM_ConfigClockSource  stm32f4xx_hal_tim.o
    0x08005be6   0x08005be6   0x00000002   PAD
    0x08005be8   0x08005be8   0x000002c0   Code   RO         1007    i.HAL_TIM_MspPostInit  tim.o
    0x08005ea8   0x08005ea8   0x00000108   Code   RO         4163    i.HAL_TIM_PWM_ConfigChannel  stm32f4xx_hal_tim.o
    0x08005fb0   0x08005fb0   0x00000034   Code   RO         4166    i.HAL_TIM_PWM_Init  stm32f4xx_hal_tim.o
    0x08005fe4   0x08005fe4   0x00000002   Code   RO         4168    i.HAL_TIM_PWM_MspInit  stm32f4xx_hal_tim.o
    0x08005fe6   0x08005fe6   0x00000002   PAD
    0x08005fe8   0x08005fe8   0x00000058   Code   RO         4171    i.HAL_TIM_PWM_Start  stm32f4xx_hal_tim.o
    0x08006040   0x08006040   0x00000072   Code   RO         5058    i.HAL_UART_Init     stm32f4xx_hal_uart.o
    0x080060b2   0x080060b2   0x00000002   PAD
    0x080060b4   0x080060b4   0x00000300   Code   RO         1084    i.HAL_UART_MspInit  usart.o
    0x080063b4   0x080063b4   0x00000004   Code   RO         1542    i.HardFault_Handler  stm32f4xx_it.o
    0x080063b8   0x080063b8   0x00000020   Code   RO         8890    i.I2C2_DMA_transmit  bsp_i2c.o
    0x080063d8   0x080063d8   0x000000c0   Code   RO         8891    i.I2C2_tx_DMA_enable  bsp_i2c.o
    0x08006498   0x08006498   0x000000c0   Code   RO         8892    i.I2C2_tx_DMA_init  bsp_i2c.o
    0x08006558   0x08006558   0x0000003e   Code   RO         2878    i.I2C_IsAcknowledgeFailed  stm32f4xx_hal_i2c.o
    0x08006596   0x08006596   0x00000002   PAD
    0x08006598   0x08006598   0x000000ac   Code   RO         2882    i.I2C_MasterRequestWrite  stm32f4xx_hal_i2c.o
    0x08006644   0x08006644   0x00000138   Code   RO         2888    i.I2C_RequestMemoryRead  stm32f4xx_hal_i2c.o
    0x0800677c   0x0800677c   0x000000cc   Code   RO         2889    i.I2C_RequestMemoryWrite  stm32f4xx_hal_i2c.o
    0x08006848   0x08006848   0x000000fc   Code   RO         8893    i.I2C_TX_DMA_START  bsp_i2c.o
    0x08006944   0x08006944   0x0000005c   Code   RO         2897    i.I2C_WaitOnBTFFlagUntilTimeout  stm32f4xx_hal_i2c.o
    0x080069a0   0x080069a0   0x00000086   Code   RO         2898    i.I2C_WaitOnFlagUntilTimeout  stm32f4xx_hal_i2c.o
    0x08006a26   0x08006a26   0x000000c4   Code   RO         2899    i.I2C_WaitOnMasterAddressFlagUntilTimeout  stm32f4xx_hal_i2c.o
    0x08006aea   0x08006aea   0x00000080   Code   RO         2900    i.I2C_WaitOnRXNEFlagUntilTimeout  stm32f4xx_hal_i2c.o
    0x08006b6a   0x08006b6a   0x0000005c   Code   RO         2902    i.I2C_WaitOnTXEFlagUntilTimeout  stm32f4xx_hal_i2c.o
    0x08006bc6   0x08006bc6   0x00000002   PAD
    0x08006bc8   0x08006bc8   0x0000007c   Code   RO        10019    i.INS_cali_gyro     ins_task.o
    0x08006c44   0x08006c44   0x00000048   Code   RO        10020    i.INS_set_cali_gyro  ins_task.o
    0x08006c8c   0x08006c8c   0x00000304   Code   RO        10021    i.INS_task          ins_task.o
    0x08006f90   0x08006f90   0x0000003e   Code   RO         1390    i.IntToUnicode      usbd_desc.o
    0x08006fce   0x08006fce   0x00000002   PAD
    0x08006fd0   0x08006fd0   0x00000014   Code   RO         9695    i.IsGimbalMotionless  gimbal_behaviour.o
    0x08006fe4   0x08006fe4   0x00000070   Code   RO          509    i.MX_ADC1_Init      adc.o
    0x08007054   0x08007054   0x00000070   Code   RO          510    i.MX_ADC3_Init      adc.o
    0x080070c4   0x080070c4   0x00000044   Code   RO          557    i.MX_CAN1_Init      can.o
    0x08007108   0x08007108   0x00000044   Code   RO          558    i.MX_CAN2_Init      can.o
    0x0800714c   0x0800714c   0x00000020   Code   RO          606    i.MX_CRC_Init       crc.o
    0x0800716c   0x0800716c   0x000000b8   Code   RO          646    i.MX_DMA_Init       dma.o
    0x08007224   0x08007224   0x0000015c   Code   RO          673    i.MX_FREERTOS_Init  freertos.o
    0x08007380   0x08007380   0x00000254   Code   RO          352    i.MX_GPIO_Init      gpio.o
    0x080075d4   0x080075d4   0x0000003c   Code   RO          821    i.MX_I2C1_Init      i2c.o
    0x08007610   0x08007610   0x0000003c   Code   RO          822    i.MX_I2C2_Init      i2c.o
    0x0800764c   0x0800764c   0x0000003c   Code   RO          823    i.MX_I2C3_Init      i2c.o
    0x08007688   0x08007688   0x00000020   Code   RO          875    i.MX_RNG_Init       rng.o
    0x080076a8   0x080076a8   0x00000034   Code   RO          917    i.MX_RTC_Init       rtc.o
    0x080076dc   0x080076dc   0x00000048   Code   RO          959    i.MX_SPI1_Init      spi.o
    0x08007724   0x08007724   0x00000048   Code   RO          960    i.MX_SPI2_Init      spi.o
    0x0800776c   0x0800776c   0x0000006c   Code   RO         1008    i.MX_TIM10_Init     tim.o
    0x080077d8   0x080077d8   0x0000010c   Code   RO         1009    i.MX_TIM1_Init      tim.o
    0x080078e4   0x080078e4   0x000000a4   Code   RO         1010    i.MX_TIM3_Init      tim.o
    0x08007988   0x08007988   0x000000a4   Code   RO         1011    i.MX_TIM4_Init      tim.o
    0x08007a2c   0x08007a2c   0x000000c4   Code   RO         1012    i.MX_TIM5_Init      tim.o
    0x08007af0   0x08007af0   0x000000ec   Code   RO         1013    i.MX_TIM8_Init      tim.o
    0x08007bdc   0x08007bdc   0x00000038   Code   RO         1085    i.MX_USART1_UART_Init  usart.o
    0x08007c14   0x08007c14   0x0000003c   Code   RO         1086    i.MX_USART3_UART_Init  usart.o
    0x08007c50   0x08007c50   0x00000038   Code   RO         1087    i.MX_USART6_UART_Init  usart.o
    0x08007c88   0x08007c88   0x0000004c   Code   RO         1137    i.MX_USB_DEVICE_Init  usb_device.o
    0x08007cd4   0x08007cd4   0x00000004   Code   RO         1543    i.MemManage_Handler  stm32f4xx_it.o
    0x08007cd8   0x08007cd8   0x00000002   Code   RO         1544    i.NMI_Handler       stm32f4xx_it.o
    0x08007cda   0x08007cda   0x00000002   PAD
    0x08007cdc   0x08007cdc   0x0000001c   Code   RO        10704    i.OLED_LOGO         oled.o
    0x08007cf8   0x08007cf8   0x00000010   Code   RO        10705    i.OLED_check_ack    oled.o
    0x08007d08   0x08007d08   0x0000002c   Code   RO        10706    i.OLED_com_reset    oled.o
    0x08007d34   0x08007d34   0x00000088   Code   RO        10710    i.OLED_draw_point   oled.o
    0x08007dbc   0x08007dbc   0x00000108   Code   RO        10711    i.OLED_init         oled.o
    0x08007ec4   0x08007ec4   0x00000054   Code   RO        10712    i.OLED_operate_gram  oled.o
    0x08007f18   0x08007f18   0x00000040   Code   RO        10713    i.OLED_printf       oled.o
    0x08007f58   0x08007f58   0x00000020   Code   RO        10714    i.OLED_refresh_gram  oled.o
    0x08007f78   0x08007f78   0x00000040   Code   RO        10715    i.OLED_set_pos      oled.o
    0x08007fb8   0x08007fb8   0x0000008c   Code   RO        10716    i.OLED_show_char    oled.o
    0x08008044   0x08008044   0x0000008a   Code   RO        10717    i.OLED_show_graphic  oled.o
    0x080080ce   0x080080ce   0x00000032   Code   RO        10718    i.OLED_show_string  oled.o
    0x08008100   0x08008100   0x00000010   Code   RO         1545    i.OTG_FS_IRQHandler  stm32f4xx_it.o
    0x08008110   0x08008110   0x0000008c   Code   RO         1714    i.PCD_EP_OutSetupPacket_int  stm32f4xx_hal_pcd.o
    0x0800819c   0x0800819c   0x00000180   Code   RO         1715    i.PCD_EP_OutXfrComplete_int  stm32f4xx_hal_pcd.o
    0x0800831c   0x0800831c   0x000000b6   Code   RO         1716    i.PCD_WriteEmptyTxFifo  stm32f4xx_hal_pcd.o
    0x080083d2   0x080083d2   0x00000002   PAD
    0x080083d4   0x080083d4   0x000001f0   Code   RO        11755    i.PID_calc          pid.o
    0x080085c4   0x080085c4   0x0000004c   Code   RO        11756    i.PID_clear         pid.o
    0x08008610   0x08008610   0x00000060   Code   RO        11757    i.PID_init          pid.o
    0x08008670   0x08008670   0x0000009c   Code   RO         9022    i.RC_Init           bsp_rc.o
    0x0800870c   0x0800870c   0x00000374   Code   RO         9199    i.RC_cmd_to_calibrate  calibrate_task.o
    0x08008a80   0x08008a80   0x00000050   Code   RO         9023    i.RC_restart        bsp_rc.o
    0x08008ad0   0x08008ad0   0x00000018   Code   RO         9024    i.RC_unable         bsp_rc.o
    0x08008ae8   0x08008ae8   0x0000003e   Code   RO         3425    i.RTC_EnterInitMode  stm32f4xx_hal_rtc.o
    0x08008b26   0x08008b26   0x00000002   PAD
    0x08008b28   0x08008b28   0x00000148   Code   RO         9094    i.SPI1_DMA_enable   bsp_spi.o
    0x08008c70   0x08008c70   0x00000180   Code   RO         9095    i.SPI1_DMA_init     bsp_spi.o
    0x08008df0   0x08008df0   0x0000006c   Code   RO         3821    i.SPI_EndRxTxTransaction  stm32f4xx_hal_spi.o
    0x08008e5c   0x08008e5c   0x000000a8   Code   RO         3826    i.SPI_WaitFlagStateUntilTimeout  stm32f4xx_hal_spi.o
    0x08008f04   0x08008f04   0x0000000c   Code   RO         1546    i.SysTick_Handler   stm32f4xx_it.o
    0x08008f10   0x08008f10   0x000000d4   Code   RO           14    i.SystemClock_Config  main.o
    0x08008fe4   0x08008fe4   0x00000064   Code   RO         6544    i.SystemInit        system_stm32f4xx.o
    0x08009048   0x08009048   0x000000d8   Code   RO         4184    i.TIM_Base_SetConfig  stm32f4xx_hal_tim.o
    0x08009120   0x08009120   0x00000022   Code   RO         4185    i.TIM_CCxChannelCmd  stm32f4xx_hal_tim.o
    0x08009142   0x08009142   0x00000016   Code   RO         4195    i.TIM_ETR_SetConfig  stm32f4xx_hal_tim.o
    0x08009158   0x08009158   0x00000012   Code   RO         4196    i.TIM_ITRx_SetConfig  stm32f4xx_hal_tim.o
    0x0800916a   0x0800916a   0x00000002   PAD
    0x0800916c   0x0800916c   0x00000070   Code   RO         4197    i.TIM_OC1_SetConfig  stm32f4xx_hal_tim.o
    0x080091dc   0x080091dc   0x0000007c   Code   RO         4198    i.TIM_OC2_SetConfig  stm32f4xx_hal_tim.o
    0x08009258   0x08009258   0x00000078   Code   RO         4199    i.TIM_OC3_SetConfig  stm32f4xx_hal_tim.o
    0x080092d0   0x080092d0   0x00000054   Code   RO         4200    i.TIM_OC4_SetConfig  stm32f4xx_hal_tim.o
    0x08009324   0x08009324   0x00000026   Code   RO         4202    i.TIM_TI1_ConfigInputStage  stm32f4xx_hal_tim.o
    0x0800934a   0x0800934a   0x00000028   Code   RO         4204    i.TIM_TI2_ConfigInputStage  stm32f4xx_hal_tim.o
    0x08009372   0x08009372   0x00000002   PAD
    0x08009374   0x08009374   0x00000368   Code   RO         5085    i.UART_SetConfig    stm32f4xx_hal_uart.o
    0x080096dc   0x080096dc   0x000000a0   Code   RO        10595    i.USART1_IRQHandler  vision.o
    0x0800977c   0x0800977c   0x00000140   Code   RO        10280    i.USART3_IRQHandler  remote_control.o
    0x080098bc   0x080098bc   0x00000128   Code   RO        10235    i.USART6_IRQHandler  referee_usart_task.o
    0x080099e4   0x080099e4   0x0000007c   Code   RO         8368    i.USBD_CDC_DataIn   usbd_cdc.o
    0x08009a60   0x08009a60   0x00000034   Code   RO         8369    i.USBD_CDC_DataOut  usbd_cdc.o
    0x08009a94   0x08009a94   0x0000004e   Code   RO         8370    i.USBD_CDC_DeInit   usbd_cdc.o
    0x08009ae2   0x08009ae2   0x00000032   Code   RO         8371    i.USBD_CDC_EP0_RxReady  usbd_cdc.o
    0x08009b14   0x08009b14   0x00000010   Code   RO         8372    i.USBD_CDC_GetDeviceQualifierDescriptor  usbd_cdc.o
    0x08009b24   0x08009b24   0x00000010   Code   RO         8373    i.USBD_CDC_GetFSCfgDesc  usbd_cdc.o
    0x08009b34   0x08009b34   0x00000010   Code   RO         8374    i.USBD_CDC_GetHSCfgDesc  usbd_cdc.o
    0x08009b44   0x08009b44   0x00000010   Code   RO         8375    i.USBD_CDC_GetOtherSpeedCfgDesc  usbd_cdc.o
    0x08009b54   0x08009b54   0x000000b8   Code   RO         8376    i.USBD_CDC_Init     usbd_cdc.o
    0x08009c0c   0x08009c0c   0x0000003a   Code   RO         8377    i.USBD_CDC_ReceivePacket  usbd_cdc.o
    0x08009c46   0x08009c46   0x0000000e   Code   RO         8378    i.USBD_CDC_RegisterInterface  usbd_cdc.o
    0x08009c54   0x08009c54   0x0000000e   Code   RO         8379    i.USBD_CDC_SetRxBuffer  usbd_cdc.o
    0x08009c62   0x08009c62   0x00000014   Code   RO         8380    i.USBD_CDC_SetTxBuffer  usbd_cdc.o
    0x08009c76   0x08009c76   0x000000f4   Code   RO         8381    i.USBD_CDC_Setup    usbd_cdc.o
    0x08009d6a   0x08009d6a   0x0000003e   Code   RO         8382    i.USBD_CDC_TransmitPacket  usbd_cdc.o
    0x08009da8   0x08009da8   0x00000016   Code   RO         8075    i.USBD_ClrClassConfig  usbd_core.o
    0x08009dbe   0x08009dbe   0x0000003e   Code   RO         8213    i.USBD_ClrFeature   usbd_ctlreq.o
    0x08009dfc   0x08009dfc   0x00000018   Code   RO         8308    i.USBD_CtlContinueRx  usbd_ioreq.o
    0x08009e14   0x08009e14   0x00000018   Code   RO         8309    i.USBD_CtlContinueSendData  usbd_ioreq.o
    0x08009e2c   0x08009e2c   0x00000018   Code   RO         8214    i.USBD_CtlError     usbd_ctlreq.o
    0x08009e44   0x08009e44   0x00000028   Code   RO         8310    i.USBD_CtlPrepareRx  usbd_ioreq.o
    0x08009e6c   0x08009e6c   0x0000001a   Code   RO         8311    i.USBD_CtlReceiveStatus  usbd_ioreq.o
    0x08009e86   0x08009e86   0x00000022   Code   RO         8312    i.USBD_CtlSendData  usbd_ioreq.o
    0x08009ea8   0x08009ea8   0x0000001a   Code   RO         8313    i.USBD_CtlSendStatus  usbd_ioreq.o
    0x08009ec2   0x08009ec2   0x00000002   PAD
    0x08009ec4   0x08009ec4   0x00000034   Code   RO         1391    i.USBD_FS_ConfigStrDescriptor  usbd_desc.o
    0x08009ef8   0x08009ef8   0x00000010   Code   RO         1392    i.USBD_FS_DeviceDescriptor  usbd_desc.o
    0x08009f08   0x08009f08   0x00000038   Code   RO         1393    i.USBD_FS_InterfaceStrDescriptor  usbd_desc.o
    0x08009f40   0x08009f40   0x00000010   Code   RO         1394    i.USBD_FS_LangIDStrDescriptor  usbd_desc.o
    0x08009f50   0x08009f50   0x0000002c   Code   RO         1395    i.USBD_FS_ManufacturerStrDescriptor  usbd_desc.o
    0x08009f7c   0x08009f7c   0x00000040   Code   RO         1396    i.USBD_FS_ProductStrDescriptor  usbd_desc.o
    0x08009fbc   0x08009fbc   0x00000018   Code   RO         1397    i.USBD_FS_SerialStrDescriptor  usbd_desc.o
    0x08009fd4   0x08009fd4   0x00000056   Code   RO         8215    i.USBD_GetConfig    usbd_ctlreq.o
    0x0800a02a   0x0800a02a   0x00000152   Code   RO         8216    i.USBD_GetDescriptor  usbd_ctlreq.o
    0x0800a17c   0x0800a17c   0x00000014   Code   RO         8217    i.USBD_GetLen       usbd_ctlreq.o
    0x0800a190   0x0800a190   0x0000005a   Code   RO         8218    i.USBD_GetStatus    usbd_ctlreq.o
    0x0800a1ea   0x0800a1ea   0x00000052   Code   RO         8219    i.USBD_GetString    usbd_ctlreq.o
    0x0800a23c   0x0800a23c   0x0000002c   Code   RO         1207    i.USBD_Get_USB_Status  usbd_conf.o
    0x0800a268   0x0800a268   0x00000032   Code   RO         8077    i.USBD_Init         usbd_core.o
    0x0800a29a   0x0800a29a   0x00000026   Code   RO         1208    i.USBD_LL_ClearStallEP  usbd_conf.o
    0x0800a2c0   0x0800a2c0   0x00000026   Code   RO         1209    i.USBD_LL_CloseEP   usbd_conf.o
    0x0800a2e6   0x0800a2e6   0x00000100   Code   RO         8078    i.USBD_LL_DataInStage  usbd_core.o
    0x0800a3e6   0x0800a3e6   0x000000a6   Code   RO         8079    i.USBD_LL_DataOutStage  usbd_core.o
    0x0800a48c   0x0800a48c   0x00000006   Code   RO         8080    i.USBD_LL_DevConnected  usbd_core.o
    0x0800a492   0x0800a492   0x0000001a   Code   RO         8081    i.USBD_LL_DevDisconnected  usbd_core.o
    0x0800a4ac   0x0800a4ac   0x00000012   Code   RO         1213    i.USBD_LL_GetRxDataSize  usbd_conf.o
    0x0800a4be   0x0800a4be   0x00000002   PAD
    0x0800a4c0   0x0800a4c0   0x00000068   Code   RO         1214    i.USBD_LL_Init      usbd_conf.o
    0x0800a528   0x0800a528   0x00000038   Code   RO         1215    i.USBD_LL_IsStallEP  usbd_conf.o
    0x0800a560   0x0800a560   0x00000006   Code   RO         8082    i.USBD_LL_IsoINIncomplete  usbd_core.o
    0x0800a566   0x0800a566   0x00000006   Code   RO         8083    i.USBD_LL_IsoOUTIncomplete  usbd_core.o
    0x0800a56c   0x0800a56c   0x00000030   Code   RO         1216    i.USBD_LL_OpenEP    usbd_conf.o
    0x0800a59c   0x0800a59c   0x00000030   Code   RO         1217    i.USBD_LL_PrepareReceive  usbd_conf.o
    0x0800a5cc   0x0800a5cc   0x0000005c   Code   RO         8084    i.USBD_LL_Reset     usbd_core.o
    0x0800a628   0x0800a628   0x0000000e   Code   RO         8085    i.USBD_LL_Resume    usbd_core.o
    0x0800a636   0x0800a636   0x00000022   Code   RO         8086    i.USBD_LL_SOF       usbd_core.o
    0x0800a658   0x0800a658   0x00000008   Code   RO         8087    i.USBD_LL_SetSpeed  usbd_core.o
    0x0800a660   0x0800a660   0x00000026   Code   RO         1218    i.USBD_LL_SetUSBAddress  usbd_conf.o
    0x0800a686   0x0800a686   0x0000006e   Code   RO         8088    i.USBD_LL_SetupStage  usbd_core.o
    0x0800a6f4   0x0800a6f4   0x00000026   Code   RO         1219    i.USBD_LL_StallEP   usbd_conf.o
    0x0800a71a   0x0800a71a   0x0000001e   Code   RO         1220    i.USBD_LL_Start     usbd_conf.o
    0x0800a738   0x0800a738   0x00000014   Code   RO         8089    i.USBD_LL_Suspend   usbd_core.o
    0x0800a74c   0x0800a74c   0x00000030   Code   RO         1222    i.USBD_LL_Transmit  usbd_conf.o
    0x0800a77c   0x0800a77c   0x00000028   Code   RO         8220    i.USBD_ParseSetupRequest  usbd_ctlreq.o
    0x0800a7a4   0x0800a7a4   0x00000010   Code   RO         8090    i.USBD_RegisterClass  usbd_core.o
    0x0800a7b4   0x0800a7b4   0x00000006   Code   RO         8091    i.USBD_RunTestMode  usbd_core.o
    0x0800a7ba   0x0800a7ba   0x0000005a   Code   RO         8221    i.USBD_SetAddress   usbd_ctlreq.o
    0x0800a814   0x0800a814   0x00000022   Code   RO         8092    i.USBD_SetClassConfig  usbd_core.o
    0x0800a836   0x0800a836   0x00000002   PAD
    0x0800a838   0x0800a838   0x000000e8   Code   RO         8222    i.USBD_SetConfig    usbd_ctlreq.o
    0x0800a920   0x0800a920   0x00000018   Code   RO         8223    i.USBD_SetFeature   usbd_ctlreq.o
    0x0800a938   0x0800a938   0x0000000e   Code   RO         8093    i.USBD_Start        usbd_core.o
    0x0800a946   0x0800a946   0x000000a2   Code   RO         8224    i.USBD_StdDevReq    usbd_ctlreq.o
    0x0800a9e8   0x0800a9e8   0x00000238   Code   RO         8225    i.USBD_StdEPReq     usbd_ctlreq.o
    0x0800ac20   0x0800ac20   0x0000007e   Code   RO         8226    i.USBD_StdItfReq    usbd_ctlreq.o
    0x0800ac9e   0x0800ac9e   0x00000002   PAD
    0x0800aca0   0x0800aca0   0x000000d0   Code   RO         1950    i.USB_ActivateEndpoint  stm32f4xx_ll_usb.o
    0x0800ad70   0x0800ad70   0x00000046   Code   RO         1952    i.USB_ActivateSetup  stm32f4xx_ll_usb.o
    0x0800adb6   0x0800adb6   0x00000002   PAD
    0x0800adb8   0x0800adb8   0x00000084   Code   RO         1954    i.USB_CoreInit      stm32f4xx_ll_usb.o
    0x0800ae3c   0x0800ae3c   0x0000004c   Code   RO         1955    i.USB_CoreReset     stm32f4xx_ll_usb.o
    0x0800ae88   0x0800ae88   0x000000c4   Code   RO         1958    i.USB_DeactivateEndpoint  stm32f4xx_ll_usb.o
    0x0800af4c   0x0800af4c   0x00000020   Code   RO         1959    i.USB_DevConnect    stm32f4xx_ll_usb.o
    0x0800af6c   0x0800af6c   0x00000020   Code   RO         1960    i.USB_DevDisconnect  stm32f4xx_ll_usb.o
    0x0800af8c   0x0800af8c   0x000001f4   Code   RO         1961    i.USB_DevInit       stm32f4xx_ll_usb.o
    0x0800b180   0x0800b180   0x0000000e   Code   RO         1962    i.USB_DisableGlobalInt  stm32f4xx_ll_usb.o
    0x0800b18e   0x0800b18e   0x00000002   PAD
    0x0800b190   0x0800b190   0x000001d8   Code   RO         1965    i.USB_EP0StartXfer  stm32f4xx_ll_usb.o
    0x0800b368   0x0800b368   0x00000070   Code   RO         1966    i.USB_EP0_OutStart  stm32f4xx_ll_usb.o
    0x0800b3d8   0x0800b3d8   0x0000008e   Code   RO         1967    i.USB_EPClearStall  stm32f4xx_ll_usb.o
    0x0800b466   0x0800b466   0x0000009a   Code   RO         1968    i.USB_EPSetStall    stm32f4xx_ll_usb.o
    0x0800b500   0x0800b500   0x00000344   Code   RO         1969    i.USB_EPStartXfer   stm32f4xx_ll_usb.o
    0x0800b844   0x0800b844   0x0000000e   Code   RO         1970    i.USB_EnableGlobalInt  stm32f4xx_ll_usb.o
    0x0800b852   0x0800b852   0x00000002   PAD
    0x0800b854   0x0800b854   0x0000002c   Code   RO         1971    i.USB_FlushRxFifo   stm32f4xx_ll_usb.o
    0x0800b880   0x0800b880   0x00000030   Code   RO         1972    i.USB_FlushTxFifo   stm32f4xx_ll_usb.o
    0x0800b8b0   0x0800b8b0   0x00000026   Code   RO         1974    i.USB_GetDevSpeed   stm32f4xx_ll_usb.o
    0x0800b8d6   0x0800b8d6   0x0000000a   Code   RO         1976    i.USB_GetMode       stm32f4xx_ll_usb.o
    0x0800b8e0   0x0800b8e0   0x00000014   Code   RO         1983    i.USB_ReadDevAllInEpInterrupt  stm32f4xx_ll_usb.o
    0x0800b8f4   0x0800b8f4   0x00000014   Code   RO         1984    i.USB_ReadDevAllOutEpInterrupt  stm32f4xx_ll_usb.o
    0x0800b908   0x0800b908   0x00000032   Code   RO         1985    i.USB_ReadDevInEPInterrupt  stm32f4xx_ll_usb.o
    0x0800b93a   0x0800b93a   0x0000001a   Code   RO         1986    i.USB_ReadDevOutEPInterrupt  stm32f4xx_ll_usb.o
    0x0800b954   0x0800b954   0x0000000a   Code   RO         1987    i.USB_ReadInterrupts  stm32f4xx_ll_usb.o
    0x0800b95e   0x0800b95e   0x00000022   Code   RO         1988    i.USB_ReadPacket    stm32f4xx_ll_usb.o
    0x0800b980   0x0800b980   0x00000036   Code   RO         1990    i.USB_SetCurrentMode  stm32f4xx_ll_usb.o
    0x0800b9b6   0x0800b9b6   0x0000002a   Code   RO         1991    i.USB_SetDevAddress  stm32f4xx_ll_usb.o
    0x0800b9e0   0x0800b9e0   0x00000012   Code   RO         1992    i.USB_SetDevSpeed   stm32f4xx_ll_usb.o
    0x0800b9f2   0x0800b9f2   0x00000002   PAD
    0x0800b9f4   0x0800b9f4   0x000000e8   Code   RO         1993    i.USB_SetTurnaroundTime  stm32f4xx_ll_usb.o
    0x0800badc   0x0800badc   0x0000003c   Code   RO         1996    i.USB_WritePacket   stm32f4xx_ll_usb.o
    0x0800bb18   0x0800bb18   0x00000004   Code   RO         1547    i.UsageFault_Handler  stm32f4xx_it.o
    0x0800bb1c   0x0800bb1c   0x00000024   Code   RO        12122    i.__0vsprintf       mc_w.l(printfa.o)
    0x0800bb40   0x0800bb40   0x00000026   Code   RO        12183    i.__ARM_fpclassifyf  m_wm.l(fpclassifyf.o)
    0x0800bb66   0x0800bb66   0x00000002   PAD
    0x0800bb68   0x0800bb68   0x00000010   Code   RO         6166    i.__NVIC_GetPriorityGrouping  stm32f4xx_hal_cortex.o
    0x0800bb78   0x0800bb78   0x00000028   Code   RO         6167    i.__NVIC_SetPriority  stm32f4xx_hal_cortex.o
    0x0800bba0   0x0800bba0   0x00000006   Code   RO        11476    i.__get_PRIMASK     fifo.o
    0x0800bba6   0x0800bba6   0x00000002   PAD
    0x0800bba8   0x0800bba8   0x0000012c   Code   RO        12046    i.__hardfp_asinf    m_wm.l(asinf.o)
    0x0800bcd4   0x0800bcd4   0x000002ac   Code   RO        12058    i.__hardfp_atan2f   m_wm.l(atan2f.o)
    0x0800bf80   0x0800bf80   0x00000014   Code   RO        12070    i.__hardfp_fabs     m_wm.l(fabs.o)
    0x0800bf94   0x0800bf94   0x0000003a   Code   RO        12088    i.__hardfp_sqrtf    m_wm.l(sqrtf_full.o)
    0x0800bfce   0x0800bfce   0x00000006   Code   RO        12186    i.__mathlib_flt_infnan  m_wm.l(funder.o)
    0x0800bfd4   0x0800bfd4   0x00000006   Code   RO        12187    i.__mathlib_flt_infnan2  m_wm.l(funder.o)
    0x0800bfda   0x0800bfda   0x00000002   PAD
    0x0800bfdc   0x0800bfdc   0x00000010   Code   RO        12188    i.__mathlib_flt_invalid  m_wm.l(funder.o)
    0x0800bfec   0x0800bfec   0x00000010   Code   RO        12191    i.__mathlib_flt_underflow  m_wm.l(funder.o)
    0x0800bffc   0x0800bffc   0x0000000e   Code   RO        12253    i.__scatterload_copy  mc_w.l(handlers.o)
    0x0800c00a   0x0800c00a   0x00000002   Code   RO        12254    i.__scatterload_null  mc_w.l(handlers.o)
    0x0800c00c   0x0800c00c   0x0000000e   Code   RO        12255    i.__scatterload_zeroinit  mc_w.l(handlers.o)
    0x0800c01a   0x0800c01a   0x00000006   Code   RO        11477    i.__set_PRIMASK     fifo.o
    0x0800c020   0x0800c020   0x0000000c   Code   RO        12233    i.__set_errno       mc_w.l(errno.o)
    0x0800c02c   0x0800c02c   0x00000184   Code   RO        12123    i._fp_digits        mc_w.l(printfa.o)
    0x0800c1b0   0x0800c1b0   0x000006b4   Code   RO        12124    i._printf_core      mc_w.l(printfa.o)
    0x0800c864   0x0800c864   0x00000024   Code   RO        12125    i._printf_post_padding  mc_w.l(printfa.o)
    0x0800c888   0x0800c888   0x0000002e   Code   RO        12126    i._printf_pre_padding  mc_w.l(printfa.o)
    0x0800c8b6   0x0800c8b6   0x0000000a   Code   RO        12128    i._sputc            mc_w.l(printfa.o)
    0x0800c8c0   0x0800c8c0   0x00000068   Code   RO         8993    i.aRGB_led_show     bsp_led.o
    0x0800c928   0x0800c928   0x00000030   Code   RO        11316    i.abs_limit         user_lib.o
    0x0800c958   0x0800c958   0x000001d0   Code   RO        11791    i.accel_comple_filter  AHRS.lib(ahrs.o)
    0x0800cb28   0x0800cb28   0x0000018c   Code   RO        11792    i.accel_update_kp_ki  AHRS.lib(ahrs.o)
    0x0800ccb4   0x0800ccb4   0x0000003c   Code   RO         8473    i.adcx_get_chx_value  bsp_adc.o
    0x0800ccf0   0x0800ccf0   0x0000016c   Code   RO        11793    i.angle_to_quat     AHRS.lib(ahrs.o)
    0x0800ce5c   0x0800ce5c   0x00000008   Code   RO        10596    i.append_vision_arr  vision.o
    0x0800ce64   0x0800ce64   0x00000048   Code   RO        10656    i.auto_aim_init     auto_aim.o
    0x0800ceac   0x0800ceac   0x00000018   Code   RO        10657    i.auto_aim_pid_clear  auto_aim.o
    0x0800cec4   0x0800cec4   0x00000044   Code   RO        10502    i.battery_voltage_task  voltage_task.o
    0x0800cf08   0x0800cf08   0x00000134   Code   RO        10839    i.bmi088_accel_init  bmi088driver.o
    0x0800d03c   0x0800d03c   0x000002fc   Code   RO        10840    i.bmi088_accel_self_test  bmi088driver.o
    0x0800d338   0x0800d338   0x000000f4   Code   RO        10841    i.bmi088_gyro_init  bmi088driver.o
    0x0800d42c   0x0800d42c   0x000000d0   Code   RO        10842    i.bmi088_gyro_self_test  bmi088driver.o
    0x0800d4fc   0x0800d4fc   0x0000013c   Code   RO         8894    i.bsp_I2C_check_ack  bsp_i2c.o
    0x0800d638   0x0800d638   0x0000004c   Code   RO         8895    i.bsp_I2C_master_transmit  bsp_i2c.o
    0x0800d684   0x0800d684   0x0000004c   Code   RO         8896    i.bsp_I2C_reset     bsp_i2c.o
    0x0800d6d0   0x0800d6d0   0x00000010   Code   RO         8620    i.buzzer_off        bsp_buzzer.o
    0x0800d6e0   0x0800d6e0   0x00000014   Code   RO         8621    i.buzzer_on         bsp_buzzer.o
    0x0800d6f4   0x0800d6f4   0x0000007c   Code   RO        10414    i.buzzer_warn_error  test_task.o
    0x0800d770   0x0800d770   0x000000e8   Code   RO        10503    i.calc_battery_percentage  voltage_task.o
    0x0800d858   0x0800d858   0x00000194   Code   RO         9880    i.calc_gimbal_cali  gimbal_task.o
    0x0800d9ec   0x0800d9ec   0x000000ec   Code   RO         9200    i.cali_data_read    calibrate_task.o
    0x0800dad8   0x0800dad8   0x0000008c   Code   RO         9201    i.cali_data_write   calibrate_task.o
    0x0800db64   0x0800db64   0x0000006c   Code   RO         9202    i.cali_gimbal_hook  calibrate_task.o
    0x0800dbd0   0x0800dbd0   0x00000064   Code   RO         9203    i.cali_gyro_hook    calibrate_task.o
    0x0800dc34   0x0800dc34   0x00000046   Code   RO         9204    i.cali_head_hook    calibrate_task.o
    0x0800dc7a   0x0800dc7a   0x00000002   PAD
    0x0800dc7c   0x0800dc7c   0x000000b8   Code   RO         9205    i.cali_param_init   calibrate_task.o
    0x0800dd34   0x0800dd34   0x00000148   Code   RO         9206    i.calibrate_task    calibrate_task.o
    0x0800de7c   0x0800de7c   0x0000005c   Code   RO         8654    i.can_filter_init   bsp_can.o
    0x0800ded8   0x0800ded8   0x000000a0   Code   RO         9399    i.chassis_behaviour_control_set  chassis_behaviour.o
    0x0800df78   0x0800df78   0x0000008c   Code   RO         9400    i.chassis_behaviour_mode_set  chassis_behaviour.o
    0x0800e004   0x0800e004   0x000001cc   Code   RO         9582    i.chassis_control_loop  chassis_task.o
    0x0800e1d0   0x0800e1d0   0x00000060   Code   RO         9401    i.chassis_engineer_follow_chassis_yaw_control  chassis_behaviour.o
    0x0800e230   0x0800e230   0x00000164   Code   RO         9583    i.chassis_feedback_update  chassis_task.o
    0x0800e394   0x0800e394   0x0000008c   Code   RO         9402    i.chassis_infantry_follow_gimbal_yaw_control  chassis_behaviour.o
    0x0800e420   0x0800e420   0x000000d8   Code   RO         9584    i.chassis_init      chassis_task.o
    0x0800e4f8   0x0800e4f8   0x00000058   Code   RO         9585    i.chassis_mode_change_control_transit  chassis_task.o
    0x0800e550   0x0800e550   0x00000044   Code   RO         9403    i.chassis_no_follow_yaw_control  chassis_behaviour.o
    0x0800e594   0x0800e594   0x0000002c   Code   RO         9404    i.chassis_no_move_control  chassis_behaviour.o
    0x0800e5c0   0x0800e5c0   0x0000005c   Code   RO         9405    i.chassis_open_set_control  chassis_behaviour.o
    0x0800e61c   0x0800e61c   0x000001d0   Code   RO         9537    i.chassis_power_control  chassis_power_control.o
    0x0800e7ec   0x0800e7ec   0x00000154   Code   RO         9586    i.chassis_rc_to_control_vector  chassis_task.o
    0x0800e940   0x0800e940   0x00000318   Code   RO         9587    i.chassis_set_contorl  chassis_task.o
    0x0800ec58   0x0800ec58   0x00000012   Code   RO         9588    i.chassis_set_mode  chassis_task.o
    0x0800ec6a   0x0800ec6a   0x00000002   PAD
    0x0800ec6c   0x0800ec6c   0x000000cc   Code   RO         9589    i.chassis_task      chassis_task.o
    0x0800ed38   0x0800ed38   0x00000050   Code   RO         9590    i.chassis_vector_to_mecanum_wheel_speed  chassis_task.o
    0x0800ed88   0x0800ed88   0x0000002c   Code   RO         9406    i.chassis_zero_force_control  chassis_behaviour.o
    0x0800edb4   0x0800edb4   0x00000018   Code   RO        10597    i.check_vision_data  vision.o
    0x0800edcc   0x0800edcc   0x0000000e   Code   RO        10598    i.clear_vision_data  vision.o
    0x0800edda   0x0800edda   0x00000002   PAD
    0x0800eddc   0x0800eddc   0x00000118   Code   RO         9881    i.cmd_cali_gimbal_hook  gimbal_task.o
    0x0800eef4   0x0800eef4   0x00000030   Code   RO         8723    i.delay_init        bsp_delay.o
    0x0800ef24   0x0800ef24   0x00000050   Code   RO         8725    i.delay_us          bsp_delay.o
    0x0800ef74   0x0800ef74   0x00000124   Code   RO         9652    i.detect_hook       detect_task.o
    0x0800f098   0x0800f098   0x00000184   Code   RO         9653    i.detect_init       detect_task.o
    0x0800f21c   0x0800f21c   0x00000288   Code   RO         9654    i.detect_task       detect_task.o
    0x0800f4a4   0x0800f4a4   0x0000003a   Code   RO        11495    i.fifo_s_get        fifo.o
    0x0800f4de   0x0800f4de   0x00000016   Code   RO        11498    i.fifo_s_init       fifo.o
    0x0800f4f4   0x0800f4f4   0x000000a0   Code   RO        11504    i.fifo_s_puts       fifo.o
    0x0800f594   0x0800f594   0x00000006   Code   RO        11506    i.fifo_s_used       fifo.o
    0x0800f59a   0x0800f59a   0x00000054   Code   RO        11317    i.first_order_filter_cali  user_lib.o
    0x0800f5ee   0x0800f5ee   0x00000002   PAD
    0x0800f5f0   0x0800f5f0   0x00000024   Code   RO        11318    i.first_order_filter_init  user_lib.o
    0x0800f614   0x0800f614   0x0000002e   Code   RO         8764    i.flash_erase_address  bsp_flash.o
    0x0800f642   0x0800f642   0x00000014   Code   RO         8765    i.flash_read        bsp_flash.o
    0x0800f656   0x0800f656   0x00000002   PAD
    0x0800f658   0x0800f658   0x00000098   Code   RO         8767    i.flash_write_single_address  bsp_flash.o
    0x0800f6f0   0x0800f6f0   0x0000002a   Code   RO        11319    i.fp32_constrain    user_lib.o
    0x0800f71a   0x0800f71a   0x00000002   PAD
    0x0800f71c   0x0800f71c   0x00000050   Code   RO        12143    i.free              mc_w.l(malloc.o)
    0x0800f76c   0x0800f76c   0x0000000c   Code   RO         8821    i.fric1_on          bsp_fric.o
    0x0800f778   0x0800f778   0x0000000c   Code   RO         8822    i.fric2_on          bsp_fric.o
    0x0800f784   0x0800f784   0x000000f4   Code   RO         8768    i.ger_sector        bsp_flash.o
    0x0800f878   0x0800f878   0x00000034   Code   RO        11417    i.get_CRC16_check_sum  crc8_crc16.o
    0x0800f8ac   0x0800f8ac   0x00000024   Code   RO        11418    i.get_CRC8_check_sum  crc8_crc16.o
    0x0800f8d0   0x0800f8d0   0x00000008   Code   RO        10022    i.get_INS_angle_point  ins_task.o
    0x0800f8d8   0x0800f8d8   0x000000e8   Code   RO        11794    i.get_angle         AHRS.lib(ahrs.o)
    0x0800f9c0   0x0800f9c0   0x00000024   Code   RO        10504    i.get_battery_percentage  voltage_task.o
    0x0800f9e4   0x0800f9e4   0x00000048   Code   RO         8474    i.get_battery_voltage  bsp_adc.o
    0x0800fa2c   0x0800fa2c   0x00000018   Code   RO         9314    i.get_chassis_motor_measure_point  can_receive.o
    0x0800fa44   0x0800fa44   0x0000001c   Code   RO        10168    i.get_chassis_power_and_buffer  referee.o
    0x0800fa60   0x0800fa60   0x0000000c   Code   RO         9207    i.get_control_temperature  calibrate_task.o
    0x0800fa6c   0x0800fa6c   0x00000008   Code   RO         9655    i.get_error_list_point  detect_task.o
    0x0800fa74   0x0800fa74   0x00000008   Code   RO        10025    i.get_gyro_data_point  ins_task.o
    0x0800fa7c   0x0800fa7c   0x000000e8   Code   RO         8769    i.get_next_flash_address  bsp_flash.o
    0x0800fb64   0x0800fb64   0x00000008   Code   RO         9315    i.get_pitch_gimbal_motor_measure_point  can_receive.o
    0x0800fb6c   0x0800fb6c   0x00000008   Code   RO         9882    i.get_pitch_motor_point  gimbal_task.o
    0x0800fb74   0x0800fb74   0x00000008   Code   RO        10281    i.get_remote_control_point  remote_control.o
    0x0800fb7c   0x0800fb7c   0x0000000c   Code   RO        10169    i.get_robot_id      referee.o
    0x0800fb88   0x0800fb88   0x00000018   Code   RO        10170    i.get_shoot_heat0_limit_and_heat0  referee.o
    0x0800fba0   0x0800fba0   0x0000005c   Code   RO         8476    i.get_temprate      bsp_adc.o
    0x0800fbfc   0x0800fbfc   0x00000008   Code   RO         9316    i.get_trigger_motor_measure_point  can_receive.o
    0x0800fc04   0x0800fc04   0x00000008   Code   RO         9317    i.get_yaw_gimbal_motor_measure_point  can_receive.o
    0x0800fc0c   0x0800fc0c   0x00000008   Code   RO         9883    i.get_yaw_motor_point  gimbal_task.o
    0x0800fc14   0x0800fc14   0x000000bc   Code   RO         9884    i.gimbal_PID_calc   gimbal_task.o
    0x0800fcd0   0x0800fcd0   0x00000030   Code   RO         9885    i.gimbal_PID_clear  gimbal_task.o
    0x0800fd00   0x0800fd00   0x00000030   Code   RO         9886    i.gimbal_PID_init   gimbal_task.o
    0x0800fd30   0x0800fd30   0x00000200   Code   RO         9696    i.gimbal_absolute_angle_control  gimbal_behaviour.o
    0x0800ff30   0x0800ff30   0x00000100   Code   RO         9887    i.gimbal_absolute_angle_limit  gimbal_task.o
    0x08010030   0x08010030   0x0000008c   Code   RO         9697    i.gimbal_behaviour_control_set  gimbal_behaviour.o
    0x080100bc   0x080100bc   0x0000008c   Code   RO         9698    i.gimbal_behaviour_mode_set  gimbal_behaviour.o
    0x08010148   0x08010148   0x000001a0   Code   RO         9699    i.gimbal_behavour_set  gimbal_behaviour.o
    0x080102e8   0x080102e8   0x000001d0   Code   RO         9700    i.gimbal_cali_control  gimbal_behaviour.o
    0x080104b8   0x080104b8   0x0000002c   Code   RO         9701    i.gimbal_cmd_to_chassis_stop  gimbal_behaviour.o
    0x080104e4   0x080104e4   0x00000024   Code   RO         9702    i.gimbal_cmd_to_shoot_stop  gimbal_behaviour.o
    0x08010508   0x08010508   0x00000070   Code   RO         9888    i.gimbal_control_loop  gimbal_task.o
    0x08010578   0x08010578   0x00000088   Code   RO         9889    i.gimbal_feedback_update  gimbal_task.o
    0x08010600   0x08010600   0x00000160   Code   RO         9890    i.gimbal_init       gimbal_task.o
    0x08010760   0x08010760   0x000000b4   Code   RO         9703    i.gimbal_init_control  gimbal_behaviour.o
    0x08010814   0x08010814   0x000000c0   Code   RO         9891    i.gimbal_mode_change_control_transit  gimbal_task.o
    0x080108d4   0x080108d4   0x00000020   Code   RO         9704    i.gimbal_motionless_control  gimbal_behaviour.o
    0x080108f4   0x080108f4   0x0000005c   Code   RO         9892    i.gimbal_motor_absolute_angle_control  gimbal_task.o
    0x08010950   0x08010950   0x00000022   Code   RO         9893    i.gimbal_motor_raw_angle_control  gimbal_task.o
    0x08010972   0x08010972   0x0000005e   Code   RO         9894    i.gimbal_motor_relative_angle_control  gimbal_task.o
    0x080109d0   0x080109d0   0x000000d4   Code   RO         9705    i.gimbal_relative_angle_control  gimbal_behaviour.o
    0x08010aa4   0x08010aa4   0x00000052   Code   RO         9895    i.gimbal_relative_angle_limit  gimbal_task.o
    0x08010af6   0x08010af6   0x00000002   PAD
    0x08010af8   0x08010af8   0x000000a0   Code   RO         9896    i.gimbal_set_control  gimbal_task.o
    0x08010b98   0x08010b98   0x00000012   Code   RO         9897    i.gimbal_set_mode   gimbal_task.o
    0x08010baa   0x08010baa   0x00000002   PAD
    0x08010bac   0x08010bac   0x000000e0   Code   RO         9898    i.gimbal_task       gimbal_task.o
    0x08010c8c   0x08010c8c   0x00000020   Code   RO         9706    i.gimbal_zero_force_control  gimbal_behaviour.o
    0x08010cac   0x08010cac   0x00000054   Code   RO        10027    i.gyro_offset_calc  ins_task.o
    0x08010d00   0x08010d00   0x0000012c   Code   RO        10028    i.imu_cali_slove    ins_task.o
    0x08010e2c   0x08010e2c   0x00000168   Code   RO        10029    i.imu_cmd_spi_dma   ins_task.o
    0x08010f94   0x08010f94   0x0000000c   Code   RO         8861    i.imu_pwm_set       bsp_imu_pwm.o
    0x08010fa0   0x08010fa0   0x000000b8   Code   RO        10030    i.imu_temp_control  ins_task.o
    0x08011058   0x08011058   0x000000b8   Code   RO        10172    i.init_referee_struct_data  referee.o
    0x08011110   0x08011110   0x00000040   Code   RO         8477    i.init_vrefint_reciprocal  bsp_adc.o
    0x08011150   0x08011150   0x00000002   Code   RO        11067    i.ist8310_GPIO_init  ist8310driver_middleware.o
    0x08011152   0x08011152   0x00000002   PAD
    0x08011154   0x08011154   0x00000028   Code   RO        11069    i.ist8310_IIC_read_single_reg  ist8310driver_middleware.o
    0x0801117c   0x0801117c   0x00000028   Code   RO        11071    i.ist8310_IIC_write_single_reg  ist8310driver_middleware.o
    0x080111a4   0x080111a4   0x00000014   Code   RO        11072    i.ist8310_RST_H     ist8310driver_middleware.o
    0x080111b8   0x080111b8   0x00000014   Code   RO        11073    i.ist8310_RST_L     ist8310driver_middleware.o
    0x080111cc   0x080111cc   0x00000002   Code   RO        11074    i.ist8310_com_init  ist8310driver_middleware.o
    0x080111ce   0x080111ce   0x0000000c   Code   RO        11075    i.ist8310_delay_ms  ist8310driver_middleware.o
    0x080111da   0x080111da   0x00000002   PAD
    0x080111dc   0x080111dc   0x00000094   Code   RO        11035    i.ist8310_init      ist8310driver.o
    0x08011270   0x08011270   0x00000010   Code   RO         8959    i.laser_off         bsp_laser.o
    0x08011280   0x08011280   0x00000010   Code   RO         8960    i.laser_on          bsp_laser.o
    0x08011290   0x08011290   0x000001b0   Code   RO        10540    i.led_RGB_flow_task  led_flow_task.o
    0x08011440   0x08011440   0x00000060   Code   RO        11324    i.loop_fp32_constrain  user_lib.o
    0x080114a0   0x080114a0   0x00000084   Code   RO           15    i.main              main.o
    0x08011524   0x08011524   0x0000000e   Code   RO         7567    i.makeFreeRtosPriority  cmsis_os.o
    0x08011532   0x08011532   0x00000002   PAD
    0x08011534   0x08011534   0x0000006c   Code   RO        12144    i.malloc            mc_w.l(malloc.o)
    0x080115a0   0x080115a0   0x00000034   Code   RO         9899    i.motor_ecd_to_angle_change  gimbal_task.o
    0x080115d4   0x080115d4   0x00000214   Code   RO        10134    i.oled_task         oled_task.o
    0x080117e8   0x080117e8   0x00000030   Code   RO        10719    i.oled_write_byte   oled.o
    0x08011818   0x08011818   0x00000018   Code   RO         7569    i.osDelay           cmsis_os.o
    0x08011830   0x08011830   0x0000000a   Code   RO         7572    i.osKernelStart     cmsis_os.o
    0x0801183a   0x0801183a   0x00000010   Code   RO         7605    i.osSystickHandler  cmsis_os.o
    0x0801184a   0x0801184a   0x0000005e   Code   RO         7606    i.osThreadCreate    cmsis_os.o
    0x080118a8   0x080118a8   0x00000030   Code   RO         7064    i.pcTaskGetName     tasks.o
    0x080118d8   0x080118d8   0x000000a4   Code   RO         7065    i.prvAddCurrentTaskToDelayedList  tasks.o
    0x0801197c   0x0801197c   0x000000b4   Code   RO         7066    i.prvAddNewTaskToReadyList  tasks.o
    0x08011a30   0x08011a30   0x00000074   Code   RO         7414    i.prvCheckForValidListAndQueue  timers.o
    0x08011aa4   0x08011aa4   0x00000048   Code   RO         7067    i.prvCheckTasksWaitingTermination  tasks.o
    0x08011aec   0x08011aec   0x0000002a   Code   RO         6721    i.prvCopyDataFromQueue  queue.o
    0x08011b16   0x08011b16   0x0000007c   Code   RO         6722    i.prvCopyDataToQueue  queue.o
    0x08011b92   0x08011b92   0x00000050   Code   RO         7068    i.prvDeleteTCB      tasks.o
    0x08011be2   0x08011be2   0x00000002   PAD
    0x08011be4   0x08011be4   0x00000028   Code   RO         7415    i.prvGetNextExpireTime  timers.o
    0x08011c0c   0x08011c0c   0x0000007c   Code   RO         7946    i.prvHeapInit       heap_4.o
    0x08011c88   0x08011c88   0x00000028   Code   RO         7069    i.prvIdleTask       tasks.o
    0x08011cb0   0x08011cb0   0x00000026   Code   RO         6725    i.prvInitialiseNewQueue  queue.o
    0x08011cd6   0x08011cd6   0x000000b8   Code   RO         7070    i.prvInitialiseNewTask  tasks.o
    0x08011d8e   0x08011d8e   0x00000002   PAD
    0x08011d90   0x08011d90   0x00000068   Code   RO         7071    i.prvInitialiseTaskLists  tasks.o
    0x08011df8   0x08011df8   0x00000068   Code   RO         7947    i.prvInsertBlockIntoFreeList  heap_4.o
    0x08011e60   0x08011e60   0x00000058   Code   RO         7417    i.prvInsertTimerInActiveList  timers.o
    0x08011eb8   0x08011eb8   0x0000001a   Code   RO         6726    i.prvIsQueueEmpty   queue.o
    0x08011ed2   0x08011ed2   0x0000001e   Code   RO         6727    i.prvIsQueueFull    queue.o
    0x08011ef0   0x08011ef0   0x00000064   Code   RO         7418    i.prvProcessExpiredTimer  timers.o
    0x08011f54   0x08011f54   0x00000128   Code   RO         7419    i.prvProcessReceivedCommands  timers.o
    0x0801207c   0x0801207c   0x00000074   Code   RO         7420    i.prvProcessTimerOrBlockTask  timers.o
    0x080120f0   0x080120f0   0x00000034   Code   RO         7072    i.prvResetNextTaskUnblockTime  tasks.o
    0x08012124   0x08012124   0x0000002c   Code   RO         7421    i.prvSampleTimeNow  timers.o
    0x08012150   0x08012150   0x0000009e   Code   RO         7073    i.prvSearchForNameWithinSingleList  tasks.o
    0x080121ee   0x080121ee   0x00000002   PAD
    0x080121f0   0x080121f0   0x000000a0   Code   RO         7422    i.prvSwitchTimerLists  timers.o
    0x08012290   0x08012290   0x00000016   Code   RO         7074    i.prvTaskCheckFreeStackSpace  tasks.o
    0x080122a6   0x080122a6   0x00000002   PAD
    0x080122a8   0x080122a8   0x00000040   Code   RO         7996    i.prvTaskExitError  port.o
    0x080122e8   0x080122e8   0x0000001a   Code   RO         7423    i.prvTimerTask      timers.o
    0x08012302   0x08012302   0x0000007e   Code   RO         6728    i.prvUnlockQueue    queue.o
    0x08012380   0x08012380   0x0000013c   Code   RO         7948    i.pvPortMalloc      heap_4.o
    0x080124bc   0x080124bc   0x0000002c   Code   RO         7997    i.pxPortInitialiseStack  port.o
    0x080124e8   0x080124e8   0x00000084   Code   RO        11799    i.quat_normalization  AHRS.lib(ahrs.o)
    0x0801256c   0x0801256c   0x0000005a   Code   RO        11325    i.ramp_calc         user_lib.o
    0x080125c6   0x080125c6   0x00000002   PAD
    0x080125c8   0x080125c8   0x0000002c   Code   RO        11326    i.ramp_init         user_lib.o
    0x080125f4   0x080125f4   0x00000180   Code   RO        10173    i.referee_data_solve  referee.o
    0x08012774   0x08012774   0x0000014c   Code   RO        10236    i.referee_unpack_fifo_data  referee_usart_task.o
    0x080128c0   0x080128c0   0x00000038   Code   RO        10237    i.referee_usart_task  referee_usart_task.o
    0x080128f8   0x080128f8   0x00000014   Code   RO        10282    i.remote_control_init  remote_control.o
    0x0801290c   0x0801290c   0x000000da   Code   RO        10283    i.sbus_to_rc        remote_control.o
    0x080129e6   0x080129e6   0x00000002   PAD
    0x080129e8   0x080129e8   0x00000058   Code   RO        10284    i.sbus_to_usart1    remote_control.o
    0x08012a40   0x08012a40   0x0000003c   Code   RO         9174    i.servo_pwm_set     bsp_servo_pwm.o
    0x08012a7c   0x08012a7c   0x000000b0   Code   RO        10567    i.servo_task        servo_task.o
    0x08012b2c   0x08012b2c   0x00000020   Code   RO         9900    i.set_cali_gimbal_hook  gimbal_task.o
    0x08012b4c   0x08012b4c   0x000000a0   Code   RO        10353    i.shoot_bullet_control  shoot.o
    0x08012bec   0x08012bec   0x000001b0   Code   RO        10354    i.shoot_control_loop  shoot.o
    0x08012d9c   0x08012d9c   0x00000248   Code   RO        10355    i.shoot_feedback_update  shoot.o
    0x08012fe4   0x08012fe4   0x000000d4   Code   RO        10356    i.shoot_init        shoot.o
    0x080130b8   0x080130b8   0x00000218   Code   RO        10357    i.shoot_set_mode    shoot.o
    0x080132d0   0x080132d0   0x0000003e   Code   RO        12090    i.sqrtf             m_wm.l(sqrtf_full.o)
    0x0801330e   0x0801330e   0x00000002   PAD
    0x08013310   0x08013310   0x00000090   Code   RO        10415    i.test_task         test_task.o
    0x080133a0   0x080133a0   0x00000018   Code   RO         9656    i.toe_is_error      detect_task.o
    0x080133b8   0x080133b8   0x000000cc   Code   RO        10358    i.trigger_motor_turn_back  shoot.o
    0x08013484   0x08013484   0x00000074   Code   RO         7077    i.ulTaskNotifyTake  tasks.o
    0x080134f8   0x080134f8   0x0000007a   Code   RO        11800    i.update_w          AHRS.lib(ahrs.o)
    0x08013572   0x08013572   0x00000002   PAD
    0x08013574   0x08013574   0x000000a8   Code   RO         9128    i.usart1_tx_dma_enable  bsp_usart.o
    0x0801361c   0x0801361c   0x00000018   Code   RO        10599    i.usart1_vision_init  vision.o
    0x08013634   0x08013634   0x00000138   Code   RO         9130    i.usart6_init       bsp_usart.o
    0x0801376c   0x0801376c   0x00000038   Code   RO        10449    i.usb_printf        usb_task.o
    0x080137a4   0x080137a4   0x00000134   Code   RO        10450    i.usb_task          usb_task.o
    0x080138d8   0x080138d8   0x00000028   Code   RO         6681    i.uxListRemove      list.o
    0x08013900   0x08013900   0x00000028   Code   RO         7079    i.uxTaskGetStackHighWaterMark  tasks.o
    0x08013928   0x08013928   0x00000018   Code   RO          675    i.vApplicationGetIdleTaskMemory  freertos.o
    0x08013940   0x08013940   0x00000018   Code   RO          676    i.vApplicationGetTimerTaskMemory  freertos.o
    0x08013958   0x08013958   0x0000001a   Code   RO         6682    i.vListInitialise   list.o
    0x08013972   0x08013972   0x00000006   Code   RO         6683    i.vListInitialiseItem  list.o
    0x08013978   0x08013978   0x00000034   Code   RO         6684    i.vListInsert       list.o
    0x080139ac   0x080139ac   0x00000018   Code   RO         6685    i.vListInsertEnd    list.o
    0x080139c4   0x080139c4   0x00000054   Code   RO         7999    i.vPortEnterCritical  port.o
    0x08013a18   0x08013a18   0x0000003c   Code   RO         8000    i.vPortExitCritical  port.o
    0x08013a54   0x08013a54   0x00000094   Code   RO         7949    i.vPortFree         heap_4.o
    0x08013ae8   0x08013ae8   0x00000028   Code   RO         8001    i.vPortSetupTimerInterrupt  port.o
    0x08013b10   0x08013b10   0x00000078   Code   RO         8002    i.vPortValidateInterruptPriority  port.o
    0x08013b88   0x08013b88   0x0000002c   Code   RO         6732    i.vQueueAddToRegistry  queue.o
    0x08013bb4   0x08013bb4   0x0000004a   Code   RO         6735    i.vQueueWaitForMessageRestricted  queue.o
    0x08013bfe   0x08013bfe   0x00000002   PAD
    0x08013c00   0x08013c00   0x0000005c   Code   RO         7083    i.vTaskDelay        tasks.o
    0x08013c5c   0x08013c5c   0x00000018   Code   RO         7087    i.vTaskInternalSetTimeOutState  tasks.o
    0x08013c74   0x08013c74   0x0000000c   Code   RO         7088    i.vTaskMissedYield  tasks.o
    0x08013c80   0x08013c80   0x000000f0   Code   RO         7089    i.vTaskNotifyGiveFromISR  tasks.o
    0x08013d70   0x08013d70   0x00000038   Code   RO         7090    i.vTaskPlaceOnEventList  tasks.o
    0x08013da8   0x08013da8   0x00000040   Code   RO         7091    i.vTaskPlaceOnEventListRestricted  tasks.o
    0x08013de8   0x08013de8   0x000000b8   Code   RO         7098    i.vTaskStartScheduler  tasks.o
    0x08013ea0   0x08013ea0   0x00000010   Code   RO         7100    i.vTaskSuspendAll   tasks.o
    0x08013eb0   0x08013eb0   0x0000008c   Code   RO         7101    i.vTaskSwitchContext  tasks.o
    0x08013f3c   0x08013f3c   0x00000040   Code   RO        11419    i.verify_CRC16_check_sum  crc8_crc16.o
    0x08013f7c   0x08013f7c   0x0000002e   Code   RO        11420    i.verify_CRC8_check_sum  crc8_crc16.o
    0x08013faa   0x08013faa   0x00000002   PAD
    0x08013fac   0x08013fac   0x00000168   Code   RO         8003    i.xPortStartScheduler  port.o
    0x08014114   0x08014114   0x00000034   Code   RO         8004    i.xPortSysTickHandler  port.o
    0x08014148   0x08014148   0x000000de   Code   RO         6739    i.xQueueGenericCreateStatic  queue.o
    0x08014226   0x08014226   0x00000002   PAD
    0x08014228   0x08014228   0x00000098   Code   RO         6740    i.xQueueGenericReset  queue.o
    0x080142c0   0x080142c0   0x000001a8   Code   RO         6741    i.xQueueGenericSend  queue.o
    0x08014468   0x08014468   0x000000f8   Code   RO         6742    i.xQueueGenericSendFromISR  queue.o
    0x08014560   0x08014560   0x00000168   Code   RO         6750    i.xQueueReceive     queue.o
    0x080146c8   0x080146c8   0x000000a8   Code   RO         7103    i.xTaskCheckForTimeOut  tasks.o
    0x08014770   0x08014770   0x00000064   Code   RO         7104    i.xTaskCreate       tasks.o
    0x080147d4   0x080147d4   0x000000b8   Code   RO         7105    i.xTaskCreateStatic  tasks.o
    0x0801488c   0x0801488c   0x000000a4   Code   RO         7109    i.xTaskGetHandle    tasks.o
    0x08014930   0x08014930   0x00000020   Code   RO         7110    i.xTaskGetSchedulerState  tasks.o
    0x08014950   0x08014950   0x0000000c   Code   RO         7111    i.xTaskGetTickCount  tasks.o
    0x0801495c   0x0801495c   0x00000148   Code   RO         7113    i.xTaskIncrementTick  tasks.o
    0x08014aa4   0x08014aa4   0x000000c8   Code   RO         7116    i.xTaskPriorityDisinherit  tasks.o
    0x08014b6c   0x08014b6c   0x00000098   Code   RO         7118    i.xTaskRemoveFromEventList  tasks.o
    0x08014c04   0x08014c04   0x00000104   Code   RO         7119    i.xTaskResumeAll    tasks.o
    0x08014d08   0x08014d08   0x00000078   Code   RO         7428    i.xTimerCreateTimerTask  timers.o
    0x08014d80   0x08014d80   0x00000084   Code   RO         7429    i.xTimerGenericCommand  timers.o
    0x08014e04   0x08014e04   0x00000150   Data   RO          678    .constdata          freertos.o
    0x08014f54   0x08014f54   0x00000008   Data   RO         5883    .constdata          stm32f4xx_hal_dma.o
    0x08014f5c   0x08014f5c   0x00000018   Data   RO         6545    .constdata          system_stm32f4xx.o
    0x08014f74   0x08014f74   0x0000000f   Data   RO         9210    .constdata          calibrate_task.o
    0x08014f83   0x08014f83   0x00000001   PAD
    0x08014f84   0x08014f84   0x0000002c   Data   RO         9592    .constdata          chassis_task.o
    0x08014fb0   0x08014fb0   0x00000054   Data   RO         9658    .constdata          detect_task.o
    0x08015004   0x08015004   0x00000018   Data   RO         9902    .constdata          gimbal_task.o
    0x0801501c   0x0801501c   0x00000018   Data   RO        10032    .constdata          ins_task.o
    0x08015034   0x08015034   0x00001164   Data   RO        10135    .constdata          oled_task.o
    0x08016198   0x08016198   0x00000018   Data   RO        10360    .constdata          shoot.o
    0x080161b0   0x080161b0   0x0000000e   Data   RO        10452    .constdata          usb_task.o
    0x080161be   0x080161be   0x00000008   Data   RO        10568    .constdata          servo_task.o
    0x080161c6   0x080161c6   0x00000002   PAD
    0x080161c8   0x080161c8   0x00000018   Data   RO        10659    .constdata          auto_aim.o
    0x080161e0   0x080161e0   0x0000115c   Data   RO        10721    .constdata          oled.o
    0x0801733c   0x0801733c   0x00000012   Data   RO        10847    .constdata          bmi088driver.o
    0x0801734e   0x0801734e   0x0000000c   Data   RO        11038    .constdata          ist8310driver.o
    0x0801735a   0x0801735a   0x00000302   Data   RO        11421    .constdata          crc8_crc16.o
    0x0801765c   0x0801765c   0x0000000c   Data   RO        11801    .constdata          AHRS.lib(ahrs.o)
    0x08017668   0x08017668   0x00000804   Data   RO        12011    .constdata          arm_cortexM4lf_math.lib(arm_common_tables.o)
    0x08017e6c   0x08017e6c   0x00000069   Data   RO          679    .conststring        freertos.o
    0x08017ed5   0x08017ed5   0x00000003   PAD
    0x08017ed8   0x08017ed8   0x00000122   Data   RO        10453    .conststring        usb_task.o
    0x08017ffa   0x08017ffa   0x00000002   PAD
    0x08017ffc   0x08017ffc   0x00000020   Data   RO        12251    Region$$Table       anon$$obj.o


    Execution Region RW_IRAM1 (Exec base: 0x20000000, Load base: 0x0801801c, Size: 0x0000e950, Max: 0x00020000, ABSOLUTE, COMPRESSED[0x00000178])

    Exec Addr    Load Addr    Size         Type   Attr      Idx    E Section Name        Object

    0x20000000   COMPRESSED   0x00000004   Data   RW          560    .data               can.o
    0x20000004   COMPRESSED   0x00000008   Data   RW          607    .data               crc.o
    0x2000000c   COMPRESSED   0x00000030   Data   RW          680    .data               freertos.o
    0x2000003c   COMPRESSED   0x0000004e   Data   RW         1399    .data               usbd_desc.o
    0x2000008a   COMPRESSED   0x00000002   PAD
    0x2000008c   COMPRESSED   0x00000010   Data   RW         1485    .data               usbd_cdc_if.o
    0x2000009c   COMPRESSED   0x00000009   Data   RW         6315    .data               stm32f4xx_hal.o
    0x200000a5   COMPRESSED   0x00000003   PAD
    0x200000a8   COMPRESSED   0x00000004   Data   RW         6546    .data               system_stm32f4xx.o
    0x200000ac   COMPRESSED   0x0000003c   Data   RW         7122    .data               tasks.o
    0x200000e8   COMPRESSED   0x00000014   Data   RW         7437    .data               timers.o
    0x200000fc   COMPRESSED   0x00000018   Data   RW         7954    .data               heap_4.o
    0x20000114   COMPRESSED   0x0000000c   Data   RW         8005    .data               port.o
    0x20000120   COMPRESSED   0x00000001   Data   RW         8227    .data               usbd_ctlreq.o
    0x20000121   COMPRESSED   0x00000003   PAD
    0x20000124   COMPRESSED   0x0000010f   Data   RW         8383    .data               usbd_cdc.o
    0x20000233   COMPRESSED   0x00000001   PAD
    0x20000234   COMPRESSED   0x00000004   Data   RW         8479    .data               bsp_adc.o
    0x20000238   COMPRESSED   0x00000008   Data   RW         8726    .data               bsp_delay.o
    0x20000240   COMPRESSED   0x00000010   Data   RW         8770    .data               bsp_flash.o
    0x20000250   COMPRESSED   0x00000008   Data   RW         8994    .data               bsp_led.o
    0x20000258   COMPRESSED   0x00000054   Data   RW         9211    .data               calibrate_task.o
    0x200002ac   COMPRESSED   0x00000011   Data   RW         9319    .data               can_receive.o
    0x200002bd   COMPRESSED   0x00000003   PAD
    0x200002c0   COMPRESSED   0x0000000c   Data   RW         9408    .data               chassis_behaviour.o
    0x200002cc   COMPRESSED   0x00000005   Data   RW         9593    .data               chassis_task.o
    0x200002d1   COMPRESSED   0x00000003   PAD
    0x200002d4   COMPRESSED   0x00000009   Data   RW         9659    .data               detect_task.o
    0x200002dd   COMPRESSED   0x00000003   PAD
    0x200002e0   COMPRESSED   0x0000001c   Data   RW         9707    .data               gimbal_behaviour.o
    0x200002fc   COMPRESSED   0x00000014   Data   RW         9903    .data               gimbal_task.o
    0x20000310   COMPRESSED   0x000000a0   Data   RW        10033    .data               ins_task.o
    0x200003b0   COMPRESSED   0x00000017   Data   RW        10136    .data               oled_task.o
    0x200003c7   COMPRESSED   0x00000026   Data   RW        10175    .data               referee.o
    0x200003ed   COMPRESSED   0x00000001   PAD
    0x200003ee   COMPRESSED   0x00000002   Data   RW        10239    .data               referee_usart_task.o
    0x200003f0   COMPRESSED   0x00000003   Data   RW        10288    .data               remote_control.o
    0x200003f3   COMPRESSED   0x00000001   PAD
    0x200003f4   COMPRESSED   0x00000012   Data   RW        10361    .data               shoot.o
    0x20000406   COMPRESSED   0x00000002   PAD
    0x20000408   COMPRESSED   0x0000000a   Data   RW        10416    .data               test_task.o
    0x20000412   COMPRESSED   0x00000002   PAD
    0x20000414   COMPRESSED   0x00000008   Data   RW        10454    .data               usb_task.o
    0x2000041c   COMPRESSED   0x00000008   Data   RW        10505    .data               voltage_task.o
    0x20000424   COMPRESSED   0x0000001c   Data   RW        10541    .data               led_flow_task.o
    0x20000440   COMPRESSED   0x0000000c   Data   RW        10569    .data               servo_task.o
    0x2000044c   COMPRESSED   0x00000003   Data   RW        10601    .data               vision.o
    0x2000044f   COMPRESSED   0x00000001   PAD
    0x20000450   COMPRESSED   0x00000008   Data   RW        10660    .data               auto_aim.o
    0x20000458   COMPRESSED   0x00000008   Data   RW        10722    .data               oled.o
    0x20000460   COMPRESSED   0x0000002c   Data   RW        10848    .data               bmi088driver.o
    0x2000048c   COMPRESSED   0x00000002   Data   RW        11422    .data               crc8_crc16.o
    0x2000048e   COMPRESSED   0x00000002   PAD
    0x20000490   COMPRESSED   0x00000010   Data   RW        11802    .data               AHRS.lib(ahrs.o)
    0x200004a0   COMPRESSED   0x00000004   Data   RW        12229    .data               mc_w.l(mvars.o)
    0x200004a4   COMPRESSED   0x00000004   Data   RW        12230    .data               mc_w.l(mvars.o)
    0x200004a8   COMPRESSED   0x00000004   Data   RW        12234    .data               mc_w.l(errno.o)
    0x200004ac        -       0x00000090   Zero   RW          511    .bss                adc.o
    0x2000053c        -       0x00000050   Zero   RW          559    .bss                can.o
    0x2000058c        -       0x000006a8   Zero   RW          677    .bss                freertos.o
    0x20000c34        -       0x0000015c   Zero   RW          824    .bss                i2c.o
    0x20000d90        -       0x00000010   Zero   RW          876    .bss                rng.o
    0x20000da0        -       0x00000020   Zero   RW          918    .bss                rtc.o
    0x20000dc0        -       0x00000170   Zero   RW          961    .bss                spi.o
    0x20000f30        -       0x00000180   Zero   RW         1014    .bss                tim.o
    0x200010b0        -       0x00000240   Zero   RW         1088    .bss                usart.o
    0x200012f0        -       0x0000029c   Zero   RW         1138    .bss                usb_device.o
    0x2000158c        -       0x00000408   Zero   RW         1223    .bss                usbd_conf.o
    0x20001994        -       0x00000200   Zero   RW         1398    .bss                usbd_desc.o
    0x20001b94        -       0x00001000   Zero   RW         1484    .bss                usbd_cdc_if.o
    0x20002b94        -       0x00000020   Zero   RW         5537    .bss                stm32f4xx_hal_flash.o
    0x20002bb4        -       0x00000040   Zero   RW         6753    .bss                queue.o
    0x20002bf4        -       0x000000f0   Zero   RW         7121    .bss                tasks.o
    0x20002ce4        -       0x00000110   Zero   RW         7436    .bss                timers.o
    0x20002df4        -       0x00006000   Zero   RW         7953    .bss                heap_4.o
    0x20008df4        -       0x00000010   Zero   RW         8478    .bss                bsp_adc.o
    0x20008e04        -       0x00000115   Zero   RW         9209    .bss                calibrate_task.o
    0x20008f19   COMPRESSED   0x00000003   PAD
    0x20008f1c        -       0x00000078   Zero   RW         9318    .bss                can_receive.o
    0x20008f94        -       0x0000027c   Zero   RW         9591    .bss                chassis_task.o
    0x20009210        -       0x0000021c   Zero   RW         9657    .bss                detect_task.o
    0x2000942c        -       0x000001ec   Zero   RW         9901    .bss                gimbal_task.o
    0x20009618        -       0x00000134   Zero   RW        10031    .bss                ins_task.o
    0x2000974c        -       0x00000055   Zero   RW        10174    .bss                referee.o
    0x200097a1   COMPRESSED   0x00000003   PAD
    0x200097a4        -       0x000008a1   Zero   RW        10238    .bss                referee_usart_task.o
    0x2000a045        -       0x00000072   Zero   RW        10287    .bss                remote_control.o
    0x2000a0b7   COMPRESSED   0x00000001   PAD
    0x2000a0b8        -       0x000000b0   Zero   RW        10359    .bss                shoot.o
    0x2000a168        -       0x00000100   Zero   RW        10451    .bss                usb_task.o
    0x2000a268        -       0x00000240   Zero   RW        10600    .bss                vision.o
    0x2000a4a8        -       0x00000090   Zero   RW        10658    .bss                auto_aim.o
    0x2000a538        -       0x00000417   Zero   RW        10720    .bss                oled.o
    0x2000a94f   COMPRESSED   0x00000001   PAD
    0x2000a950        -       0x00002000   Zero   RW            2    HEAP                startup_stm32f407xx.o
    0x2000c950        -       0x00002000   Zero   RW            1    STACK               startup_stm32f407xx.o


==============================================================================

Image component sizes


      Code (inc. data)   RO Data    RW Data    ZI Data      Debug   Object Name

       396         42          0          0        144       2614   adc.o
       168          4          0          0          0       6000   ahrs_middleware.o
        96         34         24          8        144       2801   auto_aim.o
      2338         40         18         44          0      11439   bmi088driver.o
       140         28          0          0          0       5364   bmi088middleware.o
       288         44          0          4         16     630272   bsp_adc.o
        36         10          0          0          0       1105   bsp_buzzer.o
        92          8          0          0          0        650   bsp_can.o
       128         20          0          8          0       1508   bsp_delay.o
       694        108          0         16          0       4421   bsp_flash.o
        24          8          0          0          0       1094   bsp_fric.o
      1260        100          0          0          0       6389   bsp_i2c.o
        12          4          0          0          0        558   bsp_imu_pwm.o
        32         10          0          0          0       1031   bsp_laser.o
       104         22          0          8          0        648   bsp_led.o
       260         28          0          0          0       2211   bsp_rc.o
        60          8          0          0          0        636   bsp_servo_pwm.o
       712         40          0          0          0       1558   bsp_spi.o
       480         38          0          0          0       1994   bsp_usart.o
      2062        108         15         84        277      18414   calibrate_task.o
       488         44          0          4         80       2682   can.o
       496         72          0         17        120       8516   can_receive.o
       784         60          0         12          0      19369   chassis_behaviour.o
       464         36          0          0          0       9928   chassis_power_control.o
      2554        132         44          5        636       8809   chassis_task.o
       158          0          0          0          0      23170   cmsis_os.o
        84         18          0          8          0       1699   crc.o
       198         16        770          2          0       4097   crc8_crc16.o
      1360         50         84          9        540       4289   detect_task.o
       184          6          0          0          0        954   dma.o
         0          0          0          0          0      18068   event_groups.o
       258          0          0          0          0       9679   fifo.o
       396         74        441         48       1704      36049   freertos.o
      2228        186          0         28          0      10132   gimbal_behaviour.o
      2820        138         24         20        492      16368   gimbal_task.o
       596         30          0          0          0     755755   gpio.o
       692         62          0         24      24576       5143   heap_4.o
       700         80          0          0        348       3408   i2c.o
      2304        304         24        160        308      13252   ins_task.o
       148          6         12          0          0       1643   ist8310driver.o
       136         22          0          0          0       4419   ist8310driver_middleware.o
       432         10          0         28          0       1845   led_flow_task.o
       148          0          0          0          0       3938   list.o
       346         14          0          0          0      70816   main.o
      1108         56       4444          8       1047      11947   oled.o
       532         42       4452         23          0       3206   oled_task.o
       668         12          0          0          0       2682   pid.o
      1014         92          0         12          0      12781   port.o
      1910         20          0          0         64      15548   queue.o
       632        160          0         38         85       9615   referee.o
       684         50          0          2       2209       4332   referee_usart_task.o
       654         44          0          3        114       4272   remote_control.o
        84         18          0          0         16       1699   rng.o
        76         16          0          0         32       1651   rtc.o
       176         14          8         12          0       1866   servo_task.o
      2128        154         24         18        176       7774   shoot.o
       604         54          0          0        368       2848   spi.o
        36          8        392          0      16384        896   startup_stm32f407xx.o
       212         36          0          9          0       4985   stm32f4xx_hal.o
      1370         54          0          0          0       5546   stm32f4xx_hal_adc.o
      2136          6          0          0          0      15543   stm32f4xx_hal_can.o
       304         22          0          0          0      34883   stm32f4xx_hal_cortex.o
        36          0          0          0          0       1163   stm32f4xx_hal_crc.o
      1034         16          8          0          0       4200   stm32f4xx_hal_dma.o
       636         64          0          0         32       6574   stm32f4xx_hal_flash.o
       432         26          0          0          0       3562   stm32f4xx_hal_flash_ex.o
       568         50          0          0          0       3926   stm32f4xx_hal_gpio.o
      3312         60          0          0          0      14520   stm32f4xx_hal_i2c.o
        84          6          0          0          0        958   stm32f4xx_hal_msp.o
      3242         18          0          0          0      13821   stm32f4xx_hal_pcd.o
        90          0          0          0          0       2677   stm32f4xx_hal_pcd_ex.o
      1732         84          0          0          0       5960   stm32f4xx_hal_rcc.o
       416         20          0          0          0       1528   stm32f4xx_hal_rcc_ex.o
        52          0          0          0          0       1191   stm32f4xx_hal_rng.o
       336          4          0          0          0       2860   stm32f4xx_hal_rtc.o
       970          8          0          0          0       4813   stm32f4xx_hal_spi.o
      1572         90          0          0          0      13915   stm32f4xx_hal_tim.o
       200          0          0          0          0       2288   stm32f4xx_hal_tim_ex.o
       986          8          0          0          0       1984   stm32f4xx_hal_uart.o
       168         36          0          0          0       9187   stm32f4xx_it.o
      3696        112          0          0          0      24538   stm32f4xx_ll_usb.o
         0          0          0          0          0        392   stream_buffer.o
       100         18         24          4          0       1335   system_stm32f4xx.o
      3688        418          0         60        240      32685   tasks.o
       268         30          0         10          0       2244   test_task.o
      2124        162          0          0        384       7395   tim.o
      1238        124          0         20        272      28103   timers.o
       940         88          0          0        576       3812   usart.o
        76         16          0          0        668       7267   usb_device.o
       364         24        304          8        256       2778   usb_task.o
       964         24          0        271          0      14606   usbd_cdc.o
       192         22          0         16       4096       3948   usbd_cdc_if.o
       990         18          0          0       1032      17304   usbd_conf.o
       886          0          0          0          0      14153   usbd_core.o
      1944         28          0          1          0      12000   usbd_ctlreq.o
       386        122          0         78        512       7289   usbd_desc.o
       174          0          0          0          0       5144   usbd_ioreq.o
       440          8          0          0          0       5483   user_lib.o
       230         38          0          3        576       4628   vision.o
       336         72          0          8          0       2301   voltage_task.o

    ----------------------------------------------------------------------
     76690       4736      11152       1168      58532    2169341   Object Totals
         0          0         32          0          0          0   (incl. Generated)
       104          0          8         27          8          0   (incl. Padding)

    ----------------------------------------------------------------------

      Code (inc. data)   RO Data    RW Data    ZI Data      Debug   Library Member Name

      2718         84         12         16          0       9922   ahrs.o
         0          0       2052          0          0       4636   arm_common_tables.o
       120         12          0          0          0      16970   arm_cos_f32.o
       116         12          0          0          0        658   arm_sin_f32.o
       300         42          0          0          0        176   asinf.o
       684         90          0          0          0        208   atan2f.o
        20          0          0          0          0        124   fabs.o
        38          0          0          0          0        116   fpclassifyf.o
        44         12          0          0          0        464   funder.o
       120          0          0          0          0        272   sqrtf_full.o
        86          0          0          0          0          0   __dczerorl2.o
         0          0          0          0          0          0   entry.o
         0          0          0          0          0          0   entry10a.o
         0          0          0          0          0          0   entry11a.o
         4          0          0          0          0          0   entry12b.o
         8          4          0          0          0          0   entry2.o
         4          0          0          0          0          0   entry5.o
         0          0          0          0          0          0   entry7b.o
         0          0          0          0          0          0   entry8b.o
         8          4          0          0          0          0   entry9a.o
        12          6          0          4          0         68   errno.o
        30          0          0          0          0          0   handlers.o
        36          8          0          0          0         68   init.o
         0          0          0          0          0          0   iusefp.o
        30          0          0          0          0         68   llshl.o
        36          0          0          0          0         68   llsshr.o
        32          0          0          0          0         68   llushr.o
       188         20          0          0          0        160   malloc.o
        36          0          0          0          0         68   memcpya.o
        36          0          0          0          0        108   memseta.o
         0          0          0          8          0          0   mvars.o
      2232         86          0          0          0        528   printfa.o
        14          0          0          0          0         68   strlen.o
        44          0          0          0          0         80   uidiv.o
        98          0          0          0          0         92   uldiv.o
        48          0          0          0          0         68   cdcmple.o
        48          0          0          0          0         68   cdrcmple.o
        56          0          0          0          0         88   d2f.o
       334          0          0          0          0        148   dadd.o
       222          0          0          0          0        100   ddiv.o
       186          0          0          0          0        176   depilogue.o
        48          0          0          0          0         68   dfixul.o
       228          0          0          0          0         96   dmul.o
        38          0          0          0          0         68   f2d.o
       110          0          0          0          0        168   fepilogue.o

    ----------------------------------------------------------------------
      8426        380       2064         28          0      36038   Library Totals
        14          0          0          0          0          0   (incl. Padding)

    ----------------------------------------------------------------------

      Code (inc. data)   RO Data    RW Data    ZI Data      Debug   Library Name

      2718         84         12         16          0       9922   AHRS.lib
       236         24       2052          0          0      22264   arm_cortexM4lf_math.lib
      1206        144          0          0          0       1360   m_wm.l
      2934        128          0         12          0       1444   mc_w.l
      1318          0          0          0          0       1048   mf_w.l

    ----------------------------------------------------------------------
      8426        380       2064         28          0      36038   Library Totals

    ----------------------------------------------------------------------

==============================================================================


      Code (inc. data)   RO Data    RW Data    ZI Data      Debug   

     85116       5116      13216       1196      58532    2143163   Grand Totals
     85116       5116      13216        376      58532    2143163   ELF Image Totals (compressed)
     85116       5116      13216        376          0          0   ROM Totals

==============================================================================

    Total RO  Size (Code + RO Data)                98332 (  96.03kB)
    Total RW  Size (RW Data + ZI Data)             59728 (  58.33kB)
    Total ROM Size (Code + RO Data + RW Data)      98708 (  96.39kB)

==============================================================================

