Component: ARM Compiler 5.06 update 7 (build 960) Tool: armlink [4d3601]

==============================================================================

Section Cross References

    startup_stm32f407xx.o(RESET) refers to startup_stm32f407xx.o(STACK) for __initial_sp
    startup_stm32f407xx.o(RESET) refers to startup_stm32f407xx.o(.text) for Reset_Handler
    startup_stm32f407xx.o(RESET) refers to stm32f4xx_it.o(i.NMI_Handler) for NMI_Handler
    startup_stm32f407xx.o(RESET) refers to stm32f4xx_it.o(i.HardFault_Handler) for HardFault_Handler
    startup_stm32f407xx.o(RESET) refers to stm32f4xx_it.o(i.MemManage_Handler) for MemManage_Handler
    startup_stm32f407xx.o(RESET) refers to stm32f4xx_it.o(i.BusFault_Handler) for BusFault_Handler
    startup_stm32f407xx.o(RESET) refers to stm32f4xx_it.o(i.UsageFault_Handler) for UsageFault_Handler
    startup_stm32f407xx.o(RESET) refers to port.o(.emb_text) for SVC_Handler
    startup_stm32f407xx.o(RESET) refers to stm32f4xx_it.o(i.DebugMon_Handler) for DebugMon_Handler
    startup_stm32f407xx.o(RESET) refers to stm32f4xx_it.o(i.SysTick_Handler) for SysTick_Handler
    startup_stm32f407xx.o(RESET) refers to stm32f4xx_it.o(i.EXTI0_IRQHandler) for EXTI0_IRQHandler
    startup_stm32f407xx.o(RESET) refers to stm32f4xx_it.o(i.EXTI3_IRQHandler) for EXTI3_IRQHandler
    startup_stm32f407xx.o(RESET) refers to stm32f4xx_it.o(i.EXTI4_IRQHandler) for EXTI4_IRQHandler
    startup_stm32f407xx.o(RESET) refers to stm32f4xx_it.o(i.CAN1_RX0_IRQHandler) for CAN1_RX0_IRQHandler
    startup_stm32f407xx.o(RESET) refers to stm32f4xx_it.o(i.EXTI9_5_IRQHandler) for EXTI9_5_IRQHandler
    startup_stm32f407xx.o(RESET) refers to vision.o(i.USART1_IRQHandler) for USART1_IRQHandler
    startup_stm32f407xx.o(RESET) refers to remote_control.o(i.USART3_IRQHandler) for USART3_IRQHandler
    startup_stm32f407xx.o(RESET) refers to bsp_i2c.o(i.DMA1_Stream7_IRQHandler) for DMA1_Stream7_IRQHandler
    startup_stm32f407xx.o(RESET) refers to stm32f4xx_it.o(i.DMA2_Stream1_IRQHandler) for DMA2_Stream1_IRQHandler
    startup_stm32f407xx.o(RESET) refers to ins_task.o(i.DMA2_Stream2_IRQHandler) for DMA2_Stream2_IRQHandler
    startup_stm32f407xx.o(RESET) refers to stm32f4xx_it.o(i.CAN2_RX0_IRQHandler) for CAN2_RX0_IRQHandler
    startup_stm32f407xx.o(RESET) refers to stm32f4xx_it.o(i.OTG_FS_IRQHandler) for OTG_FS_IRQHandler
    startup_stm32f407xx.o(RESET) refers to stm32f4xx_it.o(i.DMA2_Stream6_IRQHandler) for DMA2_Stream6_IRQHandler
    startup_stm32f407xx.o(RESET) refers to stm32f4xx_it.o(i.DMA2_Stream7_IRQHandler) for DMA2_Stream7_IRQHandler
    startup_stm32f407xx.o(RESET) refers to referee_usart_task.o(i.USART6_IRQHandler) for USART6_IRQHandler
    startup_stm32f407xx.o(.text) refers to system_stm32f4xx.o(i.SystemInit) for SystemInit
    startup_stm32f407xx.o(.text) refers to entry.o(.ARM.Collect$$$$00000000) for __main
    main.o(i.SystemClock_Config) refers to memseta.o(.text) for __aeabi_memclr4
    main.o(i.SystemClock_Config) refers to stm32f4xx_hal_rcc.o(i.HAL_RCC_OscConfig) for HAL_RCC_OscConfig
    main.o(i.SystemClock_Config) refers to main.o(i.Error_Handler) for Error_Handler
    main.o(i.SystemClock_Config) refers to stm32f4xx_hal_rcc.o(i.HAL_RCC_ClockConfig) for HAL_RCC_ClockConfig
    main.o(i.SystemClock_Config) refers to stm32f4xx_hal_rcc_ex.o(i.HAL_RCCEx_PeriphCLKConfig) for HAL_RCCEx_PeriphCLKConfig
    main.o(i.main) refers to stm32f4xx_hal.o(i.HAL_Init) for HAL_Init
    main.o(i.main) refers to main.o(i.SystemClock_Config) for SystemClock_Config
    main.o(i.main) refers to gpio.o(i.MX_GPIO_Init) for MX_GPIO_Init
    main.o(i.main) refers to dma.o(i.MX_DMA_Init) for MX_DMA_Init
    main.o(i.main) refers to adc.o(i.MX_ADC1_Init) for MX_ADC1_Init
    main.o(i.main) refers to adc.o(i.MX_ADC3_Init) for MX_ADC3_Init
    main.o(i.main) refers to can.o(i.MX_CAN1_Init) for MX_CAN1_Init
    main.o(i.main) refers to can.o(i.MX_CAN2_Init) for MX_CAN2_Init
    main.o(i.main) refers to i2c.o(i.MX_I2C1_Init) for MX_I2C1_Init
    main.o(i.main) refers to spi.o(i.MX_SPI1_Init) for MX_SPI1_Init
    main.o(i.main) refers to tim.o(i.MX_TIM4_Init) for MX_TIM4_Init
    main.o(i.main) refers to tim.o(i.MX_TIM5_Init) for MX_TIM5_Init
    main.o(i.main) refers to usart.o(i.MX_USART3_UART_Init) for MX_USART3_UART_Init
    main.o(i.main) refers to tim.o(i.MX_TIM8_Init) for MX_TIM8_Init
    main.o(i.main) refers to crc.o(i.MX_CRC_Init) for MX_CRC_Init
    main.o(i.main) refers to rng.o(i.MX_RNG_Init) for MX_RNG_Init
    main.o(i.main) refers to i2c.o(i.MX_I2C2_Init) for MX_I2C2_Init
    main.o(i.main) refers to i2c.o(i.MX_I2C3_Init) for MX_I2C3_Init
    main.o(i.main) refers to rtc.o(i.MX_RTC_Init) for MX_RTC_Init
    main.o(i.main) refers to spi.o(i.MX_SPI2_Init) for MX_SPI2_Init
    main.o(i.main) refers to tim.o(i.MX_TIM1_Init) for MX_TIM1_Init
    main.o(i.main) refers to tim.o(i.MX_TIM3_Init) for MX_TIM3_Init
    main.o(i.main) refers to tim.o(i.MX_TIM10_Init) for MX_TIM10_Init
[...]
    0x08001008   0x08001008   0x00000088   Code   RO        10440    i.BMI088_accel_read_over  bmi088driver.o
    0x08001090   0x08001090   0x00000002   Code   RO        10581    i.BMI088_com_init   bmi088middleware.o
    0x08001092   0x08001092   0x00000004   Code   RO        10582    i.BMI088_delay_ms   bmi088middleware.o
    0x08001096   0x08001096   0x00000004   Code   RO        10583    i.BMI088_delay_us   bmi088middleware.o
    0x0800109a   0x0800109a   0x00000002   PAD
    0x0800109c   0x0800109c   0x00000060   Code   RO        10441    i.BMI088_gyro_read_over  bmi088driver.o
    0x080010fc   0x080010fc   0x0000002e   Code   RO        10442    i.BMI088_init       bmi088driver.o
    0x0800112a   0x0800112a   0x00000002   PAD
    0x0800112c   0x0800112c   0x0000015c   Code   RO        10443    i.BMI088_read       bmi088driver.o
    0x08001288   0x08001288   0x00000024   Code   RO        10446    i.BMI088_read_muli_reg  bmi088driver.o
    0x080012ac   0x080012ac   0x00000016   Code   RO        10447    i.BMI088_read_single_reg  bmi088driver.o
    0x080012c2   0x080012c2   0x00000002   PAD
    0x080012c4   0x080012c4   0x00000020   Code   RO        10584    i.BMI088_read_write_byte  bmi088middleware.o
    0x080012e4   0x080012e4   0x00000030   Code   RO        10448    i.BMI088_temperature_read_over  bmi088driver.o
    0x08001314   0x08001314   0x00000012   Code   RO        10449    i.BMI088_write_single_reg  bmi088driver.o
    0x08001326   0x08001326   0x00000002   Code   RO         1302    i.BusFault_Handler  stm32f4xx_it.o
    0x08001328   0x08001328   0x0000000c   Code   RO         1303    i.CAN1_RX0_IRQHandler  stm32f4xx_it.o
    0x08001334   0x08001334   0x0000000c   Code   RO         1304    i.CAN2_RX0_IRQHandler  stm32f4xx_it.o
    0x08001340   0x08001340   0x00000048   Code   RO         9070    i.CAN_cmd_chassis   can_receive.o
    0x08001388   0x08001388   0x00000040   Code   RO         9071    i.CAN_cmd_chassis_reset_ID  can_receive.o
    0x080013c8   0x080013c8   0x00000048   Code   RO         9072    i.CAN_cmd_gimbal    can_receive.o
    0x08001410   0x08001410   0x00000008   Code   RO         1250    i.CDC_Control_FS    usbd_cdc_if.o
    0x08001418   0x08001418   0x00000004   Code   RO         1251    i.CDC_DeInit_FS     usbd_cdc_if.o
    0x0800141c   0x0800141c   0x00000024   Code   RO         1252    i.CDC_Init_FS       usbd_cdc_if.o
    0x08001440   0x08001440   0x00000018   Code   RO         1253    i.CDC_Receive_FS    usbd_cdc_if.o
    0x08001458   0x08001458   0x0000002c   Code   RO         1254    i.CDC_Transmit_FS   usbd_cdc_if.o
    0x08001484   0x08001484   0x00000058   Code   RO         8648    i.DMA1_Stream7_IRQHandler  bsp_i2c.o
    0x080014dc   0x080014dc   0x0000000c   Code   RO         1305    i.DMA2_Stream1_IRQHandler  stm32f4xx_it.o
    0x080014e8   0x080014e8   0x000000a4   Code   RO         9630    i.DMA2_Stream2_IRQHandler  ins_task.o
    0x0800158c   0x0800158c   0x0000000c   Code   RO         1306    i.DMA2_Stream6_IRQHandler  stm32f4xx_it.o
    0x08001598   0x08001598   0x0000000c   Code   RO         1307    i.DMA2_Stream7_IRQHandler  stm32f4xx_it.o
    0x080015a4   0x080015a4   0x0000002c   Code   RO         5636    i.DMA_CalcBaseAndBitshift  stm32f4xx_hal_dma.o
    0x080015d0   0x080015d0   0x00000078   Code   RO         5637    i.DMA_CheckFifoParam  stm32f4xx_hal_dma.o
    0x08001648   0x08001648   0x00000002   Code   RO         1308    i.DebugMon_Handler  stm32f4xx_it.o
    0x0800164a   0x0800164a   0x00000006   Code   RO         1309    i.EXTI0_IRQHandler  stm32f4xx_it.o
    0x08001650   0x08001650   0x00000006   Code   RO         1310    i.EXTI3_IRQHandler  stm32f4xx_it.o
    0x08001656   0x08001656   0x00000006   Code   RO         1311    i.EXTI4_IRQHandler  stm32f4xx_it.o
    0x0800165c   0x0800165c   0x00000006   Code   RO         1312    i.EXTI9_5_IRQHandler  stm32f4xx_it.o
    0x08001662   0x08001662   0x00000002   Code   RO           13    i.Error_Handler     main.o
    0x08001664   0x08001664   0x00000050   Code   RO         5406    i.FLASH_Erase_Sector  stm32f4xx_hal_flash_ex.o
    0x080016b4   0x080016b4   0x00000054   Code   RO         5407    i.FLASH_FlushCaches  stm32f4xx_hal_flash_ex.o
    0x08001708   0x08001708   0x00000028   Code   RO         5408    i.FLASH_MassErase   stm32f4xx_hal_flash_ex.o
    0x08001730   0x08001730   0x00000020   Code   RO         5288    i.FLASH_Program_Byte  stm32f4xx_hal_flash.o
    0x08001750   0x08001750   0x00000028   Code   RO         5289    i.FLASH_Program_DoubleWord  stm32f4xx_hal_flash.o
    0x08001778   0x08001778   0x00000024   Code   RO         5290    i.FLASH_Program_HalfWord  stm32f4xx_hal_flash.o
    0x0800179c   0x0800179c   0x00000024   Code   RO         5291    i.FLASH_Program_Word  stm32f4xx_hal_flash.o
    0x080017c0   0x080017c0   0x00000068   Code   RO         5292    i.FLASH_SetErrorCode  stm32f4xx_hal_flash.o
    0x08001828   0x08001828   0x00000054   Code   RO         5293    i.FLASH_WaitForLastOperation  stm32f4xx_hal_flash.o
    0x0800187c   0x0800187c   0x00000038   Code   RO         1159    i.Get_SerialNum     usbd_desc.o
    0x080018b4   0x080018b4   0x00000158   Code   RO         2028    i.HAL_ADC_ConfigChannel  stm32f4xx_hal_adc.o
    0x08001a0c   0x08001a0c   0x00000006   Code   RO         2035    i.HAL_ADC_GetValue  stm32f4xx_hal_adc.o
    0x08001a12   0x08001a12   0x00000054   Code   RO         2037    i.HAL_ADC_Init      stm32f4xx_hal_adc.o
    0x08001a66   0x08001a66   0x00000002   PAD
    0x08001a68   0x08001a68   0x0000007c   Code   RO          377    i.HAL_ADC_MspInit   adc.o
    0x08001ae4   0x08001ae4   0x000000a2   Code   RO         2041    i.HAL_ADC_PollForConversion  stm32f4xx_hal_adc.o
    0x08001b86   0x08001b86   0x00000002   PAD
    0x08001b88   0x08001b88   0x00000104   Code   RO         2043    i.HAL_ADC_Start     stm32f4xx_hal_adc.o
    0x08001c8c   0x08001c8c   0x00000024   Code   RO         2299    i.HAL_CAN_ActivateNotification  stm32f4xx_hal_can.o
    0x08001cb0   0x08001cb0   0x000000f2   Code   RO         2300    i.HAL_CAN_AddTxMessage  stm32f4xx_hal_can.o
    0x08001da2   0x08001da2   0x00000002   PAD
    0x08001da4   0x08001da4   0x00000110   Code   RO         2301    i.HAL_CAN_ConfigFilter  stm32f4xx_hal_can.o
    0x08001eb4   0x08001eb4   0x00000002   Code   RO         2304    i.HAL_CAN_ErrorCallback  stm32f4xx_hal_can.o
    0x08001eb6   0x08001eb6   0x00000104   Code   RO         2307    i.HAL_CAN_GetRxMessage  stm32f4xx_hal_can.o
    0x08001fba   0x08001fba   0x000001fc   Code   RO         2311    i.HAL_CAN_IRQHandler  stm32f4xx_hal_can.o
    0x080021b6   0x080021b6   0x00000152   Code   RO         2312    i.HAL_CAN_Init      stm32f4xx_hal_can.o
    0x08002308   0x08002308   0x00000100   Code   RO          425    i.HAL_CAN_MspInit   can.o
    0x08002408   0x08002408   0x00000002   Code   RO         2319    i.HAL_CAN_RxFifo0FullCallback  stm32f4xx_hal_can.o
    0x0800240a   0x0800240a   0x00000002   PAD
    0x0800240c   0x0800240c   0x00000074   Code   RO         9073    i.HAL_CAN_RxFifo0MsgPendingCallback  can_receive.o
    0x08002480   0x08002480   0x00000002   Code   RO         2321    i.HAL_CAN_RxFifo1FullCallback  stm32f4xx_hal_can.o
    0x08002482   0x08002482   0x00000002   Code   RO         2322    i.HAL_CAN_RxFifo1MsgPendingCallback  stm32f4xx_hal_can.o
    0x08002484   0x08002484   0x00000002   Code   RO         2323    i.HAL_CAN_SleepCallback  stm32f4xx_hal_can.o
    0x08002486   0x08002486   0x00000058   Code   RO         2324    i.HAL_CAN_Start     stm32f4xx_hal_can.o
    0x080024de   0x080024de   0x00000002   Code   RO         2326    i.HAL_CAN_TxMailbox0AbortCallback  stm32f4xx_hal_can.o
    0x080024e0   0x080024e0   0x00000002   Code   RO         2327    i.HAL_CAN_TxMailbox0CompleteCallback  stm32f4xx_hal_can.o
    0x080024e2   0x080024e2   0x00000002   Code   RO         2328    i.HAL_CAN_TxMailbox1AbortCallback  stm32f4xx_hal_can.o
    0x080024e4   0x080024e4   0x00000002   Code   RO         2329    i.HAL_CAN_TxMailbox1CompleteCallback  stm32f4xx_hal_can.o
    0x080024e6   0x080024e6   0x00000002   Code   RO         2330    i.HAL_CAN_TxMailbox2AbortCallback  stm32f4xx_hal_can.o
    0x080024e8   0x080024e8   0x00000002   Code   RO         2331    i.HAL_CAN_TxMailbox2CompleteCallback  stm32f4xx_hal_can.o
    0x080024ea   0x080024ea   0x00000002   Code   RO         2333    i.HAL_CAN_WakeUpFromRxMsgCallback  stm32f4xx_hal_can.o
    0x080024ec   0x080024ec   0x00000028   Code   RO         2536    i.HAL_CRC_Init      stm32f4xx_hal_crc.o
    0x08002514   0x08002514   0x00000028   Code   RO          474    i.HAL_CRC_MspInit   crc.o
    0x0800253c   0x0800253c   0x000001d0   Code   RO         5644    i.HAL_DMA_IRQHandler  stm32f4xx_hal_dma.o
    0x0800270c   0x0800270c   0x000000d4   Code   RO         5645    i.HAL_DMA_Init      stm32f4xx_hal_dma.o
    0x080027e0   0x080027e0   0x00000024   Code   RO         6058    i.HAL_Delay         stm32f4xx_hal.o
    0x08002804   0x08002804   0x000000a0   Code   RO         5418    i.HAL_FLASHEx_Erase  stm32f4xx_hal_flash_ex.o
    0x080028a4   0x080028a4   0x00000014   Code   RO         5297    i.HAL_FLASH_Lock    stm32f4xx_hal_flash.o
    0x080028b8   0x080028b8   0x0000007c   Code   RO         5302    i.HAL_FLASH_Program  stm32f4xx_hal_flash.o
    0x08002934   0x08002934   0x0000002c   Code   RO         5304    i.HAL_FLASH_Unlock  stm32f4xx_hal_flash.o
    0x08002960   0x08002960   0x00000098   Code   RO         9631    i.HAL_GPIO_EXTI_Callback  ins_task.o
    0x080029f8   0x080029f8   0x00000018   Code   RO         5531    i.HAL_GPIO_EXTI_IRQHandler  stm32f4xx_hal_gpio.o
    0x08002a10   0x08002a10   0x000001c4   Code   RO         5532    i.HAL_GPIO_Init     stm32f4xx_hal_gpio.o
    0x08002bd4   0x08002bd4   0x0000000e   Code   RO         5534    i.HAL_GPIO_ReadPin  stm32f4xx_hal_gpio.o
    0x08002be2   0x08002be2   0x0000000e   Code   RO         5536    i.HAL_GPIO_WritePin  stm32f4xx_hal_gpio.o
    0x08002bf0   0x08002bf0   0x0000000c   Code   RO         6064    i.HAL_GetTick       stm32f4xx_hal.o
    0x08002bfc   0x08002bfc   0x00000184   Code   RO         2603    i.HAL_I2C_Init      stm32f4xx_hal_i2c.o
    0x08002d80   0x08002d80   0x00000148   Code   RO         2616    i.HAL_I2C_Master_Transmit  stm32f4xx_hal_i2c.o
    0x08002ec8   0x08002ec8   0x0000028c   Code   RO         2621    i.HAL_I2C_Mem_Read  stm32f4xx_hal_i2c.o
    0x08003154   0x08003154   0x00000144   Code   RO         2624    i.HAL_I2C_Mem_Write  stm32f4xx_hal_i2c.o
    0x08003298   0x08003298   0x00000184   Code   RO          599    i.HAL_I2C_MspInit   i2c.o
    0x0800341c   0x0800341c   0x00000010   Code   RO         6070    i.HAL_IncTick       stm32f4xx_hal.o
    0x0800342c   0x0800342c   0x00000034   Code   RO         6071    i.HAL_Init          stm32f4xx_hal.o
    0x08003460   0x08003460   0x00000044   Code   RO         6072    i.HAL_InitTick      stm32f4xx_hal.o
    0x080034a4   0x080034a4   0x00000038   Code   RO         1426    i.HAL_MspInit       stm32f4xx_hal_msp.o
    0x080034dc   0x080034dc   0x0000001a   Code   RO         5921    i.HAL_NVIC_EnableIRQ  stm32f4xx_hal_cortex.o
    0x080034f6   0x080034f6   0x00000002   PAD
    0x080034f8   0x080034f8   0x00000040   Code   RO         5927    i.HAL_NVIC_SetPriority  stm32f4xx_hal_cortex.o
    0x08003538   0x08003538   0x00000024   Code   RO         5928    i.HAL_NVIC_SetPriorityGrouping  stm32f4xx_hal_cortex.o
    0x0800355c   0x0800355c   0x00000002   Code   RO         1676    i.HAL_PCDEx_LPM_Callback  stm32f4xx_hal_pcd_ex.o
    0x0800355e   0x0800355e   0x00000008   Code   RO         1677    i.HAL_PCDEx_SetRxFiFo  stm32f4xx_hal_pcd_ex.o
    0x08003566   0x08003566   0x00000042   Code   RO         1678    i.HAL_PCDEx_SetTxFiFo  stm32f4xx_hal_pcd_ex.o
    0x080035a8   0x080035a8   0x00000008   Code   RO          964    i.HAL_PCD_ConnectCallback  usbd_conf.o
    0x080035b0   0x080035b0   0x00000012   Code   RO          965    i.HAL_PCD_DataInStageCallback  usbd_conf.o
    0x080035c2   0x080035c2   0x00000014   Code   RO          966    i.HAL_PCD_DataOutStageCallback  usbd_conf.o
    0x080035d6   0x080035d6   0x00000008   Code   RO          967    i.HAL_PCD_DisconnectCallback  usbd_conf.o
    0x080035de   0x080035de   0x00000048   Code   RO         1459    i.HAL_PCD_EP_Close  stm32f4xx_hal_pcd.o
    0x08003626   0x08003626   0x00000058   Code   RO         1460    i.HAL_PCD_EP_ClrStall  stm32f4xx_hal_pcd.o
    0x0800367e   0x0800367e   0x00000012   Code   RO         1462    i.HAL_PCD_EP_GetRxCount  stm32f4xx_hal_pcd.o
    0x08003690   0x08003690   0x0000005c   Code   RO         1463    i.HAL_PCD_EP_Open   stm32f4xx_hal_pcd.o
    0x080036ec   0x080036ec   0x00000042   Code   RO         1464    i.HAL_PCD_EP_Receive  stm32f4xx_hal_pcd.o
    0x0800372e   0x0800372e   0x00000070   Code   RO         1465    i.HAL_PCD_EP_SetStall  stm32f4xx_hal_pcd.o
    0x0800379e   0x0800379e   0x00000042   Code   RO         1466    i.HAL_PCD_EP_Transmit  stm32f4xx_hal_pcd.o
    0x080037e0   0x080037e0   0x000003ee   Code   RO         1468    i.HAL_PCD_IRQHandler  stm32f4xx_hal_pcd.o
    0x08003bce   0x08003bce   0x00000008   Code   RO          968    i.HAL_PCD_ISOINIncompleteCallback  usbd_conf.o
    0x08003bd6   0x08003bd6   0x00000008   Code   RO          969    i.HAL_PCD_ISOOUTIncompleteCallback  usbd_conf.o
    0x08003bde   0x08003bde   0x000000e4   Code   RO         1471    i.HAL_PCD_Init      stm32f4xx_hal_pcd.o
    0x08003cc2   0x08003cc2   0x00000002   PAD
    0x08003cc4   0x08003cc4   0x00000084   Code   RO          971    i.HAL_PCD_MspInit   usbd_conf.o
    0x08003d48   0x08003d48   0x0000002e   Code   RO          972    i.HAL_PCD_ResetCallback  usbd_conf.o
    0x08003d76   0x08003d76   0x00000008   Code   RO          973    i.HAL_PCD_ResumeCallback  usbd_conf.o
    0x08003d7e   0x08003d7e   0x00000008   Code   RO          974    i.HAL_PCD_SOFCallback  usbd_conf.o
    0x08003d86   0x08003d86   0x00000028   Code   RO         1477    i.HAL_PCD_SetAddress  stm32f4xx_hal_pcd.o
    0x08003dae   0x08003dae   0x0000000e   Code   RO          975    i.HAL_PCD_SetupStageCallback  usbd_conf.o
    0x08003dbc   0x08003dbc   0x00000042   Code   RO         1479    i.HAL_PCD_Start     stm32f4xx_hal_pcd.o
    0x08003dfe   0x08003dfe   0x00000002   PAD
    0x08003e00   0x08003e00   0x00000030   Code   RO          976    i.HAL_PCD_SuspendCallback  usbd_conf.o
    0x08003e30   0x08003e30   0x00000148   Code   RO         5238    i.HAL_RCCEx_PeriphCLKConfig  stm32f4xx_hal_rcc_ex.o
    0x08003f78   0x08003f78   0x00000144   Code   RO         5133    i.HAL_RCC_ClockConfig  stm32f4xx_hal_rcc.o
    0x080040bc   0x080040bc   0x0000000c   Code   RO         5138    i.HAL_RCC_GetHCLKFreq  stm32f4xx_hal_rcc.o
    0x080040c8   0x080040c8   0x00000020   Code   RO         5140    i.HAL_RCC_GetPCLK1Freq  stm32f4xx_hal_rcc.o
    0x080040e8   0x080040e8   0x00000020   Code   RO         5141    i.HAL_RCC_GetPCLK2Freq  stm32f4xx_hal_rcc.o
    0x08004108   0x08004108   0x0000006c   Code   RO         5142    i.HAL_RCC_GetSysClockFreq  stm32f4xx_hal_rcc.o
    0x08004174   0x08004174   0x00000390   Code   RO         5145    i.HAL_RCC_OscConfig  stm32f4xx_hal_rcc.o
    0x08004504   0x08004504   0x00000034   Code   RO         3081    i.HAL_RNG_Init      stm32f4xx_hal_rng.o
    0x08004538   0x08004538   0x00000028   Code   RO          653    i.HAL_RNG_MspInit   rng.o
    0x08004560   0x08004560   0x000000b8   Code   RO         3182    i.HAL_RTC_Init      stm32f4xx_hal_rtc.o
    0x08004618   0x08004618   0x00000018   Code   RO          695    i.HAL_RTC_MspInit   rtc.o
    0x08004630   0x08004630   0x00000034   Code   RO         3190    i.HAL_RTC_WaitForSynchro  stm32f4xx_hal_rtc.o
    0x08004664   0x08004664   0x00000082   Code   RO         3551    i.HAL_SPI_Init      stm32f4xx_hal_spi.o
    0x080046e6   0x080046e6   0x00000002   PAD
    0x080046e8   0x080046e8   0x0000015c   Code   RO          737    i.HAL_SPI_MspInit   spi.o
    0x08004844   0x08004844   0x000001e4   Code   RO         3560    i.HAL_SPI_TransmitReceive  stm32f4xx_hal_spi.o
    0x08004a28   0x08004a28   0x00000028   Code   RO         5932    i.HAL_SYSTICK_Config  stm32f4xx_hal_cortex.o
    0x08004a50   0x08004a50   0x00000054   Code   RO         4553    i.HAL_TIMEx_ConfigBreakDeadTime  stm32f4xx_hal_tim_ex.o
    0x08004aa4   0x08004aa4   0x00000042   Code   RO         4568    i.HAL_TIMEx_MasterConfigSynchronization  stm32f4xx_hal_tim_ex.o
    0x08004ae6   0x08004ae6   0x00000038   Code   RO         3864    i.HAL_TIM_Base_Init  stm32f4xx_hal_tim.o
    0x08004b1e   0x08004b1e   0x00000002   PAD
    0x08004b20   0x08004b20   0x000000b8   Code   RO          785    i.HAL_TIM_Base_MspInit  tim.o
    0x08004bd8   0x08004bd8   0x00000024   Code   RO         3867    i.HAL_TIM_Base_Start  stm32f4xx_hal_tim.o
    0x08004bfc   0x08004bfc   0x000000e2   Code   RO         3873    i.HAL_TIM_ConfigClockSource  stm32f4xx_hal_tim.o
    0x08004cde   0x08004cde   0x00000002   PAD
    0x08004ce0   0x08004ce0   0x00000224   Code   RO          786    i.HAL_TIM_MspPostInit  tim.o
    0x08004f04   0x08004f04   0x000000da   Code   RO         3931    i.HAL_TIM_PWM_ConfigChannel  stm32f4xx_hal_tim.o
    0x08004fde   0x08004fde   0x00000038   Code   RO         3934    i.HAL_TIM_PWM_Init  stm32f4xx_hal_tim.o
    0x08005016   0x08005016   0x00000002   Code   RO         3936    i.HAL_TIM_PWM_MspInit  stm32f4xx_hal_tim.o
    0x08005018   0x08005018   0x00000044   Code   RO         3939    i.HAL_TIM_PWM_Start  stm32f4xx_hal_tim.o
    0x0800505c   0x0800505c   0x00000064   Code   RO         4826    i.HAL_UART_Init     stm32f4xx_hal_uart.o
    0x080050c0   0x080050c0   0x00000250   Code   RO          863    i.HAL_UART_MspInit  usart.o
    0x08005310   0x08005310   0x00000002   Code   RO         1313    i.HardFault_Handler  stm32f4xx_it.o
    0x08005312   0x08005312   0x00000002   PAD
    0x08005314   0x08005314   0x00000024   Code   RO         8649    i.I2C2_DMA_transmit  bsp_i2c.o
    0x08005338   0x08005338   0x00000080   Code   RO         8650    i.I2C2_tx_DMA_enable  bsp_i2c.o
    0x080053b8   0x080053b8   0x00000080   Code   RO         8651    i.I2C2_tx_DMA_init  bsp_i2c.o
    0x08005438   0x08005438   0x0000002e   Code   RO         2646    i.I2C_IsAcknowledgeFailed  stm32f4xx_hal_i2c.o
    0x08005466   0x08005466   0x00000002   PAD
    0x08005468   0x08005468   0x000000a4   Code   RO         2650    i.I2C_MasterRequestWrite  stm32f4xx_hal_i2c.o
    0x0800550c   0x0800550c   0x00000124   Code   RO         2656    i.I2C_RequestMemoryRead  stm32f4xx_hal_i2c.o
    0x08005630   0x08005630   0x000000b8   Code   RO         2657    i.I2C_RequestMemoryWrite  stm32f4xx_hal_i2c.o
    0x080056e8   0x080056e8   0x000000b6   Code   RO         8652    i.I2C_TX_DMA_START  bsp_i2c.o
    0x0800579e   0x0800579e   0x0000004e   Code   RO         2665    i.I2C_WaitOnBTFFlagUntilTimeout  stm32f4xx_hal_i2c.o
    0x080057ec   0x080057ec   0x0000007a   Code   RO         2666    i.I2C_WaitOnFlagUntilTimeout  stm32f4xx_hal_i2c.o
    0x08005866   0x08005866   0x000000a8   Code   RO         2667    i.I2C_WaitOnMasterAddressFlagUntilTimeout  stm32f4xx_hal_i2c.o
    0x0800590e   0x0800590e   0x0000006c   Code   RO         2668    i.I2C_WaitOnRXNEFlagUntilTimeout  stm32f4xx_hal_i2c.o
    0x0800597a   0x0800597a   0x0000004e   Code   RO         2670    i.I2C_WaitOnTXEFlagUntilTimeout  stm32f4xx_hal_i2c.o
    0x080059c8   0x080059c8   0x00000064   Code   RO         9632    i.INS_cali_gyro     ins_task.o
    0x08005a2c   0x08005a2c   0x00000030   Code   RO         9633    i.INS_set_cali_gyro  ins_task.o
    0x08005a5c   0x08005a5c   0x0000024c   Code   RO         9634    i.INS_task          ins_task.o
    0x08005ca8   0x08005ca8   0x0000003a   Code   RO         1160    i.IntToUnicode      usbd_desc.o
    0x08005ce2   0x08005ce2   0x00000002   PAD
    0x08005ce4   0x08005ce4   0x00000014   Code   RO         9397    i.IsGimbalMotionless  gimbal_behaviour.o
    0x08005cf8   0x08005cf8   0x00000064   Code   RO          378    i.MX_ADC1_Init      adc.o
    0x08005d5c   0x08005d5c   0x00000064   Code   RO          379    i.MX_ADC3_Init      adc.o
    0x08005dc0   0x08005dc0   0x00000044   Code   RO          426    i.MX_CAN1_Init      can.o
    0x08005e04   0x08005e04   0x00000044   Code   RO          427    i.MX_CAN2_Init      can.o
    0x08005e48   0x08005e48   0x00000024   Code   RO          475    i.MX_CRC_Init       crc.o
    0x08005e6c   0x08005e6c   0x0000009c   Code   RO          515    i.MX_DMA_Init       dma.o
    0x08005f08   0x08005f08   0x0000011c   Code   RO          539    i.MX_FREERTOS_Init  freertos.o
    0x08006024   0x08006024   0x000001cc   Code   RO          352    i.MX_GPIO_Init      gpio.o
    0x080061f0   0x080061f0   0x00000040   Code   RO          600    i.MX_I2C1_Init      i2c.o
    0x08006230   0x08006230   0x00000040   Code   RO          601    i.MX_I2C2_Init      i2c.o
    0x08006270   0x08006270   0x00000040   Code   RO          602    i.MX_I2C3_Init      i2c.o
    0x080062b0   0x080062b0   0x00000024   Code   RO          654    i.MX_RNG_Init       rng.o
    0x080062d4   0x080062d4   0x00000038   Code   RO          696    i.MX_RTC_Init       rtc.o
    0x0800630c   0x0800630c   0x00000048   Code   RO          738    i.MX_SPI1_Init      spi.o
    0x08006354   0x08006354   0x00000048   Code   RO          739    i.MX_SPI2_Init      spi.o
    0x0800639c   0x0800639c   0x00000064   Code   RO          787    i.MX_TIM10_Init     tim.o
    0x08006400   0x08006400   0x000000fc   Code   RO          788    i.MX_TIM1_Init      tim.o
    0x080064fc   0x080064fc   0x00000098   Code   RO          789    i.MX_TIM3_Init      tim.o
    0x08006594   0x08006594   0x00000098   Code   RO          790    i.MX_TIM4_Init      tim.o
    0x0800662c   0x0800662c   0x000000b8   Code   RO          791    i.MX_TIM5_Init      tim.o
    0x080066e4   0x080066e4   0x000000dc   Code   RO          792    i.MX_TIM8_Init      tim.o
    0x080067c0   0x080067c0   0x00000038   Code   RO          864    i.MX_USART1_UART_Init  usart.o
    0x080067f8   0x080067f8   0x00000040   Code   RO          865    i.MX_USART3_UART_Init  usart.o
    0x08006838   0x08006838   0x00000038   Code   RO          866    i.MX_USART6_UART_Init  usart.o
    0x08006870   0x08006870   0x00000054   Code   RO          916    i.MX_USB_DEVICE_Init  usb_device.o
    0x080068c4   0x080068c4   0x00000002   Code   RO         1314    i.MemManage_Handler  stm32f4xx_it.o
    0x080068c6   0x080068c6   0x00000002   Code   RO         1315    i.NMI_Handler       stm32f4xx_it.o
    0x080068c8   0x080068c8   0x00000020   Code   RO        10315    i.OLED_LOGO         oled.o
    0x080068e8   0x080068e8   0x0000000c   Code   RO        10316    i.OLED_check_ack    oled.o
    0x080068f4   0x080068f4   0x00000024   Code   RO        10317    i.OLED_com_reset    oled.o
    0x08006918   0x08006918   0x00000040   Code   RO        10321    i.OLED_draw_point   oled.o
    0x08006958   0x08006958   0x0000010a   Code   RO        10322    i.OLED_init         oled.o
    0x08006a62   0x08006a62   0x00000002   PAD
    0x08006a64   0x08006a64   0x00000048   Code   RO        10323    i.OLED_operate_gram  oled.o
    0x08006aac   0x08006aac   0x00000038   Code   RO        10324    i.OLED_printf       oled.o
    0x08006ae4   0x08006ae4   0x00000024   Code   RO        10325    i.OLED_refresh_gram  oled.o
    0x08006b08   0x08006b08   0x0000003e   Code   RO        10326    i.OLED_set_pos      oled.o
    0x08006b46   0x08006b46   0x00000002   PAD
    0x08006b48   0x08006b48   0x00000070   Code   RO        10327    i.OLED_show_char    oled.o
    0x08006bb8   0x08006bb8   0x0000007e   Code   RO        10328    i.OLED_show_graphic  oled.o
    0x08006c36   0x08006c36   0x0000002e   Code   RO        10329    i.OLED_show_string  oled.o
    0x08006c64   0x08006c64   0x0000000c   Code   RO         1316    i.OTG_FS_IRQHandler  stm32f4xx_it.o
    0x08006c70   0x08006c70   0x00000064   Code   RO         1482    i.PCD_EP_OutSetupPacket_int  stm32f4xx_hal_pcd.o
    0x08006cd4   0x08006cd4   0x000000e8   Code   RO         1483    i.PCD_EP_OutXfrComplete_int  stm32f4xx_hal_pcd.o
    0x08006dbc   0x08006dbc   0x0000009c   Code   RO         1484    i.PCD_WriteEmptyTxFifo  stm32f4xx_hal_pcd.o
    0x08006e58   0x08006e58   0x00000160   Code   RO        11354    i.PID_calc          pid.o
    0x08006fb8   0x08006fb8   0x00000040   Code   RO        11355    i.PID_clear         pid.o
    0x08006ff8   0x08006ff8   0x0000005c   Code   RO        11356    i.PID_init          pid.o
    0x08007054   0x08007054   0x0000006c   Code   RO         8781    i.RC_Init           bsp_rc.o
    0x080070c0   0x080070c0   0x00000230   Code   RO         8955    i.RC_cmd_to_calibrate  calibrate_task.o
    0x080072f0   0x080072f0   0x0000003c   Code   RO         8782    i.RC_restart        bsp_rc.o
    0x0800732c   0x0800732c   0x00000014   Code   RO         8783    i.RC_unable         bsp_rc.o
    0x08007340   0x08007340   0x00000038   Code   RO         3193    i.RTC_EnterInitMode  stm32f4xx_hal_rtc.o
    0x08007378   0x08007378   0x000000e4   Code   RO         8853    i.SPI1_DMA_enable   bsp_spi.o
    0x0800745c   0x0800745c   0x0000010c   Code   RO         8854    i.SPI1_DMA_init     bsp_spi.o
    0x08007568   0x08007568   0x0000005c   Code   RO         3589    i.SPI_EndRxTxTransaction  stm32f4xx_hal_spi.o
    0x080075c4   0x080075c4   0x00000092   Code   RO         3594    i.SPI_WaitFlagStateUntilTimeout  stm32f4xx_hal_spi.o
    0x08007656   0x08007656   0x0000000e   Code   RO         1317    i.SysTick_Handler   stm32f4xx_it.o
    0x08007664   0x08007664   0x000000b4   Code   RO           14    i.SystemClock_Config  main.o
    0x08007718   0x08007718   0x00000054   Code   RO         6307    i.SystemInit        system_stm32f4xx.o
    0x0800776c   0x0800776c   0x000000cc   Code   RO         3952    i.TIM_Base_SetConfig  stm32f4xx_hal_tim.o
    0x08007838   0x08007838   0x0000001a   Code   RO         3953    i.TIM_CCxChannelCmd  stm32f4xx_hal_tim.o
    0x08007852   0x08007852   0x00000014   Code   RO         3963    i.TIM_ETR_SetConfig  stm32f4xx_hal_tim.o
    0x08007866   0x08007866   0x00000010   Code   RO         3964    i.TIM_ITRx_SetConfig  stm32f4xx_hal_tim.o
    0x08007876   0x08007876   0x00000002   PAD
    0x08007878   0x08007878   0x00000068   Code   RO         3965    i.TIM_OC1_SetConfig  stm32f4xx_hal_tim.o
    0x080078e0   0x080078e0   0x00000074   Code   RO         3966    i.TIM_OC2_SetConfig  stm32f4xx_hal_tim.o
    0x08007954   0x08007954   0x00000070   Code   RO         3967    i.TIM_OC3_SetConfig  stm32f4xx_hal_tim.o
    0x080079c4   0x080079c4   0x00000054   Code   RO         3968    i.TIM_OC4_SetConfig  stm32f4xx_hal_tim.o
    0x08007a18   0x08007a18   0x00000022   Code   RO         3970    i.TIM_TI1_ConfigInputStage  stm32f4xx_hal_tim.o
    0x08007a3a   0x08007a3a   0x00000024   Code   RO         3972    i.TIM_TI2_ConfigInputStage  stm32f4xx_hal_tim.o
    0x08007a5e   0x08007a5e   0x00000002   PAD
    0x08007a60   0x08007a60   0x00000314   Code   RO         4853    i.UART_SetConfig    stm32f4xx_hal_uart.o
    0x08007d74   0x08007d74   0x00000094   Code   RO        10209    i.USART1_IRQHandler  vision.o
    0x08007e08   0x08007e08   0x000000e0   Code   RO         9899    i.USART3_IRQHandler  remote_control.o
    0x08007ee8   0x08007ee8   0x000000c4   Code   RO         9854    i.USART6_IRQHandler  referee_usart_task.o
    0x08007fac   0x08007fac   0x0000004c   Code   RO         8132    i.USBD_CDC_DataIn   usbd_cdc.o
    0x08007ff8   0x08007ff8   0x00000030   Code   RO         8133    i.USBD_CDC_DataOut  usbd_cdc.o
    0x08008028   0x08008028   0x00000044   Code   RO         8134    i.USBD_CDC_DeInit   usbd_cdc.o
    0x0800806c   0x0800806c   0x0000002a   Code   RO         8135    i.USBD_CDC_EP0_RxReady  usbd_cdc.o
    0x08008096   0x08008096   0x00000002   PAD
    0x08008098   0x08008098   0x0000000c   Code   RO         8136    i.USBD_CDC_GetDeviceQualifierDescriptor  usbd_cdc.o
    0x080080a4   0x080080a4   0x0000000c   Code   RO         8137    i.USBD_CDC_GetFSCfgDesc  usbd_cdc.o
    0x080080b0   0x080080b0   0x0000000c   Code   RO         8138    i.USBD_CDC_GetHSCfgDesc  usbd_cdc.o
    0x080080bc   0x080080bc   0x0000000c   Code   RO         8139    i.USBD_CDC_GetOtherSpeedCfgDesc  usbd_cdc.o
    0x080080c8   0x080080c8   0x000000ae   Code   RO         8140    i.USBD_CDC_Init     usbd_cdc.o
    0x08008176   0x08008176   0x00000032   Code   RO         8141    i.USBD_CDC_ReceivePacket  usbd_cdc.o
    0x080081a8   0x080081a8   0x00000010   Code   RO         8142    i.USBD_CDC_RegisterInterface  usbd_cdc.o
    0x080081b8   0x080081b8   0x0000000c   Code   RO         8143    i.USBD_CDC_SetRxBuffer  usbd_cdc.o
    0x080081c4   0x080081c4   0x00000010   Code   RO         8144    i.USBD_CDC_SetTxBuffer  usbd_cdc.o
    0x080081d4   0x080081d4   0x000000e4   Code   RO         8145    i.USBD_CDC_Setup    usbd_cdc.o
    0x080082b8   0x080082b8   0x00000034   Code   RO         8146    i.USBD_CDC_TransmitPacket  usbd_cdc.o
    0x080082ec   0x080082ec   0x0000000e   Code   RO         7839    i.USBD_ClrClassConfig  usbd_core.o
    0x080082fa   0x080082fa   0x00000026   Code   RO         7977    i.USBD_ClrFeature   usbd_ctlreq.o
    0x08008320   0x08008320   0x00000010   Code   RO         8072    i.USBD_CtlContinueRx  usbd_ioreq.o
    0x08008330   0x08008330   0x00000010   Code   RO         8073    i.USBD_CtlContinueSendData  usbd_ioreq.o
    0x08008340   0x08008340   0x00000018   Code   RO         7978    i.USBD_CtlError     usbd_ctlreq.o
    0x08008358   0x08008358   0x0000001e   Code   RO         8074    i.USBD_CtlPrepareRx  usbd_ioreq.o
    0x08008376   0x08008376   0x00000016   Code   RO         8075    i.USBD_CtlReceiveStatus  usbd_ioreq.o
    0x0800838c   0x0800838c   0x0000001a   Code   RO         8076    i.USBD_CtlSendData  usbd_ioreq.o
    0x080083a6   0x080083a6   0x00000016   Code   RO         8077    i.USBD_CtlSendStatus  usbd_ioreq.o
    0x080083bc   0x080083bc   0x00000030   Code   RO         1161    i.USBD_FS_ConfigStrDescriptor  usbd_desc.o
    0x080083ec   0x080083ec   0x0000000c   Code   RO         1162    i.USBD_FS_DeviceDescriptor  usbd_desc.o
    0x080083f8   0x080083f8   0x00000034   Code   RO         1163    i.USBD_FS_InterfaceStrDescriptor  usbd_desc.o
    0x0800842c   0x0800842c   0x0000000c   Code   RO         1164    i.USBD_FS_LangIDStrDescriptor  usbd_desc.o
    0x08008438   0x08008438   0x00000028   Code   RO         1165    i.USBD_FS_ManufacturerStrDescriptor  usbd_desc.o
    0x08008460   0x08008460   0x0000003c   Code   RO         1166    i.USBD_FS_ProductStrDescriptor  usbd_desc.o
    0x0800849c   0x0800849c   0x00000014   Code   RO         1167    i.USBD_FS_SerialStrDescriptor  usbd_desc.o
    0x080084b0   0x080084b0   0x0000003a   Code   RO         7979    i.USBD_GetConfig    usbd_ctlreq.o
    0x080084ea   0x080084ea   0x00000136   Code   RO         7980    i.USBD_GetDescriptor  usbd_ctlreq.o
    0x08008620   0x08008620   0x00000014   Code   RO         7981    i.USBD_GetLen       usbd_ctlreq.o
    0x08008634   0x08008634   0x0000003c   Code   RO         7982    i.USBD_GetStatus    usbd_ctlreq.o
    0x08008670   0x08008670   0x0000003e   Code   RO         7983    i.USBD_GetString    usbd_ctlreq.o
    0x080086ae   0x080086ae   0x00000024   Code   RO          977    i.USBD_Get_USB_Status  usbd_conf.o
    0x080086d2   0x080086d2   0x0000002c   Code   RO         7841    i.USBD_Init         usbd_core.o
    0x080086fe   0x080086fe   0x00000012   Code   RO          978    i.USBD_LL_ClearStallEP  usbd_conf.o
    0x08008710   0x08008710   0x00000012   Code   RO          979    i.USBD_LL_CloseEP   usbd_conf.o
    0x08008722   0x08008722   0x000000d6   Code   RO         7842    i.USBD_LL_DataInStage  usbd_core.o
    0x080087f8   0x080087f8   0x00000086   Code   RO         7843    i.USBD_LL_DataOutStage  usbd_core.o
    0x0800887e   0x0800887e   0x00000004   Code   RO         7844    i.USBD_LL_DevConnected  usbd_core.o
    0x08008882   0x08008882   0x00000016   Code   RO         7845    i.USBD_LL_DevDisconnected  usbd_core.o
    0x08008898   0x08008898   0x00000008   Code   RO          983    i.USBD_LL_GetRxDataSize  usbd_conf.o
    0x080088a0   0x080088a0   0x00000060   Code   RO          984    i.USBD_LL_Init      usbd_conf.o
    0x08008900   0x08008900   0x00000020   Code   RO          985    i.USBD_LL_IsStallEP  usbd_conf.o
    0x08008920   0x08008920   0x00000004   Code   RO         7846    i.USBD_LL_IsoINIncomplete  usbd_core.o
    0x08008924   0x08008924   0x00000004   Code   RO         7847    i.USBD_LL_IsoOUTIncomplete  usbd_core.o
    0x08008928   0x08008928   0x00000018   Code   RO          986    i.USBD_LL_OpenEP    usbd_conf.o
    0x08008940   0x08008940   0x00000012   Code   RO          987    i.USBD_LL_PrepareReceive  usbd_conf.o
    0x08008952   0x08008952   0x00000052   Code   RO         7848    i.USBD_LL_Reset     usbd_core.o
    0x080089a4   0x080089a4   0x0000000c   Code   RO         7849    i.USBD_LL_Resume    usbd_core.o
    0x080089b0   0x080089b0   0x00000018   Code   RO         7850    i.USBD_LL_SOF       usbd_core.o
    0x080089c8   0x080089c8   0x00000006   Code   RO         7851    i.USBD_LL_SetSpeed  usbd_core.o
    0x080089ce   0x080089ce   0x00000012   Code   RO          988    i.USBD_LL_SetUSBAddress  usbd_conf.o
    0x080089e0   0x080089e0   0x0000005a   Code   RO         7852    i.USBD_LL_SetupStage  usbd_core.o
    0x08008a3a   0x08008a3a   0x00000012   Code   RO          989    i.USBD_LL_StallEP   usbd_conf.o
    0x08008a4c   0x08008a4c   0x00000012   Code   RO          990    i.USBD_LL_Start     usbd_conf.o
    0x08008a5e   0x08008a5e   0x00000010   Code   RO         7853    i.USBD_LL_Suspend   usbd_core.o
    0x08008a6e   0x08008a6e   0x00000012   Code   RO          992    i.USBD_LL_Transmit  usbd_conf.o
    0x08008a80   0x08008a80   0x00000028   Code   RO         7984    i.USBD_ParseSetupRequest  usbd_ctlreq.o
    0x08008aa8   0x08008aa8   0x00000012   Code   RO         7854    i.USBD_RegisterClass  usbd_core.o
    0x08008aba   0x08008aba   0x00000004   Code   RO         7855    i.USBD_RunTestMode  usbd_core.o
    0x08008abe   0x08008abe   0x00000058   Code   RO         7985    i.USBD_SetAddress   usbd_ctlreq.o
    0x08008b16   0x08008b16   0x00000018   Code   RO         7856    i.USBD_SetClassConfig  usbd_core.o
    0x08008b2e   0x08008b2e   0x00000002   PAD
    0x08008b30   0x08008b30   0x000000cc   Code   RO         7986    i.USBD_SetConfig    usbd_ctlreq.o
    0x08008bfc   0x08008bfc   0x00000010   Code   RO         7987    i.USBD_SetFeature   usbd_ctlreq.o
    0x08008c0c   0x08008c0c   0x0000000a   Code   RO         7857    i.USBD_Start        usbd_core.o
    0x08008c16   0x08008c16   0x0000006a   Code   RO         7988    i.USBD_StdDevReq    usbd_ctlreq.o
    0x08008c80   0x08008c80   0x000001e4   Code   RO         7989    i.USBD_StdEPReq     usbd_ctlreq.o
    0x08008e64   0x08008e64   0x0000006a   Code   RO         7990    i.USBD_StdItfReq    usbd_ctlreq.o
    0x08008ece   0x08008ece   0x00000002   PAD
    0x08008ed0   0x08008ed0   0x00000084   Code   RO         1718    i.USB_ActivateEndpoint  stm32f4xx_ll_usb.o
    0x08008f54   0x08008f54   0x00000034   Code   RO         1720    i.USB_ActivateSetup  stm32f4xx_ll_usb.o
    0x08008f88   0x08008f88   0x00000080   Code   RO         1722    i.USB_CoreInit      stm32f4xx_ll_usb.o
    0x08009008   0x08009008   0x00000038   Code   RO         1723    i.USB_CoreReset     stm32f4xx_ll_usb.o
    0x08009040   0x08009040   0x00000084   Code   RO         1726    i.USB_DeactivateEndpoint  stm32f4xx_ll_usb.o
    0x080090c4   0x080090c4   0x00000018   Code   RO         1727    i.USB_DevConnect    stm32f4xx_ll_usb.o
    0x080090dc   0x080090dc   0x00000018   Code   RO         1728    i.USB_DevDisconnect  stm32f4xx_ll_usb.o
    0x080090f4   0x080090f4   0x00000184   Code   RO         1729    i.USB_DevInit       stm32f4xx_ll_usb.o
    0x08009278   0x08009278   0x0000000c   Code   RO         1730    i.USB_DisableGlobalInt  stm32f4xx_ll_usb.o
    0x08009284   0x08009284   0x00000114   Code   RO         1733    i.USB_EP0StartXfer  stm32f4xx_ll_usb.o
    0x08009398   0x08009398   0x00000054   Code   RO         1734    i.USB_EP0_OutStart  stm32f4xx_ll_usb.o
    0x080093ec   0x080093ec   0x00000058   Code   RO         1735    i.USB_EPClearStall  stm32f4xx_ll_usb.o
    0x08009444   0x08009444   0x00000058   Code   RO         1736    i.USB_EPSetStall    stm32f4xx_ll_usb.o
    0x0800949c   0x0800949c   0x000001f4   Code   RO         1737    i.USB_EPStartXfer   stm32f4xx_ll_usb.o
    0x08009690   0x08009690   0x0000000c   Code   RO         1738    i.USB_EnableGlobalInt  stm32f4xx_ll_usb.o
    0x0800969c   0x0800969c   0x00000020   Code   RO         1739    i.USB_FlushRxFifo   stm32f4xx_ll_usb.o
    0x080096bc   0x080096bc   0x00000024   Code   RO         1740    i.USB_FlushTxFifo   stm32f4xx_ll_usb.o
    0x080096e0   0x080096e0   0x00000020   Code   RO         1742    i.USB_GetDevSpeed   stm32f4xx_ll_usb.o
    0x08009700   0x08009700   0x00000008   Code   RO         1744    i.USB_GetMode       stm32f4xx_ll_usb.o
    0x08009708   0x08009708   0x0000000e   Code   RO         1751    i.USB_ReadDevAllInEpInterrupt  stm32f4xx_ll_usb.o
    0x08009716   0x08009716   0x0000000e   Code   RO         1752    i.USB_ReadDevAllOutEpInterrupt  stm32f4xx_ll_usb.o
    0x08009724   0x08009724   0x00000024   Code   RO         1753    i.USB_ReadDevInEPInterrupt  stm32f4xx_ll_usb.o
    0x08009748   0x08009748   0x00000010   Code   RO         1754    i.USB_ReadDevOutEPInterrupt  stm32f4xx_ll_usb.o
    0x08009758   0x08009758   0x00000008   Code   RO         1755    i.USB_ReadInterrupts  stm32f4xx_ll_usb.o
    0x08009760   0x08009760   0x0000001e   Code   RO         1756    i.USB_ReadPacket    stm32f4xx_ll_usb.o
    0x0800977e   0x0800977e   0x00000030   Code   RO         1758    i.USB_SetCurrentMode  stm32f4xx_ll_usb.o
    0x080097ae   0x080097ae   0x0000001e   Code   RO         1759    i.USB_SetDevAddress  stm32f4xx_ll_usb.o
    0x080097cc   0x080097cc   0x0000000e   Code   RO         1760    i.USB_SetDevSpeed   stm32f4xx_ll_usb.o
    0x080097da   0x080097da   0x00000002   PAD
    0x080097dc   0x080097dc   0x000000f4   Code   RO         1761    i.USB_SetTurnaroundTime  stm32f4xx_ll_usb.o
    0x080098d0   0x080098d0   0x00000026   Code   RO         1764    i.USB_WritePacket   stm32f4xx_ll_usb.o
    0x080098f6   0x080098f6   0x00000002   Code   RO         1318    i.UsageFault_Handler  stm32f4xx_it.o
    0x080098f8   0x080098f8   0x00000024   Code   RO        11721    i.__0vsprintf       mc_w.l(printfa.o)
    0x0800991c   0x0800991c   0x00000026   Code   RO        11782    i.__ARM_fpclassifyf  m_wm.l(fpclassifyf.o)
    0x08009942   0x08009942   0x00000020   Code   RO         5934    i.__NVIC_SetPriority  stm32f4xx_hal_cortex.o
    0x08009962   0x08009962   0x00000002   PAD
    0x08009964   0x08009964   0x0000012c   Code   RO        11645    i.__hardfp_asinf    m_wm.l(asinf.o)
    0x08009a90   0x08009a90   0x000002ac   Code   RO        11657    i.__hardfp_atan2f   m_wm.l(atan2f.o)
    0x08009d3c   0x08009d3c   0x00000014   Code   RO        11669    i.__hardfp_fabs     m_wm.l(fabs.o)
    0x08009d50   0x08009d50   0x0000003a   Code   RO        11687    i.__hardfp_sqrtf    m_wm.l(sqrtf_full.o)
    0x08009d8a   0x08009d8a   0x00000006   Code   RO        11785    i.__mathlib_flt_infnan  m_wm.l(funder.o)
    0x08009d90   0x08009d90   0x00000006   Code   RO        11786    i.__mathlib_flt_infnan2  m_wm.l(funder.o)
    0x08009d96   0x08009d96   0x00000002   PAD
    0x08009d98   0x08009d98   0x00000010   Code   RO        11787    i.__mathlib_flt_invalid  m_wm.l(funder.o)
    0x08009da8   0x08009da8   0x00000010   Code   RO        11790    i.__mathlib_flt_underflow  m_wm.l(funder.o)
    0x08009db8   0x08009db8   0x0000000e   Code   RO        11852    i.__scatterload_copy  mc_w.l(handlers.o)
    0x08009dc6   0x08009dc6   0x00000002   Code   RO        11853    i.__scatterload_null  mc_w.l(handlers.o)
    0x08009dc8   0x08009dc8   0x0000000e   Code   RO        11854    i.__scatterload_zeroinit  mc_w.l(handlers.o)
    0x08009dd6   0x08009dd6   0x00000002   PAD
    0x08009dd8   0x08009dd8   0x0000000c   Code   RO        11832    i.__set_errno       mc_w.l(errno.o)
    0x08009de4   0x08009de4   0x00000184   Code   RO        11722    i._fp_digits        mc_w.l(printfa.o)
    0x08009f68   0x08009f68   0x000006b4   Code   RO        11723    i._printf_core      mc_w.l(printfa.o)
    0x0800a61c   0x0800a61c   0x00000024   Code   RO        11724    i._printf_post_padding  mc_w.l(printfa.o)
    0x0800a640   0x0800a640   0x0000002e   Code   RO        11725    i._printf_pre_padding  mc_w.l(printfa.o)
    0x0800a66e   0x0800a66e   0x0000000a   Code   RO        11727    i._sputc            mc_w.l(printfa.o)
    0x0800a678   0x0800a678   0x0000003c   Code   RO         8752    i.aRGB_led_show     bsp_led.o
    0x0800a6b4   0x0800a6b4   0x00000028   Code   RO        10927    i.abs_limit         user_lib.o
    0x0800a6dc   0x0800a6dc   0x000001d0   Code   RO        11390    i.accel_comple_filter  AHRS.lib(ahrs.o)
    0x0800a8ac   0x0800a8ac   0x0000018c   Code   RO        11391    i.accel_update_kp_ki  AHRS.lib(ahrs.o)
    0x0800aa38   0x0800aa38   0x0000003c   Code   RO         8238    i.adcx_get_chx_value  bsp_adc.o
    0x0800aa74   0x0800aa74   0x0000016c   Code   RO        11392    i.angle_to_quat     AHRS.lib(ahrs.o)
    0x0800abe0   0x0800abe0   0x00000006   Code   RO        10210    i.append_vision_arr  vision.o
    0x0800abe6   0x0800abe6   0x00000002   PAD
    0x0800abe8   0x0800abe8   0x00000050   Code   RO        10267    i.auto_aim_init     auto_aim.o
    0x0800ac38   0x0800ac38   0x00000018   Code   RO        10268    i.auto_aim_pid_clear  auto_aim.o
    0x0800ac50   0x0800ac50   0x0000002c   Code   RO        10116    i.battery_voltage_task  voltage_task.o
    0x0800ac7c   0x0800ac7c   0x0000011c   Code   RO        10450    i.bmi088_accel_init  bmi088driver.o
    0x0800ad98   0x0800ad98   0x000002b0   Code   RO        10451    i.bmi088_accel_self_test  bmi088driver.o
    0x0800b048   0x0800b048   0x000000dc   Code   RO        10452    i.bmi088_gyro_init  bmi088driver.o
    0x0800b124   0x0800b124   0x000000ca   Code   RO        10453    i.bmi088_gyro_self_test  bmi088driver.o
    0x0800b1ee   0x0800b1ee   0x00000002   PAD
    0x0800b1f0   0x0800b1f0   0x000000f0   Code   RO         8653    i.bsp_I2C_check_ack  bsp_i2c.o
    0x0800b2e0   0x0800b2e0   0x00000034   Code   RO         8654    i.bsp_I2C_master_transmit  bsp_i2c.o
    0x0800b314   0x0800b314   0x0000004c   Code   RO         8655    i.bsp_I2C_reset     bsp_i2c.o
    0x0800b360   0x0800b360   0x00000010   Code   RO         8385    i.buzzer_off        bsp_buzzer.o
    0x0800b370   0x0800b370   0x00000014   Code   RO         8386    i.buzzer_on         bsp_buzzer.o
    0x0800b384   0x0800b384   0x00000054   Code   RO        10028    i.buzzer_warn_error  test_task.o
    0x0800b3d8   0x0800b3d8   0x000000cc   Code   RO        10117    i.calc_battery_percentage  voltage_task.o
    0x0800b4a4   0x0800b4a4   0x00000158   Code   RO         9493    i.calc_gimbal_cali  gimbal_task.o
    0x0800b5fc   0x0800b5fc   0x0000008c   Code   RO         8956    i.cali_data_read    calibrate_task.o
    0x0800b688   0x0800b688   0x0000006c   Code   RO         8957    i.cali_data_write   calibrate_task.o
    0x0800b6f4   0x0800b6f4   0x00000056   Code   RO         8958    i.cali_gimbal_hook  calibrate_task.o
    0x0800b74a   0x0800b74a   0x00000002   PAD
    0x0800b74c   0x0800b74c   0x00000058   Code   RO         8959    i.cali_gyro_hook    calibrate_task.o
    0x0800b7a4   0x0800b7a4   0x00000044   Code   RO         8960    i.cali_head_hook    calibrate_task.o
    0x0800b7e8   0x0800b7e8   0x00000078   Code   RO         8961    i.cali_param_init   calibrate_task.o
    0x0800b860   0x0800b860   0x00000090   Code   RO         8962    i.calibrate_task    calibrate_task.o
    0x0800b8f0   0x0800b8f0   0x00000058   Code   RO         8419    i.can_filter_init   bsp_can.o
    0x0800b948   0x0800b948   0x00000058   Code   RO         9159    i.chassis_behaviour_control_set  chassis_behaviour.o
    0x0800b9a0   0x0800b9a0   0x00000070   Code   RO         9160    i.chassis_behaviour_mode_set  chassis_behaviour.o
    0x0800ba10   0x0800ba10   0x0000012c   Code   RO         9287    i.chassis_control_loop  chassis_task.o
    0x0800bb3c   0x0800bb3c   0x00000054   Code   RO         9161    i.chassis_engineer_follow_chassis_yaw_control  chassis_behaviour.o
    0x0800bb90   0x0800bb90   0x00000114   Code   RO         9288    i.chassis_feedback_update  chassis_task.o
    0x0800bca4   0x0800bca4   0x00000070   Code   RO         9162    i.chassis_infantry_follow_gimbal_yaw_control  chassis_behaviour.o
    0x0800bd14   0x0800bd14   0x000000e0   Code   RO         9289    i.chassis_init      chassis_task.o
    0x0800bdf4   0x0800bdf4   0x00000048   Code   RO         9290    i.chassis_mode_change_control_transit  chassis_task.o
    0x0800be3c   0x0800be3c   0x0000003c   Code   RO         9163    i.chassis_no_follow_yaw_control  chassis_behaviour.o
    0x0800be78   0x0800be78   0x00000028   Code   RO         9164    i.chassis_no_move_control  chassis_behaviour.o
    0x0800bea0   0x0800bea0   0x0000005a   Code   RO         9165    i.chassis_open_set_control  chassis_behaviour.o
    0x0800befa   0x0800befa   0x00000002   PAD
    0x0800befc   0x0800befc   0x00000160   Code   RO         9254    i.chassis_power_control  chassis_power_control.o
    0x0800c05c   0x0800c05c   0x000000f0   Code   RO         9291    i.chassis_rc_to_control_vector  chassis_task.o
    0x0800c14c   0x0800c14c   0x00000270   Code   RO         9292    i.chassis_set_contorl  chassis_task.o
    0x0800c3bc   0x0800c3bc   0x0000000a   Code   RO         9293    i.chassis_set_mode  chassis_task.o
    0x0800c3c6   0x0800c3c6   0x00000002   PAD
    0x0800c3c8   0x0800c3c8   0x000000d0   Code   RO         9294    i.chassis_task      chassis_task.o
    0x0800c498   0x0800c498   0x00000040   Code   RO         9295    i.chassis_vector_to_mecanum_wheel_speed  chassis_task.o
    0x0800c4d8   0x0800c4d8   0x00000028   Code   RO         9166    i.chassis_zero_force_control  chassis_behaviour.o
    0x0800c500   0x0800c500   0x00000014   Code   RO        10211    i.check_vision_data  vision.o
    0x0800c514   0x0800c514   0x00000006   Code   RO        10212    i.clear_vision_data  vision.o
    0x0800c51a   0x0800c51a   0x00000002   PAD
    0x0800c51c   0x0800c51c   0x000000f0   Code   RO         9494    i.cmd_cali_gimbal_hook  gimbal_task.o
    0x0800c60c   0x0800c60c   0x00000028   Code   RO         8485    i.delay_init        bsp_delay.o
    0x0800c634   0x0800c634   0x00000038   Code   RO         8487    i.delay_us          bsp_delay.o
    0x0800c66c   0x0800c66c   0x0000005c   Code   RO         9354    i.detect_hook       detect_task.o
    0x0800c6c8   0x0800c6c8   0x00000094   Code   RO         9355    i.detect_init       detect_task.o
    0x0800c75c   0x0800c75c   0x0000010c   Code   RO         9356    i.detect_task       detect_task.o
    0x0800c868   0x0800c868   0x0000002e   Code   RO        11102    i.fifo_s_get        fifo.o
    0x0800c896   0x0800c896   0x00000016   Code   RO        11105    i.fifo_s_init       fifo.o
    0x0800c8ac   0x0800c8ac   0x00000084   Code   RO        11111    i.fifo_s_puts       fifo.o
    0x0800c930   0x0800c930   0x00000004   Code   RO        11113    i.fifo_s_used       fifo.o
    0x0800c934   0x0800c934   0x0000004e   Code   RO        10928    i.first_order_filter_cali  user_lib.o
    0x0800c982   0x0800c982   0x00000012   Code   RO        10929    i.first_order_filter_init  user_lib.o
    0x0800c994   0x0800c994   0x0000002a   Code   RO         8523    i.flash_erase_address  bsp_flash.o
    0x0800c9be   0x0800c9be   0x0000000c   Code   RO         8524    i.flash_read        bsp_flash.o
    0x0800c9ca   0x0800c9ca   0x00000002   PAD
    0x0800c9cc   0x0800c9cc   0x00000068   Code   RO         8526    i.flash_write_single_address  bsp_flash.o
    0x0800ca34   0x0800ca34   0x00000020   Code   RO        10930    i.fp32_constrain    user_lib.o
    0x0800ca54   0x0800ca54   0x00000050   Code   RO        11742    i.free              mc_w.l(malloc.o)
    0x0800caa4   0x0800caa4   0x0000000c   Code   RO         8580    i.fric1_on          bsp_fric.o
    0x0800cab0   0x0800cab0   0x0000000c   Code   RO         8581    i.fric2_on          bsp_fric.o
    0x0800cabc   0x0800cabc   0x000000cc   Code   RO         8527    i.ger_sector        bsp_flash.o
    0x0800cb88   0x0800cb88   0x00000030   Code   RO        11025    i.get_CRC16_check_sum  crc8_crc16.o
    0x0800cbb8   0x0800cbb8   0x0000001c   Code   RO        11026    i.get_CRC8_check_sum  crc8_crc16.o
    0x0800cbd4   0x0800cbd4   0x00000008   Code   RO         9635    i.get_INS_angle_point  ins_task.o
    0x0800cbdc   0x0800cbdc   0x000000e8   Code   RO        11393    i.get_angle         AHRS.lib(ahrs.o)
    0x0800ccc4   0x0800ccc4   0x00000024   Code   RO        10118    i.get_battery_percentage  voltage_task.o
    0x0800cce8   0x0800cce8   0x00000034   Code   RO         8239    i.get_battery_voltage  bsp_adc.o
    0x0800cd1c   0x0800cd1c   0x00000014   Code   RO         9074    i.get_chassis_motor_measure_point  can_receive.o
    0x0800cd30   0x0800cd30   0x0000001c   Code   RO         9787    i.get_chassis_power_and_buffer  referee.o
    0x0800cd4c   0x0800cd4c   0x0000000c   Code   RO         8963    i.get_control_temperature  calibrate_task.o
    0x0800cd58   0x0800cd58   0x00000008   Code   RO         9357    i.get_error_list_point  detect_task.o
    0x0800cd60   0x0800cd60   0x00000008   Code   RO         9638    i.get_gyro_data_point  ins_task.o
    0x0800cd68   0x0800cd68   0x000000d4   Code   RO         8528    i.get_next_flash_address  bsp_flash.o
    0x0800ce3c   0x0800ce3c   0x00000008   Code   RO         9075    i.get_pitch_gimbal_motor_measure_point  can_receive.o
    0x0800ce44   0x0800ce44   0x00000008   Code   RO         9495    i.get_pitch_motor_point  gimbal_task.o
    0x0800ce4c   0x0800ce4c   0x00000008   Code   RO         9900    i.get_remote_control_point  remote_control.o
    0x0800ce54   0x0800ce54   0x0000000c   Code   RO         9788    i.get_robot_id      referee.o
    0x0800ce60   0x0800ce60   0x00000014   Code   RO         9789    i.get_shoot_heat0_limit_and_heat0  referee.o
    0x0800ce74   0x0800ce74   0x00000044   Code   RO         8241    i.get_temprate      bsp_adc.o
    0x0800ceb8   0x0800ceb8   0x00000008   Code   RO         9076    i.get_trigger_motor_measure_point  can_receive.o
    0x0800cec0   0x0800cec0   0x00000008   Code   RO         9077    i.get_yaw_gimbal_motor_measure_point  can_receive.o
    0x0800cec8   0x0800cec8   0x00000008   Code   RO         9496    i.get_yaw_motor_point  gimbal_task.o
    0x0800ced0   0x0800ced0   0x000000a0   Code   RO         9497    i.gimbal_PID_calc   gimbal_task.o
    0x0800cf70   0x0800cf70   0x0000002c   Code   RO         9498    i.gimbal_PID_clear  gimbal_task.o
    0x0800cf9c   0x0800cf9c   0x0000002c   Code   RO         9499    i.gimbal_PID_init   gimbal_task.o
    0x0800cfc8   0x0800cfc8   0x00000188   Code   RO         9398    i.gimbal_absolute_angle_control  gimbal_behaviour.o
    0x0800d150   0x0800d150   0x000000bc   Code   RO         9500    i.gimbal_absolute_angle_limit  gimbal_task.o
    0x0800d20c   0x0800d20c   0x00000044   Code   RO         9399    i.gimbal_behaviour_control_set  gimbal_behaviour.o
    0x0800d250   0x0800d250   0x00000070   Code   RO         9400    i.gimbal_behaviour_mode_set  gimbal_behaviour.o
    0x0800d2c0   0x0800d2c0   0x0000010c   Code   RO         9401    i.gimbal_behavour_set  gimbal_behaviour.o
    0x0800d3cc   0x0800d3cc   0x0000013c   Code   RO         9402    i.gimbal_cali_control  gimbal_behaviour.o
    0x0800d508   0x0800d508   0x00000020   Code   RO         9403    i.gimbal_cmd_to_chassis_stop  gimbal_behaviour.o
    0x0800d528   0x0800d528   0x0000001c   Code   RO         9404    i.gimbal_cmd_to_shoot_stop  gimbal_behaviour.o
    0x0800d544   0x0800d544   0x00000058   Code   RO         9501    i.gimbal_control_loop  gimbal_task.o
    0x0800d59c   0x0800d59c   0x0000007e   Code   RO         9502    i.gimbal_feedback_update  gimbal_task.o
    0x0800d61a   0x0800d61a   0x00000002   PAD
    0x0800d61c   0x0800d61c   0x00000178   Code   RO         9503    i.gimbal_init       gimbal_task.o
    0x0800d794   0x0800d794   0x0000008c   Code   RO         9405    i.gimbal_init_control  gimbal_behaviour.o
    0x0800d820   0x0800d820   0x000000b2   Code   RO         9504    i.gimbal_mode_change_control_transit  gimbal_task.o
    0x0800d8d2   0x0800d8d2   0x00000002   PAD
    0x0800d8d4   0x0800d8d4   0x00000020   Code   RO         9406    i.gimbal_motionless_control  gimbal_behaviour.o
    0x0800d8f4   0x0800d8f4   0x00000044   Code   RO         9505    i.gimbal_motor_absolute_angle_control  gimbal_task.o
    0x0800d938   0x0800d938   0x0000001a   Code   RO         9506    i.gimbal_motor_raw_angle_control  gimbal_task.o
    0x0800d952   0x0800d952   0x00000046   Code   RO         9507    i.gimbal_motor_relative_angle_control  gimbal_task.o
    0x0800d998   0x0800d998   0x000000a8   Code   RO         9407    i.gimbal_relative_angle_control  gimbal_behaviour.o
    0x0800da40   0x0800da40   0x0000003c   Code   RO         9508    i.gimbal_relative_angle_limit  gimbal_task.o
    0x0800da7c   0x0800da7c   0x00000084   Code   RO         9509    i.gimbal_set_control  gimbal_task.o
    0x0800db00   0x0800db00   0x0000000a   Code   RO         9510    i.gimbal_set_mode   gimbal_task.o
    0x0800db0a   0x0800db0a   0x00000002   PAD
    0x0800db0c   0x0800db0c   0x000000c4   Code   RO         9511    i.gimbal_task       gimbal_task.o
    0x0800dbd0   0x0800dbd0   0x00000020   Code   RO         9408    i.gimbal_zero_force_control  gimbal_behaviour.o
    0x0800dbf0   0x0800dbf0   0x0000004c   Code   RO         9640    i.gyro_offset_calc  ins_task.o
    0x0800dc3c   0x0800dc3c   0x000000ec   Code   RO         9641    i.imu_cali_slove    ins_task.o
    0x0800dd28   0x0800dd28   0x00000108   Code   RO         9642    i.imu_cmd_spi_dma   ins_task.o
    0x0800de30   0x0800de30   0x0000000c   Code   RO         8620    i.imu_pwm_set       bsp_imu_pwm.o
    0x0800de3c   0x0800de3c   0x000000a8   Code   RO         9643    i.imu_temp_control  ins_task.o
    0x0800dee4   0x0800dee4   0x00000070   Code   RO         9791    i.init_referee_struct_data  referee.o
    0x0800df54   0x0800df54   0x0000003c   Code   RO         8242    i.init_vrefint_reciprocal  bsp_adc.o
    0x0800df90   0x0800df90   0x00000002   Code   RO        10678    i.ist8310_GPIO_init  ist8310driver_middleware.o
    0x0800df92   0x0800df92   0x00000002   PAD
    0x0800df94   0x0800df94   0x00000024   Code   RO        10680    i.ist8310_IIC_read_single_reg  ist8310driver_middleware.o
    0x0800dfb8   0x0800dfb8   0x00000024   Code   RO        10682    i.ist8310_IIC_write_single_reg  ist8310driver_middleware.o
    0x0800dfdc   0x0800dfdc   0x00000010   Code   RO        10683    i.ist8310_RST_H     ist8310driver_middleware.o
    0x0800dfec   0x0800dfec   0x00000010   Code   RO        10684    i.ist8310_RST_L     ist8310driver_middleware.o
    0x0800dffc   0x0800dffc   0x00000002   Code   RO        10685    i.ist8310_com_init  ist8310driver_middleware.o
    0x0800dffe   0x0800dffe   0x00000004   Code   RO        10686    i.ist8310_delay_ms  ist8310driver_middleware.o
    0x0800e002   0x0800e002   0x00000002   PAD
    0x0800e004   0x0800e004   0x0000007c   Code   RO        10646    i.ist8310_init      ist8310driver.o
    0x0800e080   0x0800e080   0x00000010   Code   RO         8718    i.laser_off         bsp_laser.o
    0x0800e090   0x0800e090   0x00000010   Code   RO         8719    i.laser_on          bsp_laser.o
    0x0800e0a0   0x0800e0a0   0x00000118   Code   RO        10154    i.led_RGB_flow_task  led_flow_task.o
    0x0800e1b8   0x0800e1b8   0x00000046   Code   RO        10935    i.loop_fp32_constrain  user_lib.o
    0x0800e1fe   0x0800e1fe   0x00000082   Code   RO           15    i.main              main.o
    0x0800e280   0x0800e280   0x0000000c   Code   RO         7331    i.makeFreeRtosPriority  cmsis_os.o
    0x0800e28c   0x0800e28c   0x0000006c   Code   RO        11743    i.malloc            mc_w.l(malloc.o)
    0x0800e2f8   0x0800e2f8   0x00000034   Code   RO         9512    i.motor_ecd_to_angle_change  gimbal_task.o
    0x0800e32c   0x0800e32c   0x000001d0   Code   RO         9750    i.oled_task         oled_task.o
    0x0800e4fc   0x0800e4fc   0x00000028   Code   RO        10330    i.oled_write_byte   oled.o
    0x0800e524   0x0800e524   0x00000010   Code   RO         7333    i.osDelay           cmsis_os.o
    0x0800e534   0x0800e534   0x0000000a   Code   RO         7336    i.osKernelStart     cmsis_os.o
    0x0800e53e   0x0800e53e   0x00000014   Code   RO         7369    i.osSystickHandler  cmsis_os.o
    0x0800e552   0x0800e552   0x00000058   Code   RO         7370    i.osThreadCreate    cmsis_os.o
    0x0800e5aa   0x0800e5aa   0x00000002   PAD
    0x0800e5ac   0x0800e5ac   0x00000024   Code   RO         6828    i.pcTaskGetName     tasks.o
    0x0800e5d0   0x0800e5d0   0x00000078   Code   RO         6829    i.prvAddCurrentTaskToDelayedList  tasks.o
    0x0800e648   0x0800e648   0x00000088   Code   RO         6830    i.prvAddNewTaskToReadyList  tasks.o
    0x0800e6d0   0x0800e6d0   0x00000058   Code   RO         7178    i.prvCheckForValidListAndQueue  timers.o
    0x0800e728   0x0800e728   0x0000003c   Code   RO         6831    i.prvCheckTasksWaitingTermination  tasks.o
    0x0800e764   0x0800e764   0x00000028   Code   RO         6485    i.prvCopyDataFromQueue  queue.o
    0x0800e78c   0x0800e78c   0x0000006e   Code   RO         6486    i.prvCopyDataToQueue  queue.o
    0x0800e7fa   0x0800e7fa   0x00000040   Code   RO         6832    i.prvDeleteTCB      tasks.o
    0x0800e83a   0x0800e83a   0x00000002   PAD
    0x0800e83c   0x0800e83c   0x00000024   Code   RO         7179    i.prvGetNextExpireTime  timers.o
    0x0800e860   0x0800e860   0x0000004c   Code   RO         7710    i.prvHeapInit       heap_4.o
    0x0800e8ac   0x0800e8ac   0x00000028   Code   RO         6833    i.prvIdleTask       tasks.o
    0x0800e8d4   0x0800e8d4   0x00000018   Code   RO         6489    i.prvInitialiseNewQueue  queue.o
    0x0800e8ec   0x0800e8ec   0x0000009e   Code   RO         6834    i.prvInitialiseNewTask  tasks.o
    0x0800e98a   0x0800e98a   0x00000002   PAD
    0x0800e98c   0x0800e98c   0x00000058   Code   RO         6835    i.prvInitialiseTaskLists  tasks.o
    0x0800e9e4   0x0800e9e4   0x00000054   Code   RO         7711    i.prvInsertBlockIntoFreeList  heap_4.o
    0x0800ea38   0x0800ea38   0x00000040   Code   RO         7181    i.prvInsertTimerInActiveList  timers.o
    0x0800ea78   0x0800ea78   0x0000001a   Code   RO         6490    i.prvIsQueueEmpty   queue.o
    0x0800ea92   0x0800ea92   0x0000001e   Code   RO         6491    i.prvIsQueueFull    queue.o
    0x0800eab0   0x0800eab0   0x0000005c   Code   RO         7182    i.prvProcessExpiredTimer  timers.o
    0x0800eb0c   0x0800eb0c   0x000000cc   Code   RO         7183    i.prvProcessReceivedCommands  timers.o
    0x0800ebd8   0x0800ebd8   0x0000006c   Code   RO         7184    i.prvProcessTimerOrBlockTask  timers.o
    0x0800ec44   0x0800ec44   0x00000024   Code   RO         6836    i.prvResetNextTaskUnblockTime  tasks.o
    0x0800ec68   0x0800ec68   0x0000002c   Code   RO         7185    i.prvSampleTimeNow  timers.o
    0x0800ec94   0x0800ec94   0x0000005a   Code   RO         6837    i.prvSearchForNameWithinSingleList  tasks.o
    0x0800ecee   0x0800ecee   0x00000002   PAD
    0x0800ecf0   0x0800ecf0   0x0000006c   Code   RO         7186    i.prvSwitchTimerLists  timers.o
    0x0800ed5c   0x0800ed5c   0x00000014   Code   RO         6838    i.prvTaskCheckFreeStackSpace  tasks.o
    0x0800ed70   0x0800ed70   0x0000002c   Code   RO         7760    i.prvTaskExitError  port.o
    0x0800ed9c   0x0800ed9c   0x00000014   Code   RO         7187    i.prvTimerTask      timers.o
    0x0800edb0   0x0800edb0   0x0000006a   Code   RO         6492    i.prvUnlockQueue    queue.o
    0x0800ee1a   0x0800ee1a   0x00000002   PAD
    0x0800ee1c   0x0800ee1c   0x000000d4   Code   RO         7712    i.pvPortMalloc      heap_4.o
    0x0800eef0   0x0800eef0   0x00000024   Code   RO         7761    i.pxPortInitialiseStack  port.o
    0x0800ef14   0x0800ef14   0x00000084   Code   RO        11398    i.quat_normalization  AHRS.lib(ahrs.o)
    0x0800ef98   0x0800ef98   0x00000050   Code   RO        10936    i.ramp_calc         user_lib.o
    0x0800efe8   0x0800efe8   0x0000001a   Code   RO        10937    i.ramp_init         user_lib.o
    0x0800f002   0x0800f002   0x00000002   PAD
    0x0800f004   0x0800f004   0x0000012c   Code   RO         9792    i.referee_data_solve  referee.o
    0x0800f130   0x0800f130   0x0000012c   Code   RO         9855    i.referee_unpack_fifo_data  referee_usart_task.o
    0x0800f25c   0x0800f25c   0x00000034   Code   RO         9856    i.referee_usart_task  referee_usart_task.o
    0x0800f290   0x0800f290   0x00000010   Code   RO         9901    i.remote_control_init  remote_control.o
    0x0800f2a0   0x0800f2a0   0x000000b4   Code   RO         9902    i.sbus_to_rc        remote_control.o
    0x0800f354   0x0800f354   0x00000044   Code   RO         9903    i.sbus_to_usart1    remote_control.o
    0x0800f398   0x0800f398   0x00000030   Code   RO         8930    i.servo_pwm_set     bsp_servo_pwm.o
    0x0800f3c8   0x0800f3c8   0x0000007c   Code   RO        10181    i.servo_task        servo_task.o
    0x0800f444   0x0800f444   0x00000020   Code   RO         9513    i.set_cali_gimbal_hook  gimbal_task.o
    0x0800f464   0x0800f464   0x0000009c   Code   RO         9972    i.shoot_bullet_control  shoot.o
    0x0800f500   0x0800f500   0x00000164   Code   RO         9973    i.shoot_control_loop  shoot.o
    0x0800f664   0x0800f664   0x00000184   Code   RO         9974    i.shoot_feedback_update  shoot.o
    0x0800f7e8   0x0800f7e8   0x000000d0   Code   RO         9975    i.shoot_init        shoot.o
    0x0800f8b8   0x0800f8b8   0x00000184   Code   RO         9976    i.shoot_set_mode    shoot.o
    0x0800fa3c   0x0800fa3c   0x0000003e   Code   RO        11689    i.sqrtf             m_wm.l(sqrtf_full.o)
    0x0800fa7a   0x0800fa7a   0x00000002   PAD
    0x0800fa7c   0x0800fa7c   0x00000060   Code   RO        10029    i.test_task         test_task.o
    0x0800fadc   0x0800fadc   0x00000018   Code   RO         9358    i.toe_is_error      detect_task.o
    0x0800faf4   0x0800faf4   0x00000088   Code   RO         9977    i.trigger_motor_turn_back  shoot.o
    0x0800fb7c   0x0800fb7c   0x00000068   Code   RO         6841    i.ulTaskNotifyTake  tasks.o
    0x0800fbe4   0x0800fbe4   0x0000007a   Code   RO        11399    i.update_w          AHRS.lib(ahrs.o)
    0x0800fc5e   0x0800fc5e   0x00000002   PAD
    0x0800fc60   0x0800fc60   0x00000074   Code   RO         8887    i.usart1_tx_dma_enable  bsp_usart.o
    0x0800fcd4   0x0800fcd4   0x00000014   Code   RO        10213    i.usart1_vision_init  vision.o
    0x0800fce8   0x0800fce8   0x000000d4   Code   RO         8889    i.usart6_init       bsp_usart.o
    0x0800fdbc   0x0800fdbc   0x0000002c   Code   RO        10063    i.usb_printf        usb_task.o
    0x0800fde8   0x0800fde8   0x000000f4   Code   RO        10064    i.usb_task          usb_task.o
    0x0800fedc   0x0800fedc   0x00000026   Code   RO         6445    i.uxListRemove      list.o
    0x0800ff02   0x0800ff02   0x00000002   PAD
    0x0800ff04   0x0800ff04   0x00000014   Code   RO         6843    i.uxTaskGetStackHighWaterMark  tasks.o
    0x0800ff18   0x0800ff18   0x00000014   Code   RO          541    i.vApplicationGetIdleTaskMemory  freertos.o
    0x0800ff2c   0x0800ff2c   0x00000018   Code   RO          542    i.vApplicationGetTimerTaskMemory  freertos.o
    0x0800ff44   0x0800ff44   0x00000016   Code   RO         6446    i.vListInitialise   list.o
    0x0800ff5a   0x0800ff5a   0x00000006   Code   RO         6447    i.vListInitialiseItem  list.o
    0x0800ff60   0x0800ff60   0x00000030   Code   RO         6448    i.vListInsert       list.o
    0x0800ff90   0x0800ff90   0x00000018   Code   RO         6449    i.vListInsertEnd    list.o
    0x0800ffa8   0x0800ffa8   0x00000040   Code   RO         7763    i.vPortEnterCritical  port.o
    0x0800ffe8   0x0800ffe8   0x0000002c   Code   RO         7764    i.vPortExitCritical  port.o
    0x08010014   0x08010014   0x0000005c   Code   RO         7713    i.vPortFree         heap_4.o
    0x08010070   0x08010070   0x00000024   Code   RO         7765    i.vPortSetupTimerInterrupt  port.o
    0x08010094   0x08010094   0x00000054   Code   RO         7766    i.vPortValidateInterruptPriority  port.o
    0x080100e8   0x080100e8   0x00000024   Code   RO         6496    i.vQueueAddToRegistry  queue.o
    0x0801010c   0x0801010c   0x00000046   Code   RO         6499    i.vQueueWaitForMessageRestricted  queue.o
    0x08010152   0x08010152   0x00000002   PAD
    0x08010154   0x08010154   0x00000050   Code   RO         6847    i.vTaskDelay        tasks.o
    0x080101a4   0x080101a4   0x00000010   Code   RO         6851    i.vTaskInternalSetTimeOutState  tasks.o
    0x080101b4   0x080101b4   0x0000000c   Code   RO         6852    i.vTaskMissedYield  tasks.o
    0x080101c0   0x080101c0   0x000000bc   Code   RO         6853    i.vTaskNotifyGiveFromISR  tasks.o
    0x0801027c   0x0801027c   0x00000034   Code   RO         6854    i.vTaskPlaceOnEventList  tasks.o
    0x080102b0   0x080102b0   0x0000003c   Code   RO         6855    i.vTaskPlaceOnEventListRestricted  tasks.o
    0x080102ec   0x080102ec   0x00000090   Code   RO         6862    i.vTaskStartScheduler  tasks.o
    0x0801037c   0x0801037c   0x00000010   Code   RO         6864    i.vTaskSuspendAll   tasks.o
    0x0801038c   0x0801038c   0x00000060   Code   RO         6865    i.vTaskSwitchContext  tasks.o
    0x080103ec   0x080103ec   0x00000040   Code   RO        11027    i.verify_CRC16_check_sum  crc8_crc16.o
    0x0801042c   0x0801042c   0x0000002e   Code   RO        11028    i.verify_CRC8_check_sum  crc8_crc16.o
    0x0801045a   0x0801045a   0x00000002   PAD
    0x0801045c   0x0801045c   0x000000f4   Code   RO         7767    i.xPortStartScheduler  port.o
    0x08010550   0x08010550   0x0000002c   Code   RO         7768    i.xPortSysTickHandler  port.o
    0x0801057c   0x0801057c   0x0000006c   Code   RO         6503    i.xQueueGenericCreateStatic  queue.o
    0x080105e8   0x080105e8   0x0000008c   Code   RO         6504    i.xQueueGenericReset  queue.o
    0x08010674   0x08010674   0x00000164   Code   RO         6505    i.xQueueGenericSend  queue.o
    0x080107d8   0x080107d8   0x000000be   Code   RO         6506    i.xQueueGenericSendFromISR  queue.o
    0x08010896   0x08010896   0x00000002   PAD
    0x08010898   0x08010898   0x0000013c   Code   RO         6514    i.xQueueReceive     queue.o
    0x080109d4   0x080109d4   0x00000090   Code   RO         6867    i.xTaskCheckForTimeOut  tasks.o
    0x08010a64   0x08010a64   0x00000064   Code   RO         6868    i.xTaskCreate       tasks.o
    0x08010ac8   0x08010ac8   0x0000005c   Code   RO         6869    i.xTaskCreateStatic  tasks.o
    0x08010b24   0x08010b24   0x00000088   Code   RO         6873    i.xTaskGetHandle    tasks.o
    0x08010bac   0x08010bac   0x0000001c   Code   RO         6874    i.xTaskGetSchedulerState  tasks.o
    0x08010bc8   0x08010bc8   0x0000000c   Code   RO         6875    i.xTaskGetTickCount  tasks.o
    0x08010bd4   0x08010bd4   0x000000cc   Code   RO         6877    i.xTaskIncrementTick  tasks.o
    0x08010ca0   0x08010ca0   0x00000098   Code   RO         6880    i.xTaskPriorityDisinherit  tasks.o
    0x08010d38   0x08010d38   0x0000007c   Code   RO         6882    i.xTaskRemoveFromEventList  tasks.o
    0x08010db4   0x08010db4   0x000000cc   Code   RO         6883    i.xTaskResumeAll    tasks.o
    0x08010e80   0x08010e80   0x00000068   Code   RO         7192    i.xTimerCreateTimerTask  timers.o
    0x08010ee8   0x08010ee8   0x0000006c   Code   RO         7193    i.xTimerGenericCommand  timers.o
    0x08010f54   0x08010f54   0x00000150   Data   RO          544    .constdata          freertos.o
    0x080110a4   0x080110a4   0x00000008   Data   RO         5651    .constdata          stm32f4xx_hal_dma.o
    0x080110ac   0x080110ac   0x00000010   Data   RO         6308    .constdata          system_stm32f4xx.o
    0x080110bc   0x080110bc   0x00000008   Data   RO         6309    .constdata          system_stm32f4xx.o
    0x080110c4   0x080110c4   0x0000000f   Data   RO         8970    .constdata          calibrate_task.o
    0x080110d3   0x080110d3   0x00000001   PAD
    0x080110d4   0x080110d4   0x00000020   Data   RO         9297    .constdata          chassis_task.o
    0x080110f4   0x080110f4   0x00000054   Data   RO         9360    .constdata          detect_task.o
    0x08011148   0x08011148   0x00000018   Data   RO         9515    .constdata          gimbal_task.o
    0x08011160   0x08011160   0x0000000c   Data   RO         9647    .constdata          ins_task.o
    0x0801116c   0x0801116c   0x00000018   Data   RO         9751    .constdata          oled_task.o
    0x08011184   0x08011184   0x00000018   Data   RO         9752    .constdata          oled_task.o
    0x0801119c   0x0801119c   0x00000018   Data   RO         9753    .constdata          oled_task.o
    0x080111b4   0x080111b4   0x00000030   Data   RO         9754    .constdata          oled_task.o
    0x080111e4   0x080111e4   0x0000000c   Data   RO         9979    .constdata          shoot.o
    0x080111f0   0x080111f0   0x0000000e   Data   RO        10066    .constdata          usb_task.o
    0x080111fe   0x080111fe   0x00000008   Data   RO        10182    .constdata          servo_task.o
    0x08011206   0x08011206   0x00000002   PAD
    0x08011208   0x08011208   0x00000018   Data   RO        10270    .constdata          auto_aim.o
    0x08011220   0x08011220   0x00000874   Data   RO        10332    .constdata          oled.o
    0x08011a94   0x08011a94   0x00000012   Data   RO        10458    .constdata          bmi088driver.o
    0x08011aa6   0x08011aa6   0x0000000c   Data   RO        10649    .constdata          ist8310driver.o
    0x08011ab2   0x08011ab2   0x00000300   Data   RO        11030    .constdata          crc8_crc16.o
    0x08011db2   0x08011db2   0x00000002   PAD
    0x08011db4   0x08011db4   0x0000000c   Data   RO        11400    .constdata          AHRS.lib(ahrs.o)
    0x08011dc0   0x08011dc0   0x00000804   Data   RO        11610    .constdata          arm_cortexM4lf_math.lib(arm_common_tables.o)
    0x080125c4   0x080125c4   0x00000069   Data   RO          545    .conststring        freertos.o
    0x0801262d   0x0801262d   0x00000003   PAD
    0x08012630   0x08012630   0x00000122   Data   RO        10067    .conststring        usb_task.o
    0x08012752   0x08012752   0x00000002   PAD
    0x08012754   0x08012754   0x00000020   Data   RO        11850    Region$$Table       anon$$obj.o


    Execution Region RW_IRAM1 (Exec base: 0x20000000, Load base: 0x08012774, Size: 0x0000e750, Max: 0x00020000, ABSOLUTE, COMPRESSED[0x00000178])

    Exec Addr    Load Addr    Size         Type   Attr      Idx    E Section Name        Object

    0x20000000   COMPRESSED   0x00000004   Data   RW          429    .data               can.o
    0x20000004   COMPRESSED   0x00000008   Data   RW          476    .data               crc.o
    0x2000000c   COMPRESSED   0x00000030   Data   RW          546    .data               freertos.o
    0x2000003c   COMPRESSED   0x0000001c   Data   RW         1169    .data               usbd_desc.o
    0x20000058   COMPRESSED   0x00000032   Data   RW         1170    .data               usbd_desc.o
    0x2000008a   COMPRESSED   0x00000002   PAD
    0x2000008c   COMPRESSED   0x00000010   Data   RW         1256    .data               usbd_cdc_if.o
    0x2000009c   COMPRESSED   0x0000000c   Data   RW         6078    .data               stm32f4xx_hal.o
    0x200000a8   COMPRESSED   0x00000004   Data   RW         6310    .data               system_stm32f4xx.o
    0x200000ac   COMPRESSED   0x0000003c   Data   RW         6886    .data               tasks.o
    0x200000e8   COMPRESSED   0x00000014   Data   RW         7201    .data               timers.o
    0x200000fc   COMPRESSED   0x00000018   Data   RW         7718    .data               heap_4.o
    0x20000114   COMPRESSED   0x0000000c   Data   RW         7769    .data               port.o
    0x20000120   COMPRESSED   0x00000001   Data   RW         7991    .data               usbd_ctlreq.o
    0x20000121   COMPRESSED   0x00000003   PAD
    0x20000124   COMPRESSED   0x000000d7   Data   RW         8147    .data               usbd_cdc.o
    0x200001fb   COMPRESSED   0x00000001   PAD
    0x200001fc   COMPRESSED   0x00000038   Data   RW         8148    .data               usbd_cdc.o
    0x20000234   COMPRESSED   0x00000004   Data   RW         8244    .data               bsp_adc.o
    0x20000238   COMPRESSED   0x00000008   Data   RW         8488    .data               bsp_delay.o
    0x20000240   COMPRESSED   0x00000010   Data   RW         8529    .data               bsp_flash.o
    0x20000250   COMPRESSED   0x00000008   Data   RW         8753    .data               bsp_led.o
    0x20000258   COMPRESSED   0x00000054   Data   RW         8971    .data               calibrate_task.o
    0x200002ac   COMPRESSED   0x00000011   Data   RW         9079    .data               can_receive.o
    0x200002bd   COMPRESSED   0x00000003   PAD
    0x200002c0   COMPRESSED   0x0000000c   Data   RW         9168    .data               chassis_behaviour.o
    0x200002cc   COMPRESSED   0x00000008   Data   RW         9298    .data               chassis_task.o
    0x200002d4   COMPRESSED   0x0000000c   Data   RW         9361    .data               detect_task.o
    0x200002e0   COMPRESSED   0x00000018   Data   RW         9409    .data               gimbal_behaviour.o
    0x200002f8   COMPRESSED   0x00000014   Data   RW         9516    .data               gimbal_task.o
    0x2000030c   COMPRESSED   0x000000a0   Data   RW         9649    .data               ins_task.o
    0x200003ac   COMPRESSED   0x00000018   Data   RW         9755    .data               oled_task.o
    0x200003c4   COMPRESSED   0x00000026   Data   RW         9794    .data               referee.o
    0x200003ea   COMPRESSED   0x00000002   Data   RW         9858    .data               referee_usart_task.o
    0x200003ec   COMPRESSED   0x00000004   Data   RW         9907    .data               remote_control.o
    0x200003f0   COMPRESSED   0x00000010   Data   RW         9981    .data               shoot.o
    0x20000400   COMPRESSED   0x0000000c   Data   RW        10030    .data               test_task.o
    0x2000040c   COMPRESSED   0x00000008   Data   RW        10068    .data               usb_task.o
    0x20000414   COMPRESSED   0x00000008   Data   RW        10119    .data               voltage_task.o
    0x2000041c   COMPRESSED   0x0000001c   Data   RW        10155    .data               led_flow_task.o
    0x20000438   COMPRESSED   0x0000000c   Data   RW        10183    .data               servo_task.o
    0x20000444   COMPRESSED   0x00000003   Data   RW        10216    .data               vision.o
    0x20000447   COMPRESSED   0x00000001   PAD
    0x20000448   COMPRESSED   0x00000008   Data   RW        10271    .data               auto_aim.o
    0x20000450   COMPRESSED   0x00000008   Data   RW        10333    .data               oled.o
    0x20000458   COMPRESSED   0x0000002c   Data   RW        10459    .data               bmi088driver.o
    0x20000484   COMPRESSED   0x00000002   Data   RW        11031    .data               crc8_crc16.o
    0x20000486   COMPRESSED   0x00000002   PAD
    0x20000488   COMPRESSED   0x00000010   Data   RW        11401    .data               AHRS.lib(ahrs.o)
    0x20000498   COMPRESSED   0x00000004   Data   RW        11828    .data               mc_w.l(mvars.o)
    0x2000049c   COMPRESSED   0x00000004   Data   RW        11829    .data               mc_w.l(mvars.o)
    0x200004a0   COMPRESSED   0x00000004   Data   RW        11833    .data               mc_w.l(errno.o)
    0x200004a4        -       0x00000090   Zero   RW          380    .bss                adc.o
    0x20000534        -       0x00000050   Zero   RW          428    .bss                can.o
    0x20000584        -       0x000006a8   Zero   RW          543    .bss                freertos.o
    0x20000c2c        -       0x0000015c   Zero   RW          603    .bss                i2c.o
    0x20000d88        -       0x00000010   Zero   RW          655    .bss                rng.o
    0x20000d98        -       0x00000020   Zero   RW          697    .bss                rtc.o
    0x20000db8        -       0x00000170   Zero   RW          740    .bss                spi.o
    0x20000f28        -       0x00000180   Zero   RW          793    .bss                tim.o
    0x200010a8        -       0x00000240   Zero   RW          867    .bss                usart.o
    0x200012e8        -       0x0000029c   Zero   RW          917    .bss                usb_device.o
    0x20001584        -       0x00000408   Zero   RW          993    .bss                usbd_conf.o
    0x2000198c        -       0x00000200   Zero   RW         1168    .bss                usbd_desc.o
    0x20001b8c        -       0x00001000   Zero   RW         1255    .bss                usbd_cdc_if.o
    0x20002b8c        -       0x00000020   Zero   RW         5305    .bss                stm32f4xx_hal_flash.o
    0x20002bac        -       0x00000040   Zero   RW         6517    .bss                queue.o
    0x20002bec        -       0x000000f0   Zero   RW         6885    .bss                tasks.o
    0x20002cdc        -       0x00000110   Zero   RW         7200    .bss                timers.o
    0x20002dec        -       0x00006000   Zero   RW         7717    .bss                heap_4.o
    0x20008dec        -       0x00000010   Zero   RW         8243    .bss                bsp_adc.o
    0x20008dfc        -       0x00000014   Zero   RW         8965    .bss                calibrate_task.o
    0x20008e10        -       0x00000018   Zero   RW         8966    .bss                calibrate_task.o
    0x20008e28        -       0x00000018   Zero   RW         8967    .bss                calibrate_task.o
    0x20008e40        -       0x00000018   Zero   RW         8968    .bss                calibrate_task.o
    0x20008e58        -       0x000000b9   Zero   RW         8969    .bss                calibrate_task.o
    0x20008f11   COMPRESSED   0x00000003   PAD
    0x20008f14        -       0x00000078   Zero   RW         9078    .bss                can_receive.o
    0x20008f8c        -       0x0000027c   Zero   RW         9296    .bss                chassis_task.o
    0x20009208        -       0x0000021c   Zero   RW         9359    .bss                detect_task.o
    0x20009424        -       0x000001ec   Zero   RW         9514    .bss                gimbal_task.o
    0x20009610        -       0x0000011c   Zero   RW         9644    .bss                ins_task.o
    0x2000972c        -       0x00000055   Zero   RW         9793    .bss                referee.o
    0x20009781   COMPRESSED   0x00000003   PAD
    0x20009784        -       0x000008a1   Zero   RW         9857    .bss                referee_usart_task.o
    0x2000a025        -       0x00000072   Zero   RW         9906    .bss                remote_control.o
    0x2000a097   COMPRESSED   0x00000001   PAD
    0x2000a098        -       0x000000b0   Zero   RW         9978    .bss                shoot.o
    0x2000a148        -       0x00000100   Zero   RW        10065    .bss                usb_task.o
    0x2000a248        -       0x00000060   Zero   RW        10214    .bss                vision.o
    0x2000a2a8        -       0x00000090   Zero   RW        10269    .bss                auto_aim.o
    0x2000a338        -       0x00000417   Zero   RW        10331    .bss                oled.o
    0x2000a74f   COMPRESSED   0x00000001   PAD
    0x2000a750        -       0x00002000   Zero   RW            2    HEAP                startup_stm32f407xx.o
    0x2000c750        -       0x00002000   Zero   RW            1    STACK               startup_stm32f407xx.o


==============================================================================

Image component sizes


      Code (inc. data)   RO Data    RW Data    ZI Data      Debug   Object Name

       324         40          0          0        144       2430   adc.o
        70          6          0          0          0       5284   ahrs_middleware.o
       104         22         24          8        144       2881   auto_aim.o
      2144         36         18         44          0      11263   bmi088driver.o
       108         28          0          0          0       4848   bmi088middleware.o
       240         50          0          4         16     629644   bsp_adc.o
        36         12          0          0          0       1037   bsp_buzzer.o
        88          8          0          0          0        610   bsp_can.o
        96         20          0          8          0       1356   bsp_delay.o
       574         96          0         16          0       4405   bsp_flash.o
        24          8          0          0          0       1022   bsp_fric.o
       930         98          0          0          0       6445   bsp_i2c.o
        12          4          0          0          0        522   bsp_imu_pwm.o
        32         10          0          0          0        959   bsp_laser.o
        60          8          0          8          0        636   bsp_led.o
       188         28          0          0          0       2103   bsp_rc.o
        48          8          0          0          0        632   bsp_servo_pwm.o
       496         44          0          0          0       1550   bsp_spi.o
       328         40          0          0          0       1926   bsp_usart.o
      1326         66         15         84        277      18070   calibrate_task.o
       392         42          0          4         80       2578   can.o
       368         60          0         17        120       7956   can_receive.o
       626         56          0         12          0      15993   chassis_behaviour.o
       352         52          0          0          0       1916   chassis_power_control.o
      2018        126         32          8        636       8545   chassis_task.o
       146          0          0          0          0      22886   cmsis_os.o
        76         18          0          8          0       1591   crc.o
       186         12        768          2          0       3957   crc8_crc16.o
       540         40         84         12        540       3997   detect_task.o
       156          4          0          0          0        886   dma.o
         0          0          0          0          0      17924   event_groups.o
       204          0          0          0          0       8755   fifo.o
       328         24        441         48       1704       4085   freertos.o
      1608        150          0         24          0      10180   gimbal_behaviour.o
      2450        120         24         20        492      18740   gimbal_task.o
       460         28          0          0          0       1295   gpio.o
       464         22          0         24      24576       5059   heap_4.o
       580         82          0          0        348       3296   i2c.o
      1812        142         12        160        284      13008   ins_task.o
       124          4         12          0          0       1575   ist8310driver.o
       112         22          0          0          0       4055   ist8310driver_middleware.o
       280         10          0         28          0       1993   led_flow_task.o
       138          0          0          0          0       3726   list.o
       312         14          0          0          0     797296   main.o
       960         62       2164          8       1047      11279   oled.o
       464         22        120         24          0       3042   oled_task.o
       508         16          0          0          0       2570   pid.o
       786         84          0         12          0      12261   port.o
      1552         20          0          0         64      15384   queue.o
       472         36          0         38         85       9535   referee.o
       548         46          0          2       2209       4284   referee_usart_task.o
       496         44          0          4        114       4084   remote_control.o
        76         18          0          0         16       1591   rng.o
        80         18          0          0         32       1543   rtc.o
       124          8          8         12          0       1758   servo_task.o
      1632        162         12         16        176       5594   shoot.o
       492         44          0          0        368       2708   spi.o
        36          8        392          0      16384        860   startup_stm32f407xx.o
       184         28          0         12          0       4753   stm32f4xx_hal.o
      1160         50          0          0          0       5346   stm32f4xx_hal_adc.o
      1768          6          0          0          0      15167   stm32f4xx_hal_can.o
       198         14          0          0          0      34203   stm32f4xx_hal_cortex.o
        40          0          0          0          0       1111   stm32f4xx_hal_crc.o
       840         14          8          0          0       4448   stm32f4xx_hal_dma.o
       520         66          0          0         32       6354   stm32f4xx_hal_flash.o
       364         24          0          0          0       3470   stm32f4xx_hal_flash_ex.o
       504         52          0          0          0       3938   stm32f4xx_hal_gpio.o
      2932         64          0          0          0      14888   stm32f4xx_hal_i2c.o
        56          4          0          0          0        882   stm32f4xx_hal_msp.o
      2342         20          0          0          0      13781   stm32f4xx_hal_pcd.o
        76          0          0          0          0       2605   stm32f4xx_hal_pcd_ex.o
      1420         72          0          0          0       6380   stm32f4xx_hal_rcc.o
       328         22          0          0          0       1548   stm32f4xx_hal_rcc_ex.o
        52          0          0          0          0       1139   stm32f4xx_hal_rng.o
       292          4          0          0          0       2816   stm32f4xx_hal_rtc.o
       852         10          0          0          0       4697   stm32f4xx_hal_spi.o
      1414         90          0          0          0      13775   stm32f4xx_hal_tim.o
       150          0          0          0          0       2244   stm32f4xx_hal_tim_ex.o
       888          8          0          0          0       1932   stm32f4xx_hal_uart.o
       122         36          0          0          0       8307   stm32f4xx_it.o
      2596        140          0          0          0      24118   stm32f4xx_ll_usb.o
         0          0          0          0          0        392   stream_buffer.o
        84         18         24          4          0       1231   system_stm32f4xx.o
      2832        206          0         60        240      32177   tasks.o
       180         10          0         12          0       2248   test_task.o
      1792        144          0          0        384       7023   tim.o
       976         86          0         20        272      27835   timers.o
       768         80          0          0        576       3676   usart.o
        84         18          0          0        668       2587   usb_device.o
       288         20        304          8        256       2658   usb_task.o
       830         16          0        271          0      14174   usbd_cdc.o
       116         20          0         16       4096       3608   usbd_cdc_if.o
       648         18          0          0       1032      15640   usbd_conf.o
       726          0          0          0          0      13445   usbd_core.o
      1616         30          0          1          0      12056   usbd_ctlreq.o
       358        112          0         78        512       6917   usbd_desc.o
       132          0          0          0          0       4700   usbd_ioreq.o
       344          0          0          0          0       5255   user_lib.o
       200         24          0          3         96       4392   vision.o
       284         64          0          8          0       2349   voltage_task.o

    ----------------------------------------------------------------------
     60642       3838       4504       1160      58028    2075673   Object Totals
         0          0         32          0          0          0   (incl. Generated)
       100          0         10         12          8          0   (incl. Padding)

    ----------------------------------------------------------------------

      Code (inc. data)   RO Data    RW Data    ZI Data      Debug   Library Member Name

      2718         84         12         16          0       9922   ahrs.o
         0          0       2052          0          0       4636   arm_common_tables.o
       120         12          0          0          0      16970   arm_cos_f32.o
       116         12          0          0          0        658   arm_sin_f32.o
       300         42          0          0          0        176   asinf.o
       684         90          0          0          0        208   atan2f.o
        20          0          0          0          0        124   fabs.o
        38          0          0          0          0        116   fpclassifyf.o
        44         12          0          0          0        464   funder.o
       120          0          0          0          0        272   sqrtf_full.o
        86          0          0          0          0          0   __dczerorl2.o
         0          0          0          0          0          0   entry.o
         0          0          0          0          0          0   entry10a.o
         0          0          0          0          0          0   entry11a.o
         4          0          0          0          0          0   entry12b.o
         8          4          0          0          0          0   entry2.o
         4          0          0          0          0          0   entry5.o
         0          0          0          0          0          0   entry7b.o
         0          0          0          0          0          0   entry8b.o
         8          4          0          0          0          0   entry9a.o
        12          6          0          4          0         68   errno.o
        30          0          0          0          0          0   handlers.o
        36          8          0          0          0         68   init.o
         0          0          0          0          0          0   iusefp.o
        30          0          0          0          0         68   llshl.o
        36          0          0          0          0         68   llsshr.o
        32          0          0          0          0         68   llushr.o
       188         20          0          0          0        160   malloc.o
        36          0          0          0          0         68   memcpya.o
        36          0          0          0          0        108   memseta.o
         0          0          0          8          0          0   mvars.o
      2232         86          0          0          0        528   printfa.o
        14          0          0          0          0         68   strlen.o
        44          0          0          0          0         80   uidiv.o
        98          0          0          0          0         92   uldiv.o
        48          0          0          0          0         68   cdcmple.o
        48          0          0          0          0         68   cdrcmple.o
        56          0          0          0          0         88   d2f.o
       334          0          0          0          0        148   dadd.o
       222          0          0          0          0        100   ddiv.o
       186          0          0          0          0        176   depilogue.o
        48          0          0          0          0         68   dfixul.o
       228          0          0          0          0         96   dmul.o
        38          0          0          0          0         68   f2d.o
       110          0          0          0          0        168   fepilogue.o

    ----------------------------------------------------------------------
      8426        380       2064         28          0      36038   Library Totals
        14          0          0          0          0          0   (incl. Padding)

    ----------------------------------------------------------------------

      Code (inc. data)   RO Data    RW Data    ZI Data      Debug   Library Name

      2718         84         12         16          0       9922   AHRS.lib
       236         24       2052          0          0      22264   arm_cortexM4lf_math.lib
      1206        144          0          0          0       1360   m_wm.l
      2934        128          0         12          0       1444   mc_w.l
      1318          0          0          0          0       1048   mf_w.l

    ----------------------------------------------------------------------
      8426        380       2064         28          0      36038   Library Totals

    ----------------------------------------------------------------------

==============================================================================


      Code (inc. data)   RO Data    RW Data    ZI Data      Debug   

     69068       4218       6568       1188      58028    2049695   Grand Totals
     69068       4218       6568        376      58028    2049695   ELF Image Totals (compressed)
     69068       4218       6568        376          0          0   ROM Totals

==============================================================================

    Total RO  Size (Code + RO Data)                75636 (  73.86kB)
    Total RW  Size (RW Data + ZI Data)             59216 (  57.83kB)
    Total ROM Size (Code + RO Data + RW Data)      76012 (  74.23kB)

==============================================================================

